Archive member included to satisfy reference by file (symbol)

/usr/lib/gcc/arm-none-eabi/9.2.1/thumb/v6-m/nofp/libgcc.a(_dvmd_tls.o)
                              CMakeFiles/org2-top-slot-breakout.dir/tree/downloaded_tools/pico/pico-sdk/src/rp2_common/pico_divider/divider.S.obj (__aeabi_idiv0)
/usr/lib/gcc/arm-none-eabi/9.2.1/../../../arm-none-eabi/lib/thumb/v6-m/nofp/libg.a(lib_a-atexit.o)
                              /usr/lib/gcc/arm-none-eabi/9.2.1/../../../arm-none-eabi/lib/thumb/v6-m/nofp/crt0.o (atexit)
/usr/lib/gcc/arm-none-eabi/9.2.1/../../../arm-none-eabi/lib/thumb/v6-m/nofp/libg.a(lib_a-calloc.o)
                              CMakeFiles/org2-top-slot-breakout.dir/tree/downloaded_tools/pico/pico-sdk/src/rp2_common/pico_malloc/pico_malloc.c.obj (calloc)
/usr/lib/gcc/arm-none-eabi/9.2.1/../../../arm-none-eabi/lib/thumb/v6-m/nofp/libg.a(lib_a-callocr.o)
                              /usr/lib/gcc/arm-none-eabi/9.2.1/../../../arm-none-eabi/lib/thumb/v6-m/nofp/libg.a(lib_a-calloc.o) (_calloc_r)
/usr/lib/gcc/arm-none-eabi/9.2.1/../../../arm-none-eabi/lib/thumb/v6-m/nofp/libg.a(lib_a-ctype_.o)
                              CMakeFiles/org2-top-slot-breakout.dir/tree/downloaded_tools/pico/pico-sdk/lib/tinyusb/src/tusb.c.obj (_ctype_)
/usr/lib/gcc/arm-none-eabi/9.2.1/../../../arm-none-eabi/lib/thumb/v6-m/nofp/libg.a(lib_a-errno.o)
                              CMakeFiles/org2-top-slot-breakout.dir/tree/downloaded_tools/pico/no-OS-FatFS-SD-SPI-RPi-Pico/FatFs_SPI/src/ff_stdio.c.obj (__errno)
/usr/lib/gcc/arm-none-eabi/9.2.1/../../../arm-none-eabi/lib/thumb/v6-m/nofp/libg.a(lib_a-fflush.o)
                              CMakeFiles/org2-top-slot-breakout.dir/tree/downloaded_tools/pico/no-OS-FatFS-SD-SPI-RPi-Pico/FatFs_SPI/sd_driver/demo_logging.c.obj (fflush)
/usr/lib/gcc/arm-none-eabi/9.2.1/../../../arm-none-eabi/lib/thumb/v6-m/nofp/libg.a(lib_a-findfp.o)
                              /usr/lib/gcc/arm-none-eabi/9.2.1/../../../arm-none-eabi/lib/thumb/v6-m/nofp/libg.a(lib_a-fflush.o) (__sinit)
/usr/lib/gcc/arm-none-eabi/9.2.1/../../../arm-none-eabi/lib/thumb/v6-m/nofp/libg.a(lib_a-fini.o)
                              /usr/lib/gcc/arm-none-eabi/9.2.1/../../../arm-none-eabi/lib/thumb/v6-m/nofp/crt0.o (__libc_fini_array)
/usr/lib/gcc/arm-none-eabi/9.2.1/../../../arm-none-eabi/lib/thumb/v6-m/nofp/libg.a(lib_a-freer.o)
                              /usr/lib/gcc/arm-none-eabi/9.2.1/../../../arm-none-eabi/lib/thumb/v6-m/nofp/libg.a(lib_a-fflush.o) (_free_r)
/usr/lib/gcc/arm-none-eabi/9.2.1/../../../arm-none-eabi/lib/thumb/v6-m/nofp/libg.a(lib_a-fwalk.o)
                              /usr/lib/gcc/arm-none-eabi/9.2.1/../../../arm-none-eabi/lib/thumb/v6-m/nofp/libg.a(lib_a-findfp.o) (_fwalk)
/usr/lib/gcc/arm-none-eabi/9.2.1/../../../arm-none-eabi/lib/thumb/v6-m/nofp/libg.a(lib_a-impure.o)
                              /usr/lib/gcc/arm-none-eabi/9.2.1/../../../arm-none-eabi/lib/thumb/v6-m/nofp/libg.a(lib_a-fflush.o) (_global_impure_ptr)
/usr/lib/gcc/arm-none-eabi/9.2.1/../../../arm-none-eabi/lib/thumb/v6-m/nofp/libg.a(lib_a-init.o)
                              /usr/lib/gcc/arm-none-eabi/9.2.1/../../../arm-none-eabi/lib/thumb/v6-m/nofp/crt0.o (__libc_init_array)
/usr/lib/gcc/arm-none-eabi/9.2.1/../../../arm-none-eabi/lib/thumb/v6-m/nofp/libg.a(lib_a-malloc.o)
                              CMakeFiles/org2-top-slot-breakout.dir/tree/downloaded_tools/pico/pico-sdk/src/rp2_common/pico_malloc/pico_malloc.c.obj (malloc)
/usr/lib/gcc/arm-none-eabi/9.2.1/../../../arm-none-eabi/lib/thumb/v6-m/nofp/libg.a(lib_a-mallocr.o)
                              /usr/lib/gcc/arm-none-eabi/9.2.1/../../../arm-none-eabi/lib/thumb/v6-m/nofp/libg.a(lib_a-callocr.o) (_malloc_r)
/usr/lib/gcc/arm-none-eabi/9.2.1/../../../arm-none-eabi/lib/thumb/v6-m/nofp/libg.a(lib_a-mktime.o)
                              CMakeFiles/org2-top-slot-breakout.dir/tree/downloaded_tools/pico/no-OS-FatFS-SD-SPI-RPi-Pico/FatFs_SPI/src/rtc.c.obj (mktime)
/usr/lib/gcc/arm-none-eabi/9.2.1/../../../arm-none-eabi/lib/thumb/v6-m/nofp/libg.a(lib_a-mlock.o)
                              /usr/lib/gcc/arm-none-eabi/9.2.1/../../../arm-none-eabi/lib/thumb/v6-m/nofp/libg.a(lib_a-freer.o) (__malloc_lock)
/usr/lib/gcc/arm-none-eabi/9.2.1/../../../arm-none-eabi/lib/thumb/v6-m/nofp/libg.a(lib_a-sbrkr.o)
                              /usr/lib/gcc/arm-none-eabi/9.2.1/../../../arm-none-eabi/lib/thumb/v6-m/nofp/libg.a(lib_a-freer.o) (_sbrk_r)
/usr/lib/gcc/arm-none-eabi/9.2.1/../../../arm-none-eabi/lib/thumb/v6-m/nofp/libg.a(lib_a-stdio.o)
                              /usr/lib/gcc/arm-none-eabi/9.2.1/../../../arm-none-eabi/lib/thumb/v6-m/nofp/libg.a(lib_a-findfp.o) (__sread)
/usr/lib/gcc/arm-none-eabi/9.2.1/../../../arm-none-eabi/lib/thumb/v6-m/nofp/libg.a(lib_a-strchr.o)
                              CMakeFiles/org2-top-slot-breakout.dir/tree/downloaded_tools/pico/no-OS-FatFS-SD-SPI-RPi-Pico/FatFs_SPI/src/ff_stdio.c.obj (strchr)
[...]
Memory Configuration

Name             Origin             Length             Attributes
FLASH            0x0000000010000000 0x0000000000200000 xr
RAM              0x0000000020000000 0x0000000000040000 xrw
SCRATCH_X        0x0000000020040000 0x0000000000001000 xrw
SCRATCH_Y        0x0000000020041000 0x0000000000001000 xrw
*default*        0x0000000000000000 0xffffffffffffffff

Linker script and memory map

LOAD /usr/lib/gcc/arm-none-eabi/9.2.1/thumb/v6-m/nofp/crti.o
LOAD /usr/lib/gcc/arm-none-eabi/9.2.1/thumb/v6-m/nofp/crtbegin.o
LOAD /usr/lib/gcc/arm-none-eabi/9.2.1/../../../arm-none-eabi/lib/thumb/v6-m/nofp/crt0.o

.flash_begin    0x0000000010000000        0x0
                0x0000000010000000                __flash_binary_start = .

.boot2          0x0000000010000000      0x100
                0x0000000010000000                __boot2_start__ = .
 *(.boot2)
 .boot2         0x0000000010000000      0x100 /tmp/ccYoXixS.o
                0x0000000010000100                __boot2_end__ = .
                0x0000000000000001                ASSERT (((__boot2_end__ - __boot2_start__) == 0x100), ERROR: Pico second stage bootloader must be 256 bytes in size)

.text           0x0000000010000100     0x81b8
                0x0000000010000100                __logical_binary_start = .
 *(.vectors)
 .vectors       0x0000000010000100       0xd4 CMakeFiles/org2-top-slot-breakout.dir/tree/downloaded_tools/pico/pico-sdk/src/rp2_common/pico_standard_link/crt0.S.obj
                0x0000000010000100                __vectors
                0x0000000010000100                __VECTOR_TABLE
                0x00000000100001c0                isr_invalid
                0x00000000100001c0                __default_isrs_start
                0x00000000100001c2                isr_nmi
                0x00000000100001c4                isr_hardfault
                0x00000000100001c6                isr_svcall
                0x00000000100001c8                isr_pendsv
                0x00000000100001ca                isr_systick
                0x00000000100001cc                isr_irq30
                0x00000000100001cc                __unhandled_user_irq
                0x00000000100001cc                isr_irq13
                0x00000000100001cc                isr_irq27
                0x00000000100001cc                isr_irq31
                0x00000000100001cc                isr_irq5
                0x00000000100001cc                isr_irq11
                0x00000000100001cc                isr_irq23
                0x00000000100001cc                isr_irq18
                0x00000000100001cc                isr_irq28
                0x00000000100001cc                isr_irq19
                0x00000000100001cc                isr_irq0
                0x00000000100001cc                isr_irq6
                0x00000000100001cc                isr_irq22
                0x00000000100001cc                isr_irq17
                0x00000000100001cc                isr_irq14
                0x00000000100001cc                isr_irq2
                0x00000000100001cc                isr_irq10
                0x00000000100001cc                isr_irq8
                0x00000000100001cc                isr_irq24
                0x00000000100001cc                isr_irq1
                0x00000000100001cc                isr_irq7
                0x00000000100001cc                isr_irq21
                0x00000000100001cc                isr_irq20
                0x00000000100001cc                isr_irq15
                0x00000000100001cc                isr_irq25
                0x00000000100001cc                isr_irq4
                0x00000000100001cc                isr_irq16
                0x00000000100001cc                isr_irq29
                0x00000000100001cc                isr_irq26
                0x00000000100001cc                __default_isrs_end
                0x00000000100001cc                isr_irq3
                0x00000000100001cc                isr_irq12
                0x00000000100001cc                isr_irq9
                0x00000000100001d2                unhandled_user_irq_num_in_r0
 *(.binary_info_header)
 .binary_info_header
                0x00000000100001d4       0x14 CMakeFiles/org2-top-slot-breakout.dir/tree/downloaded_tools/pico/pico-sdk/src/rp2_common/pico_standard_link/crt0.S.obj
                0x00000000100001e8                __binary_info_header_end = .
 *(.reset)
 .reset         0x00000000100001e8       0xa8 CMakeFiles/org2-top-slot-breakout.dir/tree/downloaded_tools/pico/pico-sdk/src/rp2_common/pico_standard_link/crt0.S.obj
                0x00000000100001e8                _entry_point
                0x0000000010000266                __get_current_exception
 .reset         0x0000000010000290       0x30 CMakeFiles/org2-top-slot-breakout.dir/tree/downloaded_tools/pico/pico-sdk/src/rp2_common/pico_standard_link/binary_info.c.obj
 *(.init)
 .init          0x00000000100002c0        0x4 /usr/lib/gcc/arm-none-eabi/9.2.1/thumb/v6-m/nofp/crti.o
                0x00000000100002c0                _init
 *(EXCLUDE_FILE(*libm.a: *libc.a:*lib_a-mem*.o *libgcc.a:) .text*)
 .text          0x00000000100002c4       0x98 /usr/lib/gcc/arm-none-eabi/9.2.1/thumb/v6-m/nofp/crtbegin.o
 .text.handle_address
                0x000000001000035c      0x4bc CMakeFiles/org2-top-slot-breakout.dir/org2-top-slot-breakout.c.obj
                0x000000001000035c                handle_address
 .text.i2c_release
                0x0000000010000818       0x16 CMakeFiles/org2-top-slot-breakout.dir/org2-top-slot-breakout.c.obj
                0x0000000010000818                i2c_release
 .text.i2c_delay
                0x000000001000082e        0xc CMakeFiles/org2-top-slot-breakout.dir/org2-top-slot-breakout.c.obj
                0x000000001000082e                i2c_delay
 .text.i2c_sda_low
                0x000000001000083a        0xe CMakeFiles/org2-top-slot-breakout.dir/org2-top-slot-breakout.c.obj
                0x000000001000083a                i2c_sda_low
 .text.i2c_sda_high
                0x0000000010000848        0xc CMakeFiles/org2-top-slot-breakout.dir/org2-top-slot-breakout.c.obj
                0x0000000010000848                i2c_sda_high
 .text.i2c_scl_low
                0x0000000010000854        0xe CMakeFiles/org2-top-slot-breakout.dir/org2-top-slot-breakout.c.obj
                0x0000000010000854                i2c_scl_low
 .text.i2c_scl_high
                0x0000000010000862        0xc CMakeFiles/org2-top-slot-breakout.dir/org2-top-slot-breakout.c.obj
                0x0000000010000862                i2c_scl_high
 .text.i2c_read_sda
                0x000000001000086e        0xe CMakeFiles/org2-top-slot-breakout.dir/org2-top-slot-breakout.c.obj
                0x000000001000086e                i2c_read_sda
 .text.i2c_start
                0x000000001000087c       0x1c CMakeFiles/org2-top-slot-breakout.dir/org2-top-slot-breakout.c.obj
                0x000000001000087c                i2c_start
 .text.i2c_stop
                0x0000000010000898       0x1c CMakeFiles/org2-top-slot-breakout.dir/org2-top-slot-breakout.c.obj
                0x0000000010000898                i2c_stop
 .text.i2c_send_byte
                0x00000000100008b4       0x7e CMakeFiles/org2-top-slot-breakout.dir/org2-top-slot-breakout.c.obj
                0x00000000100008b4                i2c_send_byte
 .text.i2c_init
                0x0000000010000932       0x10 CMakeFiles/org2-top-slot-breakout.dir/org2-top-slot-breakout.c.obj
                0x0000000010000932                i2c_init
 .text.oled_send_cmd
                0x0000000010000942       0x70 CMakeFiles/org2-top-slot-breakout.dir/org2-top-slot-breakout.c.obj
                0x0000000010000942                oled_send_cmd
 .text.oled_set_xy
                0x00000000100009b2       0x54 CMakeFiles/org2-top-slot-breakout.dir/org2-top-slot-breakout.c.obj
                0x00000000100009b2                oled_set_xy
 .text.oled_gap
                0x0000000010000a06       0x18 CMakeFiles/org2-top-slot-breakout.dir/org2-top-slot-breakout.c.obj
                0x0000000010000a06                oled_gap
 *fill*         0x0000000010000a1e        0x2 
 .text.oled_display_string
                0x0000000010000a20       0x50 CMakeFiles/org2-top-slot-breakout.dir/org2-top-slot-breakout.c.obj
                0x0000000010000a20                oled_display_string
 .text.oled_clear_display
                0x0000000010000a70       0x34 CMakeFiles/org2-top-slot-breakout.dir/org2-top-slot-breakout.c.obj
                0x0000000010000a70                oled_clear_display
 .text.oled_setup
                0x0000000010000aa4       0x48 CMakeFiles/org2-top-slot-breakout.dir/org2-top-slot-breakout.c.obj
                0x0000000010000aa4                oled_setup
 .text.main     0x0000000010000aec      0x7cc CMakeFiles/org2-top-slot-breakout.dir/org2-top-slot-breakout.c.obj
                0x0000000010000aec                main
 .text.gpio_set_function
                0x00000000100012b8       0x30 CMakeFiles/org2-top-slot-breakout.dir/tree/downloaded_tools/pico/pico-sdk/src/rp2_common/hardware_gpio/gpio.c.obj
                0x00000000100012b8                gpio_set_function
 .text.gpio_init
                0x00000000100012e8       0x16 CMakeFiles/org2-top-slot-breakout.dir/tree/downloaded_tools/pico/pico-sdk/src/rp2_common/hardware_gpio/gpio.c.obj
                0x00000000100012e8                gpio_init
 *fill*         0x00000000100012fe        0x2 
 .text.hw_claim_lock
                0x0000000010001300       0x18 CMakeFiles/org2-top-slot-breakout.dir/tree/downloaded_tools/pico/pico-sdk/src/rp2_common/hardware_claim/claim.c.obj
                0x0000000010001300                hw_claim_lock
 .text.hw_claim_unlock
                0x0000000010001318       0x14 CMakeFiles/org2-top-slot-breakout.dir/tree/downloaded_tools/pico/pico-sdk/src/rp2_common/hardware_claim/claim.c.obj
                0x0000000010001318                hw_claim_unlock
 .text.hw_claim_or_assert
                0x000000001000132c       0x32 CMakeFiles/org2-top-slot-breakout.dir/tree/downloaded_tools/pico/pico-sdk/src/rp2_common/hardware_claim/claim.c.obj
                0x000000001000132c                hw_claim_or_assert
 .text.hw_claim_unused_from_range
                0x000000001000135e       0x50 CMakeFiles/org2-top-slot-breakout.dir/tree/downloaded_tools/pico/pico-sdk/src/rp2_common/hardware_claim/claim.c.obj
                0x000000001000135e                hw_claim_unused_from_range
 *fill*         0x00000000100013ae        0x2 
 .text.running_on_fpga
                0x00000000100013b0       0x14 CMakeFiles/org2-top-slot-breakout.dir/tree/downloaded_tools/pico/pico-sdk/src/rp2_common/pico_platform/platform.c.obj
                0x00000000100013b0                running_on_fpga
 .text.spin_locks_reset
                0x00000000100013c4       0x20 CMakeFiles/org2-top-slot-breakout.dir/tree/downloaded_tools/pico/pico-sdk/src/rp2_common/hardware_sync/sync.c.obj
                0x00000000100013c4                spin_locks_reset
 .text.next_striped_spin_lock_num
                0x00000000100013e4       0x1c CMakeFiles/org2-top-slot-breakout.dir/tree/downloaded_tools/pico/pico-sdk/src/rp2_common/hardware_sync/sync.c.obj
                0x00000000100013e4                next_striped_spin_lock_num
 .text.spin_lock_claim_unused
                0x0000000010001400       0x20 CMakeFiles/org2-top-slot-breakout.dir/tree/downloaded_tools/pico/pico-sdk/src/rp2_common/hardware_sync/sync.c.obj
                0x0000000010001400                spin_lock_claim_unused
 .text.uart_set_baudrate
                0x0000000010001420       0x5c CMakeFiles/org2-top-slot-breakout.dir/tree/downloaded_tools/pico/pico-sdk/src/rp2_common/hardware_uart/uart.c.obj
                0x0000000010001420                uart_set_baudrate
 .text.uart_set_translate_crlf
                0x000000001000147c       0x28 CMakeFiles/org2-top-slot-breakout.dir/tree/downloaded_tools/pico/pico-sdk/src/rp2_common/hardware_uart/uart.c.obj
                0x000000001000147c                uart_set_translate_crlf
 .text.uart_init
                0x00000000100014a4       0x80 CMakeFiles/org2-top-slot-breakout.dir/tree/downloaded_tools/pico/pico-sdk/src/rp2_common/hardware_uart/uart.c.obj
                0x00000000100014a4                uart_init
 .text.alarm_pool_post_alloc_init
                0x0000000010001524       0x40 CMakeFiles/org2-top-slot-breakout.dir/tree/downloaded_tools/pico/pico-sdk/src/common/pico_time/time.c.obj
 .text.sleep_until_callback
                0x0000000010001564       0x30 CMakeFiles/org2-top-slot-breakout.dir/tree/downloaded_tools/pico/pico-sdk/src/common/pico_time/time.c.obj
 .text.timer_pool_entry_comparator
                0x0000000010001594       0x7c CMakeFiles/org2-top-slot-breakout.dir/tree/downloaded_tools/pico/pico-sdk/src/common/pico_time/time.c.obj
                0x0000000010001594                timer_pool_entry_comparator
 .text.ph_add_child_node
                0x0000000010001610       0xa4 CMakeFiles/org2-top-slot-breakout.dir/tree/downloaded_tools/pico/pico-sdk/src/common/pico_time/time.c.obj
 .text.ph_merge_nodes
                0x00000000100016b4       0x3e CMakeFiles/org2-top-slot-breakout.dir/tree/downloaded_tools/pico/pico-sdk/src/common/pico_time/time.c.obj
 *fill*         0x00000000100016f2        0x2 
 .text.add_alarm_under_lock
                0x00000000100016f4      0x174 CMakeFiles/org2-top-slot-breakout.dir/tree/downloaded_tools/pico/pico-sdk/src/common/pico_time/time.c.obj
 .text.alarm_pool_alarm_callback
                0x0000000010001868      0x32c CMakeFiles/org2-top-slot-breakout.dir/tree/downloaded_tools/pico/pico-sdk/src/common/pico_time/time.c.obj
 .text.alarm_pool_init_default
                0x0000000010001b94       0x38 CMakeFiles/org2-top-slot-breakout.dir/tree/downloaded_tools/pico/pico-sdk/src/common/pico_time/time.c.obj
                0x0000000010001b94                alarm_pool_init_default
 .text.alarm_pool_get_default
                0x0000000010001bcc       0x2c CMakeFiles/org2-top-slot-breakout.dir/tree/downloaded_tools/pico/pico-sdk/src/common/pico_time/time.c.obj
                0x0000000010001bcc                alarm_pool_get_default
 .text.alarm_pool_add_alarm_at
                0x0000000010001bf8      0x170 CMakeFiles/org2-top-slot-breakout.dir/tree/downloaded_tools/pico/pico-sdk/src/common/pico_time/time.c.obj
                0x0000000010001bf8                alarm_pool_add_alarm_at
 .text.alarm_pool_cancel_alarm
                0x0000000010001d68       0xec CMakeFiles/org2-top-slot-breakout.dir/tree/downloaded_tools/pico/pico-sdk/src/common/pico_time/time.c.obj
                0x0000000010001d68                alarm_pool_cancel_alarm
 .text.sleep_until
                0x0000000010001e54       0xfc CMakeFiles/org2-top-slot-breakout.dir/tree/downloaded_tools/pico/pico-sdk/src/common/pico_time/time.c.obj
                0x0000000010001e54                sleep_until
 .text.sleep_us
                0x0000000010001f50       0x58 CMakeFiles/org2-top-slot-breakout.dir/tree/downloaded_tools/pico/pico-sdk/src/common/pico_time/time.c.obj
                0x0000000010001f50                sleep_us
 .text.best_effort_wfe_or_timeout
                0x0000000010001fa8       0x80 CMakeFiles/org2-top-slot-breakout.dir/tree/downloaded_tools/pico/pico-sdk/src/common/pico_time/time.c.obj
                0x0000000010001fa8                best_effort_wfe_or_timeout
 .text.hardware_alarm_irq_handler
                0x0000000010002028       0x8c CMakeFiles/org2-top-slot-breakout.dir/tree/downloaded_tools/pico/pico-sdk/src/rp2_common/hardware_timer/timer.c.obj
 .text.hardware_alarm_claim
                0x00000000100020b4       0x18 CMakeFiles/org2-top-slot-breakout.dir/tree/downloaded_tools/pico/pico-sdk/src/rp2_common/hardware_timer/timer.c.obj
                0x00000000100020b4                hardware_alarm_claim
 .text.time_us_64
                0x00000000100020cc       0x18 CMakeFiles/org2-top-slot-breakout.dir/tree/downloaded_tools/pico/pico-sdk/src/rp2_common/hardware_timer/timer.c.obj
                0x00000000100020cc                time_us_64
 .text.busy_wait_until
                0x00000000100020e4       0x24 CMakeFiles/org2-top-slot-breakout.dir/tree/downloaded_tools/pico/pico-sdk/src/rp2_common/hardware_timer/timer.c.obj
                0x00000000100020e4                busy_wait_until
 .text.hardware_alarm_set_callback
                0x0000000010002108       0x90 CMakeFiles/org2-top-slot-breakout.dir/tree/downloaded_tools/pico/pico-sdk/src/rp2_common/hardware_timer/timer.c.obj
                0x0000000010002108                hardware_alarm_set_callback
 .text.hardware_alarm_set_target
                0x0000000010002198       0xe8 CMakeFiles/org2-top-slot-breakout.dir/tree/downloaded_tools/pico/pico-sdk/src/rp2_common/hardware_timer/timer.c.obj
                0x0000000010002198                hardware_alarm_set_target
 .text.hardware_alarm_cancel
                0x0000000010002280       0x40 CMakeFiles/org2-top-slot-breakout.dir/tree/downloaded_tools/pico/pico-sdk/src/rp2_common/hardware_timer/timer.c.obj
                0x0000000010002280                hardware_alarm_cancel
 .text.lock_init
                0x00000000100022c0       0x10 CMakeFiles/org2-top-slot-breakout.dir/tree/downloaded_tools/pico/pico-sdk/src/common/pico_sync/lock_core.c.obj
                0x00000000100022c0                lock_init
 .text.mutex_init_internal
                0x00000000100022d0       0x1e CMakeFiles/org2-top-slot-breakout.dir/tree/downloaded_tools/pico/pico-sdk/src/common/pico_sync/mutex.c.obj
 .text.mutex_init
                0x00000000100022ee        0xa CMakeFiles/org2-top-slot-breakout.dir/tree/downloaded_tools/pico/pico-sdk/src/common/pico_sync/mutex.c.obj
                0x00000000100022ee                mutex_init
 .text.recursive_mutex_init
                0x00000000100022f8        0xa CMakeFiles/org2-top-slot-breakout.dir/tree/downloaded_tools/pico/pico-sdk/src/common/pico_sync/mutex.c.obj
                0x00000000100022f8                recursive_mutex_init
 *fill*         0x0000000010002302        0x2 
 .text.critical_section_init_with_lock_num
                0x0000000010002304       0x14 CMakeFiles/org2-top-slot-breakout.dir/tree/downloaded_tools/pico/pico-sdk/src/common/pico_sync/critical_section.c.obj
                0x0000000010002304                critical_section_init_with_lock_num
 .text.critical_section_init
                0x0000000010002318       0x14 CMakeFiles/org2-top-slot-breakout.dir/tree/downloaded_tools/pico/pico-sdk/src/common/pico_sync/critical_section.c.obj
                0x0000000010002318                critical_section_init
 .text.ph_add_child_node
                0x000000001000232c       0xa4 CMakeFiles/org2-top-slot-breakout.dir/tree/downloaded_tools/pico/pico-sdk/src/common/pico_util/pheap.c.obj
 .text.ph_merge_nodes
                0x00000000100023d0       0x3e CMakeFiles/org2-top-slot-breakout.dir/tree/downloaded_tools/pico/pico-sdk/src/common/pico_util/pheap.c.obj
 *fill*         0x000000001000240e        0x2 
 .text.ph_clear
                0x0000000010002410       0x70 CMakeFiles/org2-top-slot-breakout.dir/tree/downloaded_tools/pico/pico-sdk/src/common/pico_util/pheap.c.obj
                0x0000000010002410                ph_clear
 .text.ph_post_alloc_init
                0x0000000010002480        0xe CMakeFiles/org2-top-slot-breakout.dir/tree/downloaded_tools/pico/pico-sdk/src/common/pico_util/pheap.c.obj
                0x0000000010002480                ph_post_alloc_init
 *fill*         0x000000001000248e        0x2 
 .text.ph_merge_two_pass
                0x0000000010002490       0xa8 CMakeFiles/org2-top-slot-breakout.dir/tree/downloaded_tools/pico/pico-sdk/src/common/pico_util/pheap.c.obj
                0x0000000010002490                ph_merge_two_pass
 .text.ph_remove_any_head
                0x0000000010002538      0x108 CMakeFiles/org2-top-slot-breakout.dir/tree/downloaded_tools/pico/pico-sdk/src/common/pico_util/pheap.c.obj
 .text.ph_remove_head
                0x0000000010002640       0x14 CMakeFiles/org2-top-slot-breakout.dir/tree/downloaded_tools/pico/pico-sdk/src/common/pico_util/pheap.c.obj
                0x0000000010002640                ph_remove_head
 .text.ph_remove_and_free_node
                0x0000000010002654       0xf8 CMakeFiles/org2-top-slot-breakout.dir/tree/downloaded_tools/pico/pico-sdk/src/common/pico_util/pheap.c.obj
                0x0000000010002654                ph_remove_and_free_node
 .text.runtime_init
                0x000000001000274c       0xd8 CMakeFiles/org2-top-slot-breakout.dir/tree/downloaded_tools/pico/pico-sdk/src/rp2_common/pico_runtime/runtime.c.obj
                0x000000001000274c                runtime_init
 .text._exit    0x0000000010002824        0x4 CMakeFiles/org2-top-slot-breakout.dir/tree/downloaded_tools/pico/pico-sdk/src/rp2_common/pico_runtime/runtime.c.obj
                0x0000000010002824                _exit
 .text.exit     0x0000000010002828        0x6 CMakeFiles/org2-top-slot-breakout.dir/tree/downloaded_tools/pico/pico-sdk/src/rp2_common/pico_runtime/runtime.c.obj
                0x0000000010002828                exit
 *fill*         0x000000001000282e        0x2 
 .text.__assert_func
                0x0000000010002830       0x3c CMakeFiles/org2-top-slot-breakout.dir/tree/downloaded_tools/pico/pico-sdk/src/rp2_common/pico_runtime/runtime.c.obj
                0x0000000010002830                __assert_func
 .text.panic    0x000000001000286c       0x30 CMakeFiles/org2-top-slot-breakout.dir/tree/downloaded_tools/pico/pico-sdk/src/rp2_common/pico_runtime/runtime.c.obj
                0x000000001000286c                panic
 .text.clock_configure
                0x000000001000289c      0x104 CMakeFiles/org2-top-slot-breakout.dir/tree/downloaded_tools/pico/pico-sdk/src/rp2_common/hardware_clocks/clocks.c.obj
                0x000000001000289c                clock_configure
 .text.clocks_init
                0x00000000100029a0      0x100 CMakeFiles/org2-top-slot-breakout.dir/tree/downloaded_tools/pico/pico-sdk/src/rp2_common/hardware_clocks/clocks.c.obj
                0x00000000100029a0                clocks_init
 .text.clock_get_hz
                0x0000000010002aa0        0xc CMakeFiles/org2-top-slot-breakout.dir/tree/downloaded_tools/pico/pico-sdk/src/rp2_common/hardware_clocks/clocks.c.obj
                0x0000000010002aa0                clock_get_hz
 .text.set_raw_irq_handler_and_unlock
                0x0000000010002aac       0x28 CMakeFiles/org2-top-slot-breakout.dir/tree/downloaded_tools/pico/pico-sdk/src/rp2_common/hardware_irq/irq.c.obj
 .text.make_branch
                0x0000000010002ad4       0x34 CMakeFiles/org2-top-slot-breakout.dir/tree/downloaded_tools/pico/pico-sdk/src/rp2_common/hardware_irq/irq.c.obj
 .text.insert_branch_and_link
                0x0000000010002b08       0x40 CMakeFiles/org2-top-slot-breakout.dir/tree/downloaded_tools/pico/pico-sdk/src/rp2_common/hardware_irq/irq.c.obj
 .text.irq_is_enabled
                0x0000000010002b48       0x18 CMakeFiles/org2-top-slot-breakout.dir/tree/downloaded_tools/pico/pico-sdk/src/rp2_common/hardware_irq/irq.c.obj
                0x0000000010002b48                irq_is_enabled
 .text.irq_set_mask_enabled
                0x0000000010002b60       0x20 CMakeFiles/org2-top-slot-breakout.dir/tree/downloaded_tools/pico/pico-sdk/src/rp2_common/hardware_irq/irq.c.obj
                0x0000000010002b60                irq_set_mask_enabled
 .text.irq_set_enabled
                0x0000000010002b80        0xe CMakeFiles/org2-top-slot-breakout.dir/tree/downloaded_tools/pico/pico-sdk/src/rp2_common/hardware_irq/irq.c.obj
                0x0000000010002b80                irq_set_enabled
 *fill*         0x0000000010002b8e        0x2 
 .text.irq_set_pending
                0x0000000010002b90       0x10 CMakeFiles/org2-top-slot-breakout.dir/tree/downloaded_tools/pico/pico-sdk/src/rp2_common/hardware_irq/irq.c.obj
                0x0000000010002b90                irq_set_pending
 .text.irq_get_vtable_handler
                0x0000000010002ba0       0x10 CMakeFiles/org2-top-slot-breakout.dir/tree/downloaded_tools/pico/pico-sdk/src/rp2_common/hardware_irq/irq.c.obj
                0x0000000010002ba0                irq_get_vtable_handler
 .text.irq_set_exclusive_handler
                0x0000000010002bb0       0x54 CMakeFiles/org2-top-slot-breakout.dir/tree/downloaded_tools/pico/pico-sdk/src/rp2_common/hardware_irq/irq.c.obj
                0x0000000010002bb0                irq_set_exclusive_handler
 .text.irq_remove_handler
                0x0000000010002c04      0x1ac CMakeFiles/org2-top-slot-breakout.dir/tree/downloaded_tools/pico/pico-sdk/src/rp2_common/hardware_irq/irq.c.obj
                0x0000000010002c04                irq_remove_handler
 .text.irq_set_priority
                0x0000000010002db0       0x28 CMakeFiles/org2-top-slot-breakout.dir/tree/downloaded_tools/pico/pico-sdk/src/rp2_common/hardware_irq/irq.c.obj
                0x0000000010002db0                irq_set_priority
 .text.irq_add_tail_to_free_list
                0x0000000010002dd8       0xf0 CMakeFiles/org2-top-slot-breakout.dir/tree/downloaded_tools/pico/pico-sdk/src/rp2_common/hardware_irq/irq.c.obj
                0x0000000010002dd8                irq_add_tail_to_free_list
 .text.irq_init_priorities
                0x0000000010002ec8       0x16 CMakeFiles/org2-top-slot-breakout.dir/tree/downloaded_tools/pico/pico-sdk/src/rp2_common/hardware_irq/irq.c.obj
                0x0000000010002ec8                irq_init_priorities
 *fill*         0x0000000010002ede        0x2 
 .text.pll_init
                0x0000000010002ee0      0x118 CMakeFiles/org2-top-slot-breakout.dir/tree/downloaded_tools/pico/pico-sdk/src/rp2_common/hardware_pll/pll.c.obj
                0x0000000010002ee0                pll_init
 .text.watchdog_start_tick
                0x0000000010002ff8       0x10 CMakeFiles/org2-top-slot-breakout.dir/tree/downloaded_tools/pico/pico-sdk/src/rp2_common/hardware_watchdog/watchdog.c.obj
                0x0000000010002ff8                watchdog_start_tick
 .text.watchdog_update
                0x0000000010003008       0x14 CMakeFiles/org2-top-slot-breakout.dir/tree/downloaded_tools/pico/pico-sdk/src/rp2_common/hardware_watchdog/watchdog.c.obj
                0x0000000010003008                watchdog_update
 .text._watchdog_enable
                0x000000001000301c       0x70 CMakeFiles/org2-top-slot-breakout.dir/tree/downloaded_tools/pico/pico-sdk/src/rp2_common/hardware_watchdog/watchdog.c.obj
                0x000000001000301c                _watchdog_enable
 .text.watchdog_reboot
                0x000000001000308c       0x48 CMakeFiles/org2-top-slot-breakout.dir/tree/downloaded_tools/pico/pico-sdk/src/rp2_common/hardware_watchdog/watchdog.c.obj
                0x000000001000308c                watchdog_reboot
 .text.xosc_init
                0x00000000100030d4       0x28 CMakeFiles/org2-top-slot-breakout.dir/tree/downloaded_tools/pico/pico-sdk/src/rp2_common/hardware_xosc/xosc.c.obj
                0x00000000100030d4                xosc_init
 .text._out_null
                0x00000000100030fc        0x2 CMakeFiles/org2-top-slot-breakout.dir/tree/downloaded_tools/pico/pico-sdk/src/rp2_common/pico_printf/printf.c.obj
 .text._out_fct
                0x00000000100030fe        0xe CMakeFiles/org2-top-slot-breakout.dir/tree/downloaded_tools/pico/pico-sdk/src/rp2_common/pico_printf/printf.c.obj
 .text._atoi    0x000000001000310c       0x24 CMakeFiles/org2-top-slot-breakout.dir/tree/downloaded_tools/pico/pico-sdk/src/rp2_common/pico_printf/printf.c.obj
 .text._out_rev
                0x0000000010003130       0xae CMakeFiles/org2-top-slot-breakout.dir/tree/downloaded_tools/pico/pico-sdk/src/rp2_common/pico_printf/printf.c.obj
 .text._ntoa_format
                0x00000000100031de      0x110 CMakeFiles/org2-top-slot-breakout.dir/tree/downloaded_tools/pico/pico-sdk/src/rp2_common/pico_printf/printf.c.obj
 .text._ntoa_long
                0x00000000100032ee       0xbc CMakeFiles/org2-top-slot-breakout.dir/tree/downloaded_tools/pico/pico-sdk/src/rp2_common/pico_printf/printf.c.obj
 .text._ntoa_long_long
                0x00000000100033aa       0xe2 CMakeFiles/org2-top-slot-breakout.dir/tree/downloaded_tools/pico/pico-sdk/src/rp2_common/pico_printf/printf.c.obj
 .text._etoa    0x000000001000348c      0x40c CMakeFiles/org2-top-slot-breakout.dir/tree/downloaded_tools/pico/pico-sdk/src/rp2_common/pico_printf/printf.c.obj
 .text._ftoa    0x0000000010003898      0x354 CMakeFiles/org2-top-slot-breakout.dir/tree/downloaded_tools/pico/pico-sdk/src/rp2_common/pico_printf/printf.c.obj
 .text._vsnprintf
                0x0000000010003bec      0x628 CMakeFiles/org2-top-slot-breakout.dir/tree/downloaded_tools/pico/pico-sdk/src/rp2_common/pico_printf/printf.c.obj
 .text.vfctprintf
                0x0000000010004214       0x20 CMakeFiles/org2-top-slot-breakout.dir/tree/downloaded_tools/pico/pico-sdk/src/rp2_common/pico_printf/printf.c.obj
                0x0000000010004214                vfctprintf
 .text          0x0000000010004234       0x10 CMakeFiles/org2-top-slot-breakout.dir/tree/downloaded_tools/pico/pico-sdk/src/rp2_common/pico_bit_ops/bit_ops_aeabi.S.obj
 .text.rom_func_lookup
                0x0000000010004244       0x10 CMakeFiles/org2-top-slot-breakout.dir/tree/downloaded_tools/pico/pico-sdk/src/rp2_common/pico_bootrom/bootrom.c.obj
                0x0000000010004244                rom_func_lookup
 .text.rom_data_lookup
                0x0000000010004254       0x10 CMakeFiles/org2-top-slot-breakout.dir/tree/downloaded_tools/pico/pico-sdk/src/rp2_common/pico_bootrom/bootrom.c.obj
                0x0000000010004254                rom_data_lookup
 .text.rom_funcs_lookup
                0x0000000010004264       0x36 CMakeFiles/org2-top-slot-breakout.dir/tree/downloaded_tools/pico/pico-sdk/src/rp2_common/pico_bootrom/bootrom.c.obj
                0x0000000010004264                rom_funcs_lookup
 *fill*         0x000000001000429a        0x2 
 .text.__wrap___aeabi_idiv
                0x000000001000429c       0x50 CMakeFiles/org2-top-slot-breakout.dir/tree/downloaded_tools/pico/pico-sdk/src/rp2_common/pico_divider/divider.S.obj
                0x000000001000429c                __wrap___aeabi_idivmod
                0x000000001000429c                divmod_s32s32
                0x000000001000429c                div_s32s32
                0x000000001000429c                __wrap___aeabi_idiv
                0x00000000100042a4                divmod_s32s32_unsafe
                0x00000000100042d0                divmod_s32s32_savestate
 .text.__wrap___aeabi_uidiv
                0x00000000100042ec       0x4c CMakeFiles/org2-top-slot-breakout.dir/tree/downloaded_tools/pico/pico-sdk/src/rp2_common/pico_divider/divider.S.obj
                0x00000000100042ec                __wrap___aeabi_uidiv
                0x00000000100042ec                __wrap___aeabi_uidivmod
                0x00000000100042ec                div_u32u32
                0x00000000100042ec                divmod_u32u32
                0x00000000100042f4                divmod_u32u32_unsafe
                0x000000001000431c                divmod_u32u32_savestate
 .text.__wrap___aeabi_ldiv
                0x0000000010004338      0x430 CMakeFiles/org2-top-slot-breakout.dir/tree/downloaded_tools/pico/pico-sdk/src/rp2_common/pico_divider/divider.S.obj
                0x0000000010004338                div_s64s64
                0x0000000010004338                divmod_s64s64
                0x0000000010004338                __wrap___aeabi_ldivmod
                0x0000000010004370                div_u64u64
                0x0000000010004370                divmod_u64u64
                0x0000000010004370                __wrap___aeabi_uldivmod
                0x0000000010004380                divmod_u64u64_savestate
                0x00000000100043a8                divmod_s64s64_unsafe
                0x0000000010004430                divmod_u64u64_unsafe
 .text.__wrap___aeabi_darithmetic
                0x0000000010004768       0x80 CMakeFiles/org2-top-slot-breakout.dir/tree/downloaded_tools/pico/pico-sdk/src/rp2_common/pico_double/double_aeabi.S.obj
                0x0000000010004768                __wrap___aeabi_drsub
                0x000000001000476e                __wrap___aeabi_dsub
                0x0000000010004780                __wrap___aeabi_dadd
                0x0000000010004792                __wrap___aeabi_ddiv
                0x00000000100047ce                __wrap___aeabi_dmul
 .text.__wrap___aeabi_cdcmple
                0x00000000100047e8       0x6c CMakeFiles/org2-top-slot-breakout.dir/tree/downloaded_tools/pico/pico-sdk/src/rp2_common/pico_double/double_aeabi.S.obj
                0x00000000100047e8                __wrap___aeabi_cdrcmple
                0x00000000100047f8                __wrap___aeabi_cdcmple
                0x00000000100047f8                __wrap___aeabi_cdcmpeq
 .text.__wrap___aeabi_dcmplt
                0x0000000010004854        0xc CMakeFiles/org2-top-slot-breakout.dir/tree/downloaded_tools/pico/pico-sdk/src/rp2_common/pico_double/double_aeabi.S.obj
                0x0000000010004854                __wrap___aeabi_dcmplt
 .text.__wrap___aeabi_dcmple
                0x0000000010004860       0x10 CMakeFiles/org2-top-slot-breakout.dir/tree/downloaded_tools/pico/pico-sdk/src/rp2_common/pico_double/double_aeabi.S.obj
                0x0000000010004860                __wrap___aeabi_dcmple
 .text.__wrap___aeabi_dcmpge
                0x0000000010004870       0x10 CMakeFiles/org2-top-slot-breakout.dir/tree/downloaded_tools/pico/pico-sdk/src/rp2_common/pico_double/double_aeabi.S.obj
                0x0000000010004870                __wrap___aeabi_dcmpge
 .text.__wrap___aeabi_dcmpgt
                0x0000000010004880        0xa CMakeFiles/org2-top-slot-breakout.dir/tree/downloaded_tools/pico/pico-sdk/src/rp2_common/pico_double/double_aeabi.S.obj
                0x0000000010004880                __wrap___aeabi_dcmpgt
 .text.__wrap___aeabi_dcmpun
                0x000000001000488a       0x1c CMakeFiles/org2-top-slot-breakout.dir/tree/downloaded_tools/pico/pico-sdk/src/rp2_common/pico_double/double_aeabi.S.obj
                0x000000001000488a                __wrap___aeabi_dcmpun
 *fill*         0x00000000100048a6        0x2 
 .text.__wrap___aeabi_i2d
                0x00000000100048a8       0x38 CMakeFiles/org2-top-slot-breakout.dir/tree/downloaded_tools/pico/pico-sdk/src/rp2_common/pico_double/double_aeabi.S.obj
                0x00000000100048a8                __wrap___aeabi_ui2d
                0x00000000100048b0                __wrap___aeabi_i2d
 .text.__wrap___aeabi_d2iz
                0x00000000100048e0       0x48 CMakeFiles/org2-top-slot-breakout.dir/tree/downloaded_tools/pico/pico-sdk/src/rp2_common/pico_double/double_aeabi.S.obj
                0x00000000100048e0                __wrap___aeabi_d2iz
                0x00000000100048e0                double2int_z
 .text.__wrap___aeabi_d2uiz
                0x0000000010004928       0x18 CMakeFiles/org2-top-slot-breakout.dir/tree/downloaded_tools/pico/pico-sdk/src/rp2_common/pico_double/double_aeabi.S.obj
                0x0000000010004928                double2uint
                0x0000000010004928                __wrap___aeabi_d2uiz
 .text.__aeabi_double_init
                0x0000000010004940       0xb4 CMakeFiles/org2-top-slot-breakout.dir/tree/downloaded_tools/pico/pico-sdk/src/rp2_common/pico_double/double_init_rom.c.obj
                0x0000000010004940                __aeabi_double_init
 .text.double_table_shim_on_use_helper
                0x00000000100049f4       0x34 CMakeFiles/org2-top-slot-breakout.dir/tree/downloaded_tools/pico/pico-sdk/src/rp2_common/pico_double/double_v1_rom_shim.S.obj
                0x00000000100049f4                double_table_shim_on_use_helper
 .text.__wrap___aeabi_dsub
                0x0000000010004a28       0x10 CMakeFiles/org2-top-slot-breakout.dir/tree/downloaded_tools/pico/pico-sdk/src/rp2_common/pico_double/double_v1_rom_shim.S.obj
                0x0000000010004a28                drsub_shim
                0x0000000010004a2e                dsub_shim
 .text.dadd_shim
                0x0000000010004a38      0x15c CMakeFiles/org2-top-slot-breakout.dir/tree/downloaded_tools/pico/pico-sdk/src/rp2_common/pico_double/double_v1_rom_shim.S.obj
                0x0000000010004a38                dadd_shim
 .text.dmul_shim
                0x0000000010004b94      0x15c CMakeFiles/org2-top-slot-breakout.dir/tree/downloaded_tools/pico/pico-sdk/src/rp2_common/pico_double/double_v1_rom_shim.S.obj
                0x0000000010004b94                dmul_shim
 .text.ddiv_shim
                0x0000000010004cf0      0x1b0 CMakeFiles/org2-top-slot-breakout.dir/tree/downloaded_tools/pico/pico-sdk/src/rp2_common/pico_double/double_v1_rom_shim.S.obj
                0x0000000010004cf0                ddiv_shim
 .text.dcordic_rot_step
                0x0000000010004ea0       0x7c CMakeFiles/org2-top-slot-breakout.dir/tree/downloaded_tools/pico/pico-sdk/src/rp2_common/pico_double/double_v1_rom_shim.S.obj
                0x0000000010004ea0                dcordic_rot_step
 .text.double2uint_shim
                0x0000000010004f1c        0xe CMakeFiles/org2-top-slot-breakout.dir/tree/downloaded_tools/pico/pico-sdk/src/rp2_common/pico_double/double_v1_rom_shim.S.obj
                0x0000000010004f1c                double2uint_shim
                0x0000000010004f1e                double2ufix_shim
 *fill*         0x0000000010004f2a        0x2 
 .text.double2uint64_shim
                0x0000000010004f2c       0x6c CMakeFiles/org2-top-slot-breakout.dir/tree/downloaded_tools/pico/pico-sdk/src/rp2_common/pico_double/double_v1_rom_shim.S.obj
                0x0000000010004f2c                double2uint64_shim
                0x0000000010004f2e                double2ufix64_shim
                0x0000000010004f48                d2fix_a
 .text.dunpacks
                0x0000000010004f98       0x3c CMakeFiles/org2-top-slot-breakout.dir/tree/downloaded_tools/pico/pico-sdk/src/rp2_common/pico_double/double_v1_rom_shim.S.obj
                0x0000000010004f98                dunpacks
 .text.__aeabi_lmul
                0x0000000010004fd4       0x32 CMakeFiles/org2-top-slot-breakout.dir/tree/downloaded_tools/pico/pico-sdk/src/rp2_common/pico_int64_ops/pico_int64_ops_aeabi.S.obj
                0x0000000010004fd4                __wrap___aeabi_lmul
 *fill*         0x0000000010005006        0x2 
 .text.__aeabi_float_init
                0x0000000010005008       0xfc CMakeFiles/org2-top-slot-breakout.dir/tree/downloaded_tools/pico/pico-sdk/src/rp2_common/pico_float/float_init_rom.c.obj
                0x0000000010005008                __aeabi_float_init
 .text.float_table_shim_on_use_helper
                0x0000000010005104       0x34 CMakeFiles/org2-top-slot-breakout.dir/tree/downloaded_tools/pico/pico-sdk/src/rp2_common/pico_float/float_v1_rom_shim.S.obj
                0x0000000010005104                float_table_shim_on_use_helper
 .text          0x0000000010005138       0x10 CMakeFiles/org2-top-slot-breakout.dir/tree/downloaded_tools/pico/pico-sdk/src/rp2_common/pico_mem_ops/mem_ops_aeabi.S.obj
                0x0000000010005138                __aeabi_mem_init
 .text.memset   0x0000000010005148        0xc CMakeFiles/org2-top-slot-breakout.dir/tree/downloaded_tools/pico/pico-sdk/src/rp2_common/pico_mem_ops/mem_ops_aeabi.S.obj
                0x0000000010005148                __wrap_memset
 .text.memcpy   0x0000000010005154        0xc CMakeFiles/org2-top-slot-breakout.dir/tree/downloaded_tools/pico/pico-sdk/src/rp2_common/pico_mem_ops/mem_ops_aeabi.S.obj
                0x0000000010005154                __wrap___aeabi_memcpy
                0x0000000010005154                __wrap_memcpy
 .text.stdio_out_chars_crlf
                0x0000000010005160       0x80 CMakeFiles/org2-top-slot-breakout.dir/tree/downloaded_tools/pico/pico-sdk/src/rp2_common/pico_stdio/stdio.c.obj
 .text.stdio_stack_buffer_flush
                0x00000000100051e0       0x44 CMakeFiles/org2-top-slot-breakout.dir/tree/downloaded_tools/pico/pico-sdk/src/rp2_common/pico_stdio/stdio.c.obj
 .text.stdio_buffered_printer
                0x0000000010005224       0x20 CMakeFiles/org2-top-slot-breakout.dir/tree/downloaded_tools/pico/pico-sdk/src/rp2_common/pico_stdio/stdio.c.obj
 .text.stdout_serialize_begin
                0x0000000010005244       0x30 CMakeFiles/org2-top-slot-breakout.dir/tree/downloaded_tools/pico/pico-sdk/src/rp2_common/pico_stdio/stdio.c.obj
                0x0000000010005244                stdout_serialize_begin
 .text.stdout_serialize_end
                0x0000000010005274       0x10 CMakeFiles/org2-top-slot-breakout.dir/tree/downloaded_tools/pico/pico-sdk/src/rp2_common/pico_stdio/stdio.c.obj
                0x0000000010005274                stdout_serialize_end
 .text.stdio_put_string
                0x0000000010005284       0x84 CMakeFiles/org2-top-slot-breakout.dir/tree/downloaded_tools/pico/pico-sdk/src/rp2_common/pico_stdio/stdio.c.obj
 .text.stdio_set_driver_enabled
                0x0000000010005308       0x38 CMakeFiles/org2-top-slot-breakout.dir/tree/downloaded_tools/pico/pico-sdk/src/rp2_common/pico_stdio/stdio.c.obj
                0x0000000010005308                stdio_set_driver_enabled
 .text.stdio_flush
                0x0000000010005340       0x20 CMakeFiles/org2-top-slot-breakout.dir/tree/downloaded_tools/pico/pico-sdk/src/rp2_common/pico_stdio/stdio.c.obj
                0x0000000010005340                stdio_flush
 .text.__wrap_puts
                0x0000000010005360       0x1c CMakeFiles/org2-top-slot-breakout.dir/tree/downloaded_tools/pico/pico-sdk/src/rp2_common/pico_stdio/stdio.c.obj
                0x0000000010005360                __wrap_puts
 .text.__wrap_vprintf
                0x000000001000537c       0x44 CMakeFiles/org2-top-slot-breakout.dir/tree/downloaded_tools/pico/pico-sdk/src/rp2_common/pico_stdio/stdio.c.obj
                0x000000001000537c                __wrap_vprintf
 .text.__wrap_printf
                0x00000000100053c0       0x18 CMakeFiles/org2-top-slot-breakout.dir/tree/downloaded_tools/pico/pico-sdk/src/rp2_common/pico_stdio/stdio.c.obj
                0x00000000100053c0                __wrap_printf
 .text.stdio_init_all
                0x00000000100053d8        0xc CMakeFiles/org2-top-slot-breakout.dir/tree/downloaded_tools/pico/pico-sdk/src/rp2_common/pico_stdio/stdio.c.obj
                0x00000000100053d8                stdio_init_all
 .text.stdio_uart_out_chars
                0x00000000100053e4       0x74 CMakeFiles/org2-top-slot-breakout.dir/tree/downloaded_tools/pico/pico-sdk/src/rp2_common/pico_stdio_uart/stdio_uart.c.obj
 .text.stdio_uart_in_chars
                0x0000000010005458       0x54 CMakeFiles/org2-top-slot-breakout.dir/tree/downloaded_tools/pico/pico-sdk/src/rp2_common/pico_stdio_uart/stdio_uart.c.obj
                0x0000000010005458                stdio_uart_in_chars
 .text.stdio_uart_init_full
                0x00000000100054ac       0x3c CMakeFiles/org2-top-slot-breakout.dir/tree/downloaded_tools/pico/pico-sdk/src/rp2_common/pico_stdio_uart/stdio_uart.c.obj
                0x00000000100054ac                stdio_uart_init_full
 .text.stdio_uart_init
                0x00000000100054e8       0x28 CMakeFiles/org2-top-slot-breakout.dir/tree/downloaded_tools/pico/pico-sdk/src/rp2_common/pico_stdio_uart/stdio_uart.c.obj
                0x00000000100054e8                stdio_uart_init
 .text.resetd_init
                0x0000000010005510        0x2 CMakeFiles/org2-top-slot-breakout.dir/tree/downloaded_tools/pico/pico-sdk/src/rp2_common/pico_stdio_usb/reset_interface.c.obj
 *fill*         0x0000000010005512        0x2 
 .text.resetd_reset
                0x0000000010005514        0xc CMakeFiles/org2-top-slot-breakout.dir/tree/downloaded_tools/pico/pico-sdk/src/rp2_common/pico_stdio_usb/reset_interface.c.obj
 .text.resetd_open
                0x0000000010005520       0x34 CMakeFiles/org2-top-slot-breakout.dir/tree/downloaded_tools/pico/pico-sdk/src/rp2_common/pico_stdio_usb/reset_interface.c.obj
 .text.resetd_xfer_cb
                0x0000000010005554        0x4 CMakeFiles/org2-top-slot-breakout.dir/tree/downloaded_tools/pico/pico-sdk/src/rp2_common/pico_stdio_usb/reset_interface.c.obj
 .text.resetd_control_xfer_cb
                0x0000000010005558       0x6c CMakeFiles/org2-top-slot-breakout.dir/tree/downloaded_tools/pico/pico-sdk/src/rp2_common/pico_stdio_usb/reset_interface.c.obj
 .text.usbd_app_driver_get_cb
                0x00000000100055c4        0xc CMakeFiles/org2-top-slot-breakout.dir/tree/downloaded_tools/pico/pico-sdk/src/rp2_common/pico_stdio_usb/reset_interface.c.obj
                0x00000000100055c4                usbd_app_driver_get_cb
 .text.tud_cdc_line_coding_cb
                0x00000000100055d0       0x34 CMakeFiles/org2-top-slot-breakout.dir/tree/downloaded_tools/pico/pico-sdk/src/rp2_common/pico_stdio_usb/reset_interface.c.obj
                0x00000000100055d0                tud_cdc_line_coding_cb
 .text.stdio_usb_in_chars
                0x0000000010005604       0x70 CMakeFiles/org2-top-slot-breakout.dir/tree/downloaded_tools/pico/pico-sdk/src/rp2_common/pico_stdio_usb/stdio_usb.c.obj
                0x0000000010005604                stdio_usb_in_chars
 .text.low_priority_worker_irq
                0x0000000010005674       0x20 CMakeFiles/org2-top-slot-breakout.dir/tree/downloaded_tools/pico/pico-sdk/src/rp2_common/pico_stdio_usb/stdio_usb.c.obj
 .text.stdio_usb_out_chars
                0x0000000010005694       0xd4 CMakeFiles/org2-top-slot-breakout.dir/tree/downloaded_tools/pico/pico-sdk/src/rp2_common/pico_stdio_usb/stdio_usb.c.obj
 .text.timer_task
                0x0000000010005768       0x10 CMakeFiles/org2-top-slot-breakout.dir/tree/downloaded_tools/pico/pico-sdk/src/rp2_common/pico_stdio_usb/stdio_usb.c.obj
 .text.stdio_usb_init
                0x0000000010005778       0xb8 CMakeFiles/org2-top-slot-breakout.dir/tree/downloaded_tools/pico/pico-sdk/src/rp2_common/pico_stdio_usb/stdio_usb.c.obj
                0x0000000010005778                stdio_usb_init
 .text.tud_descriptor_device_cb
                0x0000000010005830        0x8 CMakeFiles/org2-top-slot-breakout.dir/tree/downloaded_tools/pico/pico-sdk/src/rp2_common/pico_stdio_usb/stdio_usb_descriptors.c.obj
                0x0000000010005830                tud_descriptor_device_cb
 .text.tud_descriptor_configuration_cb
                0x0000000010005838        0x8 CMakeFiles/org2-top-slot-breakout.dir/tree/downloaded_tools/pico/pico-sdk/src/rp2_common/pico_stdio_usb/stdio_usb_descriptors.c.obj
                0x0000000010005838                tud_descriptor_configuration_cb
 .text.tud_descriptor_string_cb
                0x0000000010005840       0x68 CMakeFiles/org2-top-slot-breakout.dir/tree/downloaded_tools/pico/pico-sdk/src/rp2_common/pico_stdio_usb/stdio_usb_descriptors.c.obj
                0x0000000010005840                tud_descriptor_string_cb
 .text.hw_endpoint_get_by_addr
                0x00000000100058a8       0x18 CMakeFiles/org2-top-slot-breakout.dir/tree/downloaded_tools/pico/pico-sdk/lib/tinyusb/src/portable/raspberrypi/rp2040/dcd_rp2040.c.obj
 .text.reset_ep0
                0x00000000100058c0       0x2c CMakeFiles/org2-top-slot-breakout.dir/tree/downloaded_tools/pico/pico-sdk/lib/tinyusb/src/portable/raspberrypi/rp2040/dcd_rp2040.c.obj
 .text._hw_endpoint_alloc
                0x00000000100058ec       0x80 CMakeFiles/org2-top-slot-breakout.dir/tree/downloaded_tools/pico/pico-sdk/lib/tinyusb/src/portable/raspberrypi/rp2040/dcd_rp2040.c.obj
 .text._hw_endpoint_init
                0x000000001000596c       0xbc CMakeFiles/org2-top-slot-breakout.dir/tree/downloaded_tools/pico/pico-sdk/lib/tinyusb/src/portable/raspberrypi/rp2040/dcd_rp2040.c.obj
 .text.hw_endpoint_init
                0x0000000010005a28       0x18 CMakeFiles/org2-top-slot-breakout.dir/tree/downloaded_tools/pico/pico-sdk/lib/tinyusb/src/portable/raspberrypi/rp2040/dcd_rp2040.c.obj
 .text.hw_handle_buff_status
                0x0000000010005a40       0xb4 CMakeFiles/org2-top-slot-breakout.dir/tree/downloaded_tools/pico/pico-sdk/lib/tinyusb/src/portable/raspberrypi/rp2040/dcd_rp2040.c.obj
 .text.dcd_rp2040_irq
                0x0000000010005af4       0xa8 CMakeFiles/org2-top-slot-breakout.dir/tree/downloaded_tools/pico/pico-sdk/lib/tinyusb/src/portable/raspberrypi/rp2040/dcd_rp2040.c.obj
 .text.hw_endpoint_xfer
                0x0000000010005b9c       0x18 CMakeFiles/org2-top-slot-breakout.dir/tree/downloaded_tools/pico/pico-sdk/lib/tinyusb/src/portable/raspberrypi/rp2040/dcd_rp2040.c.obj
 .text.ep0_0len_status
                0x0000000010005bb4       0x14 CMakeFiles/org2-top-slot-breakout.dir/tree/downloaded_tools/pico/pico-sdk/lib/tinyusb/src/portable/raspberrypi/rp2040/dcd_rp2040.c.obj
 .text._hw_endpoint_stall
                0x0000000010005bc8       0x54 CMakeFiles/org2-top-slot-breakout.dir/tree/downloaded_tools/pico/pico-sdk/lib/tinyusb/src/portable/raspberrypi/rp2040/dcd_rp2040.c.obj
 .text.hw_endpoint_stall
                0x0000000010005c1c        0xc CMakeFiles/org2-top-slot-breakout.dir/tree/downloaded_tools/pico/pico-sdk/lib/tinyusb/src/portable/raspberrypi/rp2040/dcd_rp2040.c.obj
 .text._hw_endpoint_clear_stall
                0x0000000010005c28       0x34 CMakeFiles/org2-top-slot-breakout.dir/tree/downloaded_tools/pico/pico-sdk/lib/tinyusb/src/portable/raspberrypi/rp2040/dcd_rp2040.c.obj
 .text.hw_endpoint_clear_stall
                0x0000000010005c5c        0xc CMakeFiles/org2-top-slot-breakout.dir/tree/downloaded_tools/pico/pico-sdk/lib/tinyusb/src/portable/raspberrypi/rp2040/dcd_rp2040.c.obj
 .text.dcd_int_enable
                0x0000000010005c68       0x2c CMakeFiles/org2-top-slot-breakout.dir/tree/downloaded_tools/pico/pico-sdk/lib/tinyusb/src/portable/raspberrypi/rp2040/dcd_rp2040.c.obj
                0x0000000010005c68                dcd_int_enable
 .text.dcd_set_address
                0x0000000010005c94       0x28 CMakeFiles/org2-top-slot-breakout.dir/tree/downloaded_tools/pico/pico-sdk/lib/tinyusb/src/portable/raspberrypi/rp2040/dcd_rp2040.c.obj
                0x0000000010005c94                dcd_set_address
 .text.dcd_connect
                0x0000000010005cbc       0x30 CMakeFiles/org2-top-slot-breakout.dir/tree/downloaded_tools/pico/pico-sdk/lib/tinyusb/src/portable/raspberrypi/rp2040/dcd_rp2040.c.obj
                0x0000000010005cbc                dcd_connect
 .text.dcd_init
                0x0000000010005cec       0x84 CMakeFiles/org2-top-slot-breakout.dir/tree/downloaded_tools/pico/pico-sdk/lib/tinyusb/src/portable/raspberrypi/rp2040/dcd_rp2040.c.obj
                0x0000000010005cec                dcd_init
 .text.dcd_edpt0_status_complete
                0x0000000010005d70       0x40 CMakeFiles/org2-top-slot-breakout.dir/tree/downloaded_tools/pico/pico-sdk/lib/tinyusb/src/portable/raspberrypi/rp2040/dcd_rp2040.c.obj
                0x0000000010005d70                dcd_edpt0_status_complete
 .text.dcd_edpt_open
                0x0000000010005db0       0x40 CMakeFiles/org2-top-slot-breakout.dir/tree/downloaded_tools/pico/pico-sdk/lib/tinyusb/src/portable/raspberrypi/rp2040/dcd_rp2040.c.obj
                0x0000000010005db0                dcd_edpt_open
 .text.dcd_edpt_xfer
                0x0000000010005df0       0x34 CMakeFiles/org2-top-slot-breakout.dir/tree/downloaded_tools/pico/pico-sdk/lib/tinyusb/src/portable/raspberrypi/rp2040/dcd_rp2040.c.obj
                0x0000000010005df0                dcd_edpt_xfer
 .text.dcd_edpt_stall
                0x0000000010005e24       0x28 CMakeFiles/org2-top-slot-breakout.dir/tree/downloaded_tools/pico/pico-sdk/lib/tinyusb/src/portable/raspberrypi/rp2040/dcd_rp2040.c.obj
                0x0000000010005e24                dcd_edpt_stall
 .text.dcd_edpt_clear_stall
                0x0000000010005e4c       0x2c CMakeFiles/org2-top-slot-breakout.dir/tree/downloaded_tools/pico/pico-sdk/lib/tinyusb/src/portable/raspberrypi/rp2040/dcd_rp2040.c.obj
                0x0000000010005e4c                dcd_edpt_clear_stall
 .text.rp2040_usb_init
                0x0000000010005e78       0x50 CMakeFiles/org2-top-slot-breakout.dir/tree/downloaded_tools/pico/pico-sdk/lib/tinyusb/src/portable/raspberrypi/rp2040/rp2040_usb.c.obj
                0x0000000010005e78                rp2040_usb_init
 .text.hw_endpoint_reset_transfer
                0x0000000010005ec8       0x10 CMakeFiles/org2-top-slot-breakout.dir/tree/downloaded_tools/pico/pico-sdk/lib/tinyusb/src/portable/raspberrypi/rp2040/rp2040_usb.c.obj
                0x0000000010005ec8                hw_endpoint_reset_transfer
 .text._hw_endpoint_buffer_control_update32
                0x0000000010005ed8       0x58 CMakeFiles/org2-top-slot-breakout.dir/tree/downloaded_tools/pico/pico-sdk/lib/tinyusb/src/portable/raspberrypi/rp2040/rp2040_usb.c.obj
                0x0000000010005ed8                _hw_endpoint_buffer_control_update32
 .text._hw_endpoint_start_next_buffer
                0x0000000010005f30       0x50 CMakeFiles/org2-top-slot-breakout.dir/tree/downloaded_tools/pico/pico-sdk/lib/tinyusb/src/portable/raspberrypi/rp2040/rp2040_usb.c.obj
                0x0000000010005f30                _hw_endpoint_start_next_buffer
 .text._hw_endpoint_xfer_start
                0x0000000010005f80       0x3e CMakeFiles/org2-top-slot-breakout.dir/tree/downloaded_tools/pico/pico-sdk/lib/tinyusb/src/portable/raspberrypi/rp2040/rp2040_usb.c.obj
                0x0000000010005f80                _hw_endpoint_xfer_start
 *fill*         0x0000000010005fbe        0x2 
 .text._hw_endpoint_xfer_sync
                0x0000000010005fc0       0x74 CMakeFiles/org2-top-slot-breakout.dir/tree/downloaded_tools/pico/pico-sdk/lib/tinyusb/src/portable/raspberrypi/rp2040/rp2040_usb.c.obj
                0x0000000010005fc0                _hw_endpoint_xfer_sync
 .text._hw_endpoint_xfer_continue
                0x0000000010006034       0x60 CMakeFiles/org2-top-slot-breakout.dir/tree/downloaded_tools/pico/pico-sdk/lib/tinyusb/src/portable/raspberrypi/rp2040/rp2040_usb.c.obj
                0x0000000010006034                _hw_endpoint_xfer_continue
 .text._hw_endpoint_xfer
                0x0000000010006094       0x34 CMakeFiles/org2-top-slot-breakout.dir/tree/downloaded_tools/pico/pico-sdk/lib/tinyusb/src/portable/raspberrypi/rp2040/rp2040_usb.c.obj
                0x0000000010006094                _hw_endpoint_xfer
 .text.mark_interface_endpoint
                0x00000000100060c8       0x2a CMakeFiles/org2-top-slot-breakout.dir/tree/downloaded_tools/pico/pico-sdk/lib/tinyusb/src/device/usbd.c.obj
 *fill*         0x00000000100060f2        0x2 
 .text.usbd_reset
                0x00000000100060f4       0x88 CMakeFiles/org2-top-slot-breakout.dir/tree/downloaded_tools/pico/pico-sdk/lib/tinyusb/src/device/usbd.c.obj
 .text.invoke_class_control
                0x000000001000617c       0x1a CMakeFiles/org2-top-slot-breakout.dir/tree/downloaded_tools/pico/pico-sdk/lib/tinyusb/src/device/usbd.c.obj
 *fill*         0x0000000010006196        0x2 
 .text.process_set_config
                0x0000000010006198      0x1d0 CMakeFiles/org2-top-slot-breakout.dir/tree/downloaded_tools/pico/pico-sdk/lib/tinyusb/src/device/usbd.c.obj
 .text.process_get_descriptor
                0x0000000010006368       0xf8 CMakeFiles/org2-top-slot-breakout.dir/tree/downloaded_tools/pico/pico-sdk/lib/tinyusb/src/device/usbd.c.obj
 .text.tud_mounted
                0x0000000010006460       0x10 CMakeFiles/org2-top-slot-breakout.dir/tree/downloaded_tools/pico/pico-sdk/lib/tinyusb/src/device/usbd.c.obj
                0x0000000010006460                tud_mounted
 .text.tud_suspended
                0x0000000010006470       0x10 CMakeFiles/org2-top-slot-breakout.dir/tree/downloaded_tools/pico/pico-sdk/lib/tinyusb/src/device/usbd.c.obj
                0x0000000010006470                tud_suspended
 .text.tud_inited
                0x0000000010006480        0xc CMakeFiles/org2-top-slot-breakout.dir/tree/downloaded_tools/pico/pico-sdk/lib/tinyusb/src/device/usbd.c.obj
                0x0000000010006480                tud_inited
 .text.tud_init
                0x000000001000648c       0xcc CMakeFiles/org2-top-slot-breakout.dir/tree/downloaded_tools/pico/pico-sdk/lib/tinyusb/src/device/usbd.c.obj
                0x000000001000648c                tud_init
 .text.dcd_event_handler
                0x0000000010006558      0x174 CMakeFiles/org2-top-slot-breakout.dir/tree/downloaded_tools/pico/pico-sdk/lib/tinyusb/src/device/usbd.c.obj
                0x0000000010006558                dcd_event_handler
 .text.dcd_event_bus_signal
                0x00000000100066cc       0x26 CMakeFiles/org2-top-slot-breakout.dir/tree/downloaded_tools/pico/pico-sdk/lib/tinyusb/src/device/usbd.c.obj
                0x00000000100066cc                dcd_event_bus_signal
 .text.dcd_event_bus_reset
                0x00000000100066f2       0x2a CMakeFiles/org2-top-slot-breakout.dir/tree/downloaded_tools/pico/pico-sdk/lib/tinyusb/src/device/usbd.c.obj
                0x00000000100066f2                dcd_event_bus_reset
 .text.dcd_event_setup_received
                0x000000001000671c       0x34 CMakeFiles/org2-top-slot-breakout.dir/tree/downloaded_tools/pico/pico-sdk/lib/tinyusb/src/device/usbd.c.obj
                0x000000001000671c                dcd_event_setup_received
 .text.dcd_event_xfer_complete
                0x0000000010006750       0x44 CMakeFiles/org2-top-slot-breakout.dir/tree/downloaded_tools/pico/pico-sdk/lib/tinyusb/src/device/usbd.c.obj
                0x0000000010006750                dcd_event_xfer_complete
 .text.usbd_edpt_open
                0x0000000010006794       0xe0 CMakeFiles/org2-top-slot-breakout.dir/tree/downloaded_tools/pico/pico-sdk/lib/tinyusb/src/device/usbd.c.obj
                0x0000000010006794                usbd_edpt_open
 .text.usbd_open_edpt_pair
                0x0000000010006874       0x8c CMakeFiles/org2-top-slot-breakout.dir/tree/downloaded_tools/pico/pico-sdk/lib/tinyusb/src/device/usbd.c.obj
                0x0000000010006874                usbd_open_edpt_pair
 .text.usbd_edpt_claim
                0x0000000010006900       0x8c CMakeFiles/org2-top-slot-breakout.dir/tree/downloaded_tools/pico/pico-sdk/lib/tinyusb/src/device/usbd.c.obj
                0x0000000010006900                usbd_edpt_claim
 .text.usbd_edpt_release
                0x000000001000698c       0x68 CMakeFiles/org2-top-slot-breakout.dir/tree/downloaded_tools/pico/pico-sdk/lib/tinyusb/src/device/usbd.c.obj
                0x000000001000698c                usbd_edpt_release
 .text.usbd_edpt_xfer
                0x00000000100069f4       0x80 CMakeFiles/org2-top-slot-breakout.dir/tree/downloaded_tools/pico/pico-sdk/lib/tinyusb/src/device/usbd.c.obj
                0x00000000100069f4                usbd_edpt_xfer
 .text.usbd_edpt_stall
                0x0000000010006a74       0x2c CMakeFiles/org2-top-slot-breakout.dir/tree/downloaded_tools/pico/pico-sdk/lib/tinyusb/src/device/usbd.c.obj
                0x0000000010006a74                usbd_edpt_stall
 .text.usbd_edpt_clear_stall
                0x0000000010006aa0       0x2c CMakeFiles/org2-top-slot-breakout.dir/tree/downloaded_tools/pico/pico-sdk/lib/tinyusb/src/device/usbd.c.obj
                0x0000000010006aa0                usbd_edpt_clear_stall
 .text.usbd_edpt_stalled
                0x0000000010006acc       0x1c CMakeFiles/org2-top-slot-breakout.dir/tree/downloaded_tools/pico/pico-sdk/lib/tinyusb/src/device/usbd.c.obj
                0x0000000010006acc                usbd_edpt_stalled
 .text.process_control_request
                0x0000000010006ae8      0x380 CMakeFiles/org2-top-slot-breakout.dir/tree/downloaded_tools/pico/pico-sdk/lib/tinyusb/src/device/usbd.c.obj
 .text.tud_task
                0x0000000010006e68      0x204 CMakeFiles/org2-top-slot-breakout.dir/tree/downloaded_tools/pico/pico-sdk/lib/tinyusb/src/device/usbd.c.obj
                0x0000000010006e68                tud_task
 .text._data_stage_xact
                0x000000001000706c       0x58 CMakeFiles/org2-top-slot-breakout.dir/tree/downloaded_tools/pico/pico-sdk/lib/tinyusb/src/device/usbd_control.c.obj
 .text.tud_control_status
                0x00000000100070c4       0x38 CMakeFiles/org2-top-slot-breakout.dir/tree/downloaded_tools/pico/pico-sdk/lib/tinyusb/src/device/usbd_control.c.obj
                0x00000000100070c4                tud_control_status
 .text.tud_control_xfer
                0x00000000100070fc       0xa8 CMakeFiles/org2-top-slot-breakout.dir/tree/downloaded_tools/pico/pico-sdk/lib/tinyusb/src/device/usbd_control.c.obj
                0x00000000100070fc                tud_control_xfer
 .text.usbd_control_reset
                0x00000000100071a4       0x14 CMakeFiles/org2-top-slot-breakout.dir/tree/downloaded_tools/pico/pico-sdk/lib/tinyusb/src/device/usbd_control.c.obj
                0x00000000100071a4                usbd_control_reset
 .text.usbd_control_set_complete_callback
                0x00000000100071b8        0xc CMakeFiles/org2-top-slot-breakout.dir/tree/downloaded_tools/pico/pico-sdk/lib/tinyusb/src/device/usbd_control.c.obj
                0x00000000100071b8                usbd_control_set_complete_callback
 .text.usbd_control_set_request
                0x00000000100071c4       0x1c CMakeFiles/org2-top-slot-breakout.dir/tree/downloaded_tools/pico/pico-sdk/lib/tinyusb/src/device/usbd_control.c.obj
                0x00000000100071c4                usbd_control_set_request
 .text.usbd_control_xfer_cb
                0x00000000100071e0       0xfc CMakeFiles/org2-top-slot-breakout.dir/tree/downloaded_tools/pico/pico-sdk/lib/tinyusb/src/device/usbd_control.c.obj
                0x00000000100071e0                usbd_control_xfer_cb
 .text._prep_out_transaction
                0x00000000100072dc       0x46 CMakeFiles/org2-top-slot-breakout.dir/tree/downloaded_tools/pico/pico-sdk/lib/tinyusb/src/class/cdc/cdc_device.c.obj
 *fill*         0x0000000010007322        0x2 
 .text.tud_cdc_n_connected
                0x0000000010007324       0x44 CMakeFiles/org2-top-slot-breakout.dir/tree/downloaded_tools/pico/pico-sdk/lib/tinyusb/src/class/cdc/cdc_device.c.obj
                0x0000000010007324                tud_cdc_n_connected
 .text.tud_cdc_n_available
                0x0000000010007368       0x18 CMakeFiles/org2-top-slot-breakout.dir/tree/downloaded_tools/pico/pico-sdk/lib/tinyusb/src/class/cdc/cdc_device.c.obj
                0x0000000010007368                tud_cdc_n_available
 .text.tud_cdc_n_read
                0x0000000010007380       0x28 CMakeFiles/org2-top-slot-breakout.dir/tree/downloaded_tools/pico/pico-sdk/lib/tinyusb/src/class/cdc/cdc_device.c.obj
                0x0000000010007380                tud_cdc_n_read
 .text.tud_cdc_n_write_flush
                0x00000000100073a8       0xcc CMakeFiles/org2-top-slot-breakout.dir/tree/downloaded_tools/pico/pico-sdk/lib/tinyusb/src/class/cdc/cdc_device.c.obj
                0x00000000100073a8                tud_cdc_n_write_flush
 .text.tud_cdc_n_write
                0x0000000010007474       0x38 CMakeFiles/org2-top-slot-breakout.dir/tree/downloaded_tools/pico/pico-sdk/lib/tinyusb/src/class/cdc/cdc_device.c.obj
                0x0000000010007474                tud_cdc_n_write
 .text.tud_cdc_n_write_available
                0x00000000100074ac       0x1c CMakeFiles/org2-top-slot-breakout.dir/tree/downloaded_tools/pico/pico-sdk/lib/tinyusb/src/class/cdc/cdc_device.c.obj
                0x00000000100074ac                tud_cdc_n_write_available
 .text.cdcd_init
                0x00000000100074c8       0xbc CMakeFiles/org2-top-slot-breakout.dir/tree/downloaded_tools/pico/pico-sdk/lib/tinyusb/src/class/cdc/cdc_device.c.obj
                0x00000000100074c8                cdcd_init
 .text.cdcd_reset
                0x0000000010007584       0x44 CMakeFiles/org2-top-slot-breakout.dir/tree/downloaded_tools/pico/pico-sdk/lib/tinyusb/src/class/cdc/cdc_device.c.obj
                0x0000000010007584                cdcd_reset
 .text.cdcd_open
                0x00000000100075c8      0x10c CMakeFiles/org2-top-slot-breakout.dir/tree/downloaded_tools/pico/pico-sdk/lib/tinyusb/src/class/cdc/cdc_device.c.obj
                0x00000000100075c8                cdcd_open
 .text.cdcd_control_xfer_cb
                0x00000000100076d4      0x134 CMakeFiles/org2-top-slot-breakout.dir/tree/downloaded_tools/pico/pico-sdk/lib/tinyusb/src/class/cdc/cdc_device.c.obj
                0x00000000100076d4                cdcd_control_xfer_cb
 .text.cdcd_xfer_cb
                0x0000000010007808      0x144 CMakeFiles/org2-top-slot-breakout.dir/tree/downloaded_tools/pico/pico-sdk/lib/tinyusb/src/class/cdc/cdc_device.c.obj
                0x0000000010007808                cdcd_xfer_cb
 .text.tusb_init
                0x000000001000794c       0x24 CMakeFiles/org2-top-slot-breakout.dir/tree/downloaded_tools/pico/pico-sdk/lib/tinyusb/src/tusb.c.obj
                0x000000001000794c                tusb_init
 .text.tusb_inited
                0x0000000010007970        0xe CMakeFiles/org2-top-slot-breakout.dir/tree/downloaded_tools/pico/pico-sdk/lib/tinyusb/src/tusb.c.obj
                0x0000000010007970                tusb_inited
 .text.advance_pointer
                0x000000001000797e       0x1e CMakeFiles/org2-top-slot-breakout.dir/tree/downloaded_tools/pico/pico-sdk/lib/tinyusb/src/common/tusb_fifo.c.obj
 .text.backward_pointer
                0x000000001000799c       0x1a CMakeFiles/org2-top-slot-breakout.dir/tree/downloaded_tools/pico/pico-sdk/lib/tinyusb/src/common/tusb_fifo.c.obj
 .text.get_relative_pointer
                0x00000000100079b6       0x10 CMakeFiles/org2-top-slot-breakout.dir/tree/downloaded_tools/pico/pico-sdk/lib/tinyusb/src/common/tusb_fifo.c.obj
 .text._tu_fifo_peek
                0x00000000100079c6       0x50 CMakeFiles/org2-top-slot-breakout.dir/tree/downloaded_tools/pico/pico-sdk/lib/tinyusb/src/common/tusb_fifo.c.obj
 .text._ff_pull_const_addr
                0x0000000010007a16       0x4c CMakeFiles/org2-top-slot-breakout.dir/tree/downloaded_tools/pico/pico-sdk/lib/tinyusb/src/common/tusb_fifo.c.obj
 .text._ff_pull_n
                0x0000000010007a62      0x10c CMakeFiles/org2-top-slot-breakout.dir/tree/downloaded_tools/pico/pico-sdk/lib/tinyusb/src/common/tusb_fifo.c.obj
 .text._tu_fifo_peek_n
                0x0000000010007b6e       0x5e CMakeFiles/org2-top-slot-breakout.dir/tree/downloaded_tools/pico/pico-sdk/lib/tinyusb/src/common/tusb_fifo.c.obj
 .text._tu_fifo_read_n
                0x0000000010007bcc       0x4e CMakeFiles/org2-top-slot-breakout.dir/tree/downloaded_tools/pico/pico-sdk/lib/tinyusb/src/common/tusb_fifo.c.obj
 .text._ff_push_const_addr
                0x0000000010007c1a       0x40 CMakeFiles/org2-top-slot-breakout.dir/tree/downloaded_tools/pico/pico-sdk/lib/tinyusb/src/common/tusb_fifo.c.obj
 .text._ff_push_n
                0x0000000010007c5a      0x106 CMakeFiles/org2-top-slot-breakout.dir/tree/downloaded_tools/pico/pico-sdk/lib/tinyusb/src/common/tusb_fifo.c.obj
 .text._tu_fifo_write_n
                0x0000000010007d60       0x9e CMakeFiles/org2-top-slot-breakout.dir/tree/downloaded_tools/pico/pico-sdk/lib/tinyusb/src/common/tusb_fifo.c.obj
 .text.tu_fifo_config
                0x0000000010007dfe       0x72 CMakeFiles/org2-top-slot-breakout.dir/tree/downloaded_tools/pico/pico-sdk/lib/tinyusb/src/common/tusb_fifo.c.obj
                0x0000000010007dfe                tu_fifo_config
 .text.tu_fifo_count
                0x0000000010007e70       0x26 CMakeFiles/org2-top-slot-breakout.dir/tree/downloaded_tools/pico/pico-sdk/lib/tinyusb/src/common/tusb_fifo.c.obj
                0x0000000010007e70                tu_fifo_count
 .text.tu_fifo_empty
                0x0000000010007e96        0xe CMakeFiles/org2-top-slot-breakout.dir/tree/downloaded_tools/pico/pico-sdk/lib/tinyusb/src/common/tusb_fifo.c.obj
                0x0000000010007e96                tu_fifo_empty
 .text.tu_fifo_remaining
                0x0000000010007ea4       0x20 CMakeFiles/org2-top-slot-breakout.dir/tree/downloaded_tools/pico/pico-sdk/lib/tinyusb/src/common/tusb_fifo.c.obj
                0x0000000010007ea4                tu_fifo_remaining
 .text.tu_fifo_read
                0x0000000010007ec4       0x42 CMakeFiles/org2-top-slot-breakout.dir/tree/downloaded_tools/pico/pico-sdk/lib/tinyusb/src/common/tusb_fifo.c.obj
                0x0000000010007ec4                tu_fifo_read
 .text.tu_fifo_read_n
                0x0000000010007f06        0xa CMakeFiles/org2-top-slot-breakout.dir/tree/downloaded_tools/pico/pico-sdk/lib/tinyusb/src/common/tusb_fifo.c.obj
                0x0000000010007f06                tu_fifo_read_n
 .text.tu_fifo_write
                0x0000000010007f10       0x6c CMakeFiles/org2-top-slot-breakout.dir/tree/downloaded_tools/pico/pico-sdk/lib/tinyusb/src/common/tusb_fifo.c.obj
                0x0000000010007f10                tu_fifo_write
 .text.tu_fifo_write_n
                0x0000000010007f7c        0xa CMakeFiles/org2-top-slot-breakout.dir/tree/downloaded_tools/pico/pico-sdk/lib/tinyusb/src/common/tusb_fifo.c.obj
                0x0000000010007f7c                tu_fifo_write_n
 .text.tu_fifo_clear
                0x0000000010007f86       0x4c CMakeFiles/org2-top-slot-breakout.dir/tree/downloaded_tools/pico/pico-sdk/lib/tinyusb/src/common/tusb_fifo.c.obj
                0x0000000010007f86                tu_fifo_clear
 .text.tu_fifo_set_overwritable
                0x0000000010007fd2       0x3c CMakeFiles/org2-top-slot-breakout.dir/tree/downloaded_tools/pico/pico-sdk/lib/tinyusb/src/common/tusb_fifo.c.obj
                0x0000000010007fd2                tu_fifo_set_overwritable
 *fill*         0x000000001000800e        0x2 
 .text._retrieve_unique_id_on_boot
                0x0000000010008010       0x10 CMakeFiles/org2-top-slot-breakout.dir/tree/downloaded_tools/pico/pico-sdk/src/rp2_common/pico_unique_id/unique_id.c.obj
 .text.pico_get_unique_board_id_string
                0x0000000010008020       0x60 CMakeFiles/org2-top-slot-breakout.dir/tree/downloaded_tools/pico/pico-sdk/src/rp2_common/pico_unique_id/unique_id.c.obj
                0x0000000010008020                pico_get_unique_board_id_string
 .text.flash_get_unique_id
                0x0000000010008080       0x46 CMakeFiles/org2-top-slot-breakout.dir/tree/downloaded_tools/pico/pico-sdk/src/rp2_common/hardware_flash/flash.c.obj
                0x0000000010008080                flash_get_unique_id
 .text.core1_trampoline
                0x00000000100080c6        0x2 CMakeFiles/org2-top-slot-breakout.dir/tree/downloaded_tools/pico/pico-sdk/src/rp2_common/pico_multicore/multicore.c.obj
 .text.core1_wrapper
                0x00000000100080c8        0xc CMakeFiles/org2-top-slot-breakout.dir/tree/downloaded_tools/pico/pico-sdk/src/rp2_common/pico_multicore/multicore.c.obj
                0x00000000100080c8                core1_wrapper
 .text.multicore_fifo_push_blocking
                0x00000000100080d4       0x14 CMakeFiles/org2-top-slot-breakout.dir/tree/downloaded_tools/pico/pico-sdk/src/rp2_common/pico_multicore/multicore.c.obj
                0x00000000100080d4                multicore_fifo_push_blocking
 .text.multicore_fifo_pop_blocking
                0x00000000100080e8       0x16 CMakeFiles/org2-top-slot-breakout.dir/tree/downloaded_tools/pico/pico-sdk/src/rp2_common/pico_multicore/multicore.c.obj
                0x00000000100080e8                multicore_fifo_pop_blocking
 .text.multicore_launch_core1_raw
                0x00000000100080fe       0x6a CMakeFiles/org2-top-slot-breakout.dir/tree/downloaded_tools/pico/pico-sdk/src/rp2_common/pico_multicore/multicore.c.obj
                0x00000000100080fe                multicore_launch_core1_raw
 .text.multicore_launch_core1_with_stack
                0x0000000010008168       0x50 CMakeFiles/org2-top-slot-breakout.dir/tree/downloaded_tools/pico/pico-sdk/src/rp2_common/pico_multicore/multicore.c.obj
                0x0000000010008168                multicore_launch_core1_with_stack
 .text.multicore_launch_core1
                0x00000000100081b8       0x24 CMakeFiles/org2-top-slot-breakout.dir/tree/downloaded_tools/pico/pico-sdk/src/rp2_common/pico_multicore/multicore.c.obj
                0x00000000100081b8                multicore_launch_core1
 .text          0x00000000100081dc       0x68 /usr/lib/gcc/arm-none-eabi/9.2.1/../../../arm-none-eabi/lib/thumb/v6-m/nofp/libg.a(lib_a-strlen-stub.o)
                0x00000000100081dc                strlen
 *(.fini)
 .fini          0x0000000010008244        0x4 /usr/lib/gcc/arm-none-eabi/9.2.1/thumb/v6-m/nofp/crti.o
                0x0000000010008244                _fini
 .fini.__stub   0x0000000010008248       0x70 linker stubs
 *crtbegin.o(.ctors)
 *crtbegin?.o(.ctors)
 *(EXCLUDE_FILE(*crtend.o *crtend?.o) .ctors)
 *(SORT_BY_NAME(.ctors.*))
 *(.ctors)
 *crtbegin.o(.dtors)
 *crtbegin?.o(.dtors)
 *(EXCLUDE_FILE(*crtend.o *crtend?.o) .dtors)
 *(SORT_BY_NAME(.dtors.*))
 *(.dtors)
 *(.eh_frame*)
 .eh_frame      0x00000000100082b8        0x0 /usr/lib/gcc/arm-none-eabi/9.2.1/thumb/v6-m/nofp/crtbegin.o
                0x00000000100082b8                . = ALIGN (0x4)

.glue_7         0x00000000100082b8        0x0
 .glue_7        0x00000000100082b8        0x0 linker stubs

.glue_7t        0x00000000100082b8        0x0
 .glue_7t       0x00000000100082b8        0x0 linker stubs

.vfp11_veneer   0x00000000100082b8        0x0
 .vfp11_veneer  0x00000000100082b8        0x0 linker stubs

.v4_bx          0x00000000100082b8        0x0
 .v4_bx         0x00000000100082b8        0x0 linker stubs

.iplt           0x00000000100082b8        0x0
 .iplt          0x00000000100082b8        0x0 /usr/lib/gcc/arm-none-eabi/9.2.1/thumb/v6-m/nofp/crtbegin.o

.rodata         0x00000000100082b8     0x1a10
 *(EXCLUDE_FILE(*libm.a: *libc.a:*lib_a-mem*.o *libgcc.a:) .rodata*)
 .rodata.main.str1.4
                0x00000000100082b8       0x58 CMakeFiles/org2-top-slot-breakout.dir/org2-top-slot-breakout.c.obj
 .rodata.font_5x7_letters
                0x0000000010008310      0x1e0 CMakeFiles/org2-top-slot-breakout.dir/org2-top-slot-breakout.c.obj
                0x0000000010008310                font_5x7_letters
 .rodata.init_seq2
                0x00000000100084f0       0x1e CMakeFiles/org2-top-slot-breakout.dir/org2-top-slot-breakout.c.obj
                0x00000000100084f0                init_seq2
 *fill*         0x000000001000850e        0x2 
 .rodata.spin_lock_claim_unused.str1.4
                0x0000000010008510       0x1b CMakeFiles/org2-top-slot-breakout.dir/tree/downloaded_tools/pico/pico-sdk/src/rp2_common/hardware_sync/sync.c.obj
 *fill*         0x000000001000852b        0x1 
 .rodata.repeating_timer_callback.str1.4
                0x000000001000852c       0x55 CMakeFiles/org2-top-slot-breakout.dir/tree/downloaded_tools/pico/pico-sdk/src/common/pico_time/time.c.obj
 *fill*         0x0000000010008581        0x3 
 .rodata.alarm_pool_dump_key.str1.4
                0x0000000010008584       0x33 CMakeFiles/org2-top-slot-breakout.dir/tree/downloaded_tools/pico/pico-sdk/src/common/pico_time/time.c.obj
 *fill*         0x00000000100085b7        0x1 
 .rodata.ph_add_child_node.str1.4
                0x00000000100085b8       0x9e CMakeFiles/org2-top-slot-breakout.dir/tree/downloaded_tools/pico/pico-sdk/src/common/pico_time/time.c.obj
 *fill*         0x0000000010008656        0x2 
 .rodata.add_alarm_under_lock.str1.4
                0x0000000010008658       0x28 CMakeFiles/org2-top-slot-breakout.dir/tree/downloaded_tools/pico/pico-sdk/src/common/pico_time/time.c.obj
                                         0x2b (size before relaxing)
 .rodata.alarm_pool_alarm_callback.str1.4
                0x0000000010008680       0xee CMakeFiles/org2-top-slot-breakout.dir/tree/downloaded_tools/pico/pico-sdk/src/common/pico_time/time.c.obj
 *fill*         0x000000001000876e        0x2 
 .rodata.alarm_pool_get_default.str1.4
                0x0000000010008770       0x21 CMakeFiles/org2-top-slot-breakout.dir/tree/downloaded_tools/pico/pico-sdk/src/common/pico_time/time.c.obj
 *fill*         0x0000000010008791        0x3 
 .rodata.alarm_pool_cancel_alarm.str1.4
                0x0000000010008794       0x27 CMakeFiles/org2-top-slot-breakout.dir/tree/downloaded_tools/pico/pico-sdk/src/common/pico_time/time.c.obj
 *fill*         0x00000000100087bb        0x1 
 .rodata.sleep_until.str1.4
                0x00000000100087bc       0x4d CMakeFiles/org2-top-slot-breakout.dir/tree/downloaded_tools/pico/pico-sdk/src/common/pico_time/time.c.obj
 *fill*         0x0000000010008809        0x3 
 .rodata.__func__.5701
                0x000000001000880c       0x15 CMakeFiles/org2-top-slot-breakout.dir/tree/downloaded_tools/pico/pico-sdk/src/common/pico_time/time.c.obj
 *fill*         0x0000000010008821        0x3 
 .rodata.__func__.6002
                0x0000000010008824        0xc CMakeFiles/org2-top-slot-breakout.dir/tree/downloaded_tools/pico/pico-sdk/src/common/pico_time/time.c.obj
 .rodata.__func__.6009
                0x0000000010008830       0x12 CMakeFiles/org2-top-slot-breakout.dir/tree/downloaded_tools/pico/pico-sdk/src/common/pico_time/time.c.obj
 *fill*         0x0000000010008842        0x2 
 .rodata.__func__.6025
                0x0000000010008844        0xf CMakeFiles/org2-top-slot-breakout.dir/tree/downloaded_tools/pico/pico-sdk/src/common/pico_time/time.c.obj
 *fill*         0x0000000010008853        0x1 
 .rodata.__func__.6047
                0x0000000010008854        0xd CMakeFiles/org2-top-slot-breakout.dir/tree/downloaded_tools/pico/pico-sdk/src/common/pico_time/time.c.obj
 *fill*         0x0000000010008861        0x3 
 .rodata.__func__.6248
                0x0000000010008864        0xa CMakeFiles/org2-top-slot-breakout.dir/tree/downloaded_tools/pico/pico-sdk/src/common/pico_time/time.c.obj
 *fill*         0x000000001000886e        0x2 
 .rodata.__func__.6253
                0x0000000010008870       0x12 CMakeFiles/org2-top-slot-breakout.dir/tree/downloaded_tools/pico/pico-sdk/src/common/pico_time/time.c.obj
 *fill*         0x0000000010008882        0x2 
 .rodata.__func__.6268
                0x0000000010008884       0x17 CMakeFiles/org2-top-slot-breakout.dir/tree/downloaded_tools/pico/pico-sdk/src/common/pico_time/time.c.obj
 *fill*         0x000000001000889b        0x1 
 .rodata.__func__.6279
                0x000000001000889c       0x15 CMakeFiles/org2-top-slot-breakout.dir/tree/downloaded_tools/pico/pico-sdk/src/common/pico_time/time.c.obj
 *fill*         0x00000000100088b1        0x3 
 .rodata.__func__.6296
                0x00000000100088b4       0x1a CMakeFiles/org2-top-slot-breakout.dir/tree/downloaded_tools/pico/pico-sdk/src/common/pico_time/time.c.obj
 *fill*         0x00000000100088ce        0x2 
 .rodata.__func__.6335
                0x00000000100088d0       0x18 CMakeFiles/org2-top-slot-breakout.dir/tree/downloaded_tools/pico/pico-sdk/src/common/pico_time/time.c.obj
 .rodata.hardware_alarm_claim.str1.4
                0x00000000100088e8       0x22 CMakeFiles/org2-top-slot-breakout.dir/tree/downloaded_tools/pico/pico-sdk/src/rp2_common/hardware_timer/timer.c.obj
 *fill*         0x000000001000890a        0x2 
 .rodata.hardware_alarm_set_target.str1.4
                0x000000001000890c       0x6f CMakeFiles/org2-top-slot-breakout.dir/tree/downloaded_tools/pico/pico-sdk/src/rp2_common/hardware_timer/timer.c.obj
 *fill*         0x000000001000897b        0x1 
 .rodata.__func__.4548
                0x000000001000897c       0x1a CMakeFiles/org2-top-slot-breakout.dir/tree/downloaded_tools/pico/pico-sdk/src/rp2_common/hardware_timer/timer.c.obj
 *fill*         0x0000000010008996        0x2 
 .rodata.str1.4
                0x0000000010008998       0xbd CMakeFiles/org2-top-slot-breakout.dir/tree/downloaded_tools/pico/pico-sdk/src/common/pico_sync/mutex.c.obj
                                        0x129 (size before relaxing)
 *fill*         0x0000000010008a55        0x3 
 .rodata.__func__.4193
                0x0000000010008a58       0x15 CMakeFiles/org2-top-slot-breakout.dir/tree/downloaded_tools/pico/pico-sdk/src/common/pico_sync/mutex.c.obj
 *fill*         0x0000000010008a6d        0x3 
 .rodata.__func__.4610
                0x0000000010008a70       0x15 CMakeFiles/org2-top-slot-breakout.dir/tree/downloaded_tools/pico/pico-sdk/src/common/pico_sync/mutex.c.obj
 *fill*         0x0000000010008a85        0x3 
 .rodata.__func__.4635
                0x0000000010008a88       0x18 CMakeFiles/org2-top-slot-breakout.dir/tree/downloaded_tools/pico/pico-sdk/src/common/pico_sync/mutex.c.obj
 .rodata.__func__.4645
                0x0000000010008aa0        0xb CMakeFiles/org2-top-slot-breakout.dir/tree/downloaded_tools/pico/pico-sdk/src/common/pico_sync/mutex.c.obj
 .rodata.ph_add_child_node.str1.4
                0x0000000010008aab       0x9e CMakeFiles/org2-top-slot-breakout.dir/tree/downloaded_tools/pico/pico-sdk/src/common/pico_util/pheap.c.obj
 *fill*         0x0000000010008aab        0x1 
 .rodata.ph_remove_any_head.str1.4
                0x0000000010008aac       0x98 CMakeFiles/org2-top-slot-breakout.dir/tree/downloaded_tools/pico/pico-sdk/src/common/pico_util/pheap.c.obj
 .rodata.ph_remove_and_free_node.str1.4
                0x0000000010008b44       0x26 CMakeFiles/org2-top-slot-breakout.dir/tree/downloaded_tools/pico/pico-sdk/src/common/pico_util/pheap.c.obj
 *fill*         0x0000000010008b6a        0x2 
 .rodata.__func__.5708
                0x0000000010008b6c        0xc CMakeFiles/org2-top-slot-breakout.dir/tree/downloaded_tools/pico/pico-sdk/src/common/pico_util/pheap.c.obj
 .rodata.__func__.5715
                0x0000000010008b78       0x12 CMakeFiles/org2-top-slot-breakout.dir/tree/downloaded_tools/pico/pico-sdk/src/common/pico_util/pheap.c.obj
 *fill*         0x0000000010008b8a        0x2 
 .rodata.__func__.5801
                0x0000000010008b8c       0x13 CMakeFiles/org2-top-slot-breakout.dir/tree/downloaded_tools/pico/pico-sdk/src/common/pico_util/pheap.c.obj
 *fill*         0x0000000010008b9f        0x1 
 .rodata.__func__.5819
                0x0000000010008ba0       0x18 CMakeFiles/org2-top-slot-breakout.dir/tree/downloaded_tools/pico/pico-sdk/src/common/pico_util/pheap.c.obj
 .rodata.__assert_func.str1.4
                0x0000000010008bb8       0x3f CMakeFiles/org2-top-slot-breakout.dir/tree/downloaded_tools/pico/pico-sdk/src/rp2_common/pico_runtime/runtime.c.obj
                                         0x43 (size before relaxing)
 *fill*         0x0000000010008bf7        0x1 
 .rodata.panic.str1.4
                0x0000000010008bf8       0x12 CMakeFiles/org2-top-slot-breakout.dir/tree/downloaded_tools/pico/pico-sdk/src/rp2_common/pico_runtime/runtime.c.obj
 *fill*         0x0000000010008c0a        0x2 
 .rodata.clock_configure.str1.4
                0x0000000010008c0c       0x61 CMakeFiles/org2-top-slot-breakout.dir/tree/downloaded_tools/pico/pico-sdk/src/rp2_common/hardware_clocks/clocks.c.obj
 *fill*         0x0000000010008c6d        0x3 
 .rodata.__func__.4667
                0x0000000010008c70       0x10 CMakeFiles/org2-top-slot-breakout.dir/tree/downloaded_tools/pico/pico-sdk/src/rp2_common/hardware_clocks/clocks.c.obj
 .rodata.make_branch.str1.4
                0x0000000010008c80       0x57 CMakeFiles/org2-top-slot-breakout.dir/tree/downloaded_tools/pico/pico-sdk/src/rp2_common/hardware_irq/irq.c.obj
 *fill*         0x0000000010008cd7        0x1 
 .rodata.irq_set_exclusive_handler.str1.4
                0x0000000010008cd8       0x36 CMakeFiles/org2-top-slot-breakout.dir/tree/downloaded_tools/pico/pico-sdk/src/rp2_common/hardware_irq/irq.c.obj
 *fill*         0x0000000010008d0e        0x2 
 .rodata.irq_add_shared_handler.str1.4
                0x0000000010008d10       0xd9 CMakeFiles/org2-top-slot-breakout.dir/tree/downloaded_tools/pico/pico-sdk/src/rp2_common/hardware_irq/irq.c.obj
 *fill*         0x0000000010008de9        0x3 
 .rodata.irq_remove_handler.str1.4
                0x0000000010008dec       0x2a CMakeFiles/org2-top-slot-breakout.dir/tree/downloaded_tools/pico/pico-sdk/src/rp2_common/hardware_irq/irq.c.obj
 *fill*         0x0000000010008e16        0x2 
 .rodata.irq_add_tail_to_free_list.str1.4
                0x0000000010008e18       0x32 CMakeFiles/org2-top-slot-breakout.dir/tree/downloaded_tools/pico/pico-sdk/src/rp2_common/hardware_irq/irq.c.obj
                                         0x3a (size before relaxing)
 *fill*         0x0000000010008e4a        0x2 
 .rodata.__func__.4703
                0x0000000010008e4c       0x1a CMakeFiles/org2-top-slot-breakout.dir/tree/downloaded_tools/pico/pico-sdk/src/rp2_common/hardware_irq/irq.c.obj
 *fill*         0x0000000010008e66        0x2 
 .rodata.__func__.4717
                0x0000000010008e68        0xc CMakeFiles/org2-top-slot-breakout.dir/tree/downloaded_tools/pico/pico-sdk/src/rp2_common/hardware_irq/irq.c.obj
 .rodata.__func__.4725
                0x0000000010008e74       0x17 CMakeFiles/org2-top-slot-breakout.dir/tree/downloaded_tools/pico/pico-sdk/src/rp2_common/hardware_irq/irq.c.obj
 *fill*         0x0000000010008e8b        0x1 
 .rodata.__func__.4729
                0x0000000010008e8c        0xf CMakeFiles/org2-top-slot-breakout.dir/tree/downloaded_tools/pico/pico-sdk/src/rp2_common/hardware_irq/irq.c.obj
 *fill*         0x0000000010008e9b        0x1 
 .rodata.__func__.4768
                0x0000000010008e9c       0x13 CMakeFiles/org2-top-slot-breakout.dir/tree/downloaded_tools/pico/pico-sdk/src/rp2_common/hardware_irq/irq.c.obj
 *fill*         0x0000000010008eaf        0x1 
 .rodata.__func__.4787
                0x0000000010008eb0       0x1a CMakeFiles/org2-top-slot-breakout.dir/tree/downloaded_tools/pico/pico-sdk/src/rp2_common/hardware_irq/irq.c.obj
 *fill*         0x0000000010008eca        0x2 
 .rodata.pll_init.str1.4
                0x0000000010008ecc       0xe3 CMakeFiles/org2-top-slot-breakout.dir/tree/downloaded_tools/pico/pico-sdk/src/rp2_common/hardware_pll/pll.c.obj
 *fill*         0x0000000010008faf        0x1 
 .rodata.__func__.4402
                0x0000000010008fb0        0x9 CMakeFiles/org2-top-slot-breakout.dir/tree/downloaded_tools/pico/pico-sdk/src/rp2_common/hardware_pll/pll.c.obj
 *fill*         0x0000000010008fb9        0x3 
 .rodata._ftoa.str1.4
                0x0000000010008fbc       0x15 CMakeFiles/org2-top-slot-breakout.dir/tree/downloaded_tools/pico/pico-sdk/src/rp2_common/pico_printf/printf.c.obj
 *fill*         0x0000000010008fd1        0x3 
 .rodata._vsnprintf
                0x0000000010008fd4      0x1e0 CMakeFiles/org2-top-slot-breakout.dir/tree/downloaded_tools/pico/pico-sdk/src/rp2_common/pico_printf/printf.c.obj
 *fill*         0x00000000100091b4        0x4 
 .rodata.pow10.5422
                0x00000000100091b8       0x50 CMakeFiles/org2-top-slot-breakout.dir/tree/downloaded_tools/pico/pico-sdk/src/rp2_common/pico_printf/printf.c.obj
 .rodata.__aeabi_double_init.str1.4
                0x0000000010009208       0xb2 CMakeFiles/org2-top-slot-breakout.dir/tree/downloaded_tools/pico/pico-sdk/src/rp2_common/pico_double/double_init_rom.c.obj
 *fill*         0x00000000100092ba        0x2 
 .rodata.__func__.4668
                0x00000000100092bc       0x14 CMakeFiles/org2-top-slot-breakout.dir/tree/downloaded_tools/pico/pico-sdk/src/rp2_common/pico_double/double_init_rom.c.obj
 .rodata.__aeabi_float_init.str1.4
                0x00000000100092d0       0x84 CMakeFiles/org2-top-slot-breakout.dir/tree/downloaded_tools/pico/pico-sdk/src/rp2_common/pico_float/float_init_rom.c.obj
                                         0x88 (size before relaxing)
 .rodata.__func__.4670
                0x0000000010009354       0x13 CMakeFiles/org2-top-slot-breakout.dir/tree/downloaded_tools/pico/pico-sdk/src/rp2_common/pico_float/float_init_rom.c.obj
 *fill*         0x0000000010009367        0x1 
 .rodata.str1.4
                0x0000000010009368       0x50 CMakeFiles/org2-top-slot-breakout.dir/tree/downloaded_tools/pico/pico-sdk/src/rp2_common/pico_standard_link/binary_info.c.obj
 .rodata.__bi_44
                0x00000000100093b8        0xc CMakeFiles/org2-top-slot-breakout.dir/tree/downloaded_tools/pico/pico-sdk/src/rp2_common/pico_standard_link/binary_info.c.obj
 .rodata.__bi_56
                0x00000000100093c4        0xc CMakeFiles/org2-top-slot-breakout.dir/tree/downloaded_tools/pico/pico-sdk/src/rp2_common/pico_standard_link/binary_info.c.obj
 .rodata.__bi_75
                0x00000000100093d0        0xc CMakeFiles/org2-top-slot-breakout.dir/tree/downloaded_tools/pico/pico-sdk/src/rp2_common/pico_standard_link/binary_info.c.obj
 .rodata.__bi_81
                0x00000000100093dc        0xc CMakeFiles/org2-top-slot-breakout.dir/tree/downloaded_tools/pico/pico-sdk/src/rp2_common/pico_standard_link/binary_info.c.obj
 .rodata.crlf_str.6013
                0x00000000100093e8        0x2 CMakeFiles/org2-top-slot-breakout.dir/tree/downloaded_tools/pico/pico-sdk/src/rp2_common/pico_stdio/stdio.c.obj
 *fill*         0x00000000100093ea        0x2 
 .rodata.str1.4
                0x00000000100093ec       0x2c CMakeFiles/org2-top-slot-breakout.dir/tree/downloaded_tools/pico/pico-sdk/src/rp2_common/pico_stdio_uart/stdio_uart.c.obj
 .rodata.__bi_28.4739
                0x0000000010009418        0xc CMakeFiles/org2-top-slot-breakout.dir/tree/downloaded_tools/pico/pico-sdk/src/rp2_common/pico_stdio_uart/stdio_uart.c.obj
 .rodata.__bi_29.4743
                0x0000000010009424        0x8 CMakeFiles/org2-top-slot-breakout.dir/tree/downloaded_tools/pico/pico-sdk/src/rp2_common/pico_stdio_uart/stdio_uart.c.obj
 .rodata._resetd_driver
                0x000000001000942c       0x18 CMakeFiles/org2-top-slot-breakout.dir/tree/downloaded_tools/pico/pico-sdk/src/rp2_common/pico_stdio_usb/reset_interface.c.obj
 .rodata.stdio_usb_init.str1.4
                0x0000000010009444       0x6b CMakeFiles/org2-top-slot-breakout.dir/tree/downloaded_tools/pico/pico-sdk/src/rp2_common/pico_stdio_usb/stdio_usb.c.obj
 .rodata.str1.4
                0x0000000010009444       0x13 CMakeFiles/org2-top-slot-breakout.dir/tree/downloaded_tools/pico/pico-sdk/src/rp2_common/pico_stdio_usb/stdio_usb.c.obj
 *fill*         0x0000000010009457        0x1 
 .rodata.__bi_93.7154
                0x0000000010009458        0xc CMakeFiles/org2-top-slot-breakout.dir/tree/downloaded_tools/pico/pico-sdk/src/rp2_common/pico_stdio_usb/stdio_usb.c.obj
 .rodata.__func__.5424
                0x0000000010009464       0x15 CMakeFiles/org2-top-slot-breakout.dir/tree/downloaded_tools/pico/pico-sdk/src/rp2_common/pico_stdio_usb/stdio_usb.c.obj
 *fill*         0x0000000010009479        0x3 
 .rodata.str1.4
                0x000000001000947c       0x2a CMakeFiles/org2-top-slot-breakout.dir/tree/downloaded_tools/pico/pico-sdk/src/rp2_common/pico_stdio_usb/stdio_usb_descriptors.c.obj
 *fill*         0x00000000100094a6        0x2 
 .rodata.usbd_desc_cfg
                0x00000000100094a8       0x54 CMakeFiles/org2-top-slot-breakout.dir/tree/downloaded_tools/pico/pico-sdk/src/rp2_common/pico_stdio_usb/stdio_usb_descriptors.c.obj
 .rodata.usbd_desc_device
                0x00000000100094fc       0x12 CMakeFiles/org2-top-slot-breakout.dir/tree/downloaded_tools/pico/pico-sdk/src/rp2_common/pico_stdio_usb/stdio_usb_descriptors.c.obj
 *fill*         0x000000001000950e        0x2 
 .rodata.usbd_desc_str
                0x0000000010009510       0x18 CMakeFiles/org2-top-slot-breakout.dir/tree/downloaded_tools/pico/pico-sdk/src/rp2_common/pico_stdio_usb/stdio_usb_descriptors.c.obj
 .rodata._hw_endpoint_alloc.str1.4
                0x0000000010009528       0xc1 CMakeFiles/org2-top-slot-breakout.dir/tree/downloaded_tools/pico/pico-sdk/lib/tinyusb/src/portable/raspberrypi/rp2040/dcd_rp2040.c.obj
 *fill*         0x00000000100095e9        0x3 
 .rodata._hw_endpoint_init.str1.4
                0x00000000100095ec       0x28 CMakeFiles/org2-top-slot-breakout.dir/tree/downloaded_tools/pico/pico-sdk/lib/tinyusb/src/portable/raspberrypi/rp2040/dcd_rp2040.c.obj
 .rodata.hw_handle_buff_status.str1.4
                0x0000000010009614        0xb CMakeFiles/org2-top-slot-breakout.dir/tree/downloaded_tools/pico/pico-sdk/lib/tinyusb/src/portable/raspberrypi/rp2040/dcd_rp2040.c.obj
 *fill*         0x000000001000961f        0x1 
 .rodata.dcd_rp2040_irq.str1.4
                0x0000000010009620       0x14 CMakeFiles/org2-top-slot-breakout.dir/tree/downloaded_tools/pico/pico-sdk/lib/tinyusb/src/portable/raspberrypi/rp2040/dcd_rp2040.c.obj
 .rodata._hw_endpoint_stall.str1.4
                0x0000000010009634        0xd CMakeFiles/org2-top-slot-breakout.dir/tree/downloaded_tools/pico/pico-sdk/lib/tinyusb/src/portable/raspberrypi/rp2040/dcd_rp2040.c.obj
 *fill*         0x0000000010009641        0x3 
 .rodata.dcd_int_enable.str1.4
                0x0000000010009644        0xc CMakeFiles/org2-top-slot-breakout.dir/tree/downloaded_tools/pico/pico-sdk/lib/tinyusb/src/portable/raspberrypi/rp2040/dcd_rp2040.c.obj
 .rodata.__func__.6859
                0x0000000010009650       0x13 CMakeFiles/org2-top-slot-breakout.dir/tree/downloaded_tools/pico/pico-sdk/lib/tinyusb/src/portable/raspberrypi/rp2040/dcd_rp2040.c.obj
 *fill*         0x0000000010009663        0x1 
 .rodata.__func__.6890
                0x0000000010009664       0x16 CMakeFiles/org2-top-slot-breakout.dir/tree/downloaded_tools/pico/pico-sdk/lib/tinyusb/src/portable/raspberrypi/rp2040/dcd_rp2040.c.obj
 *fill*         0x000000001000967a        0x2 
 .rodata.__func__.6911
                0x000000001000967c       0x13 CMakeFiles/org2-top-slot-breakout.dir/tree/downloaded_tools/pico/pico-sdk/lib/tinyusb/src/portable/raspberrypi/rp2040/dcd_rp2040.c.obj
 *fill*         0x000000001000968f        0x1 
 .rodata.__func__.6932
                0x0000000010009690        0x9 CMakeFiles/org2-top-slot-breakout.dir/tree/downloaded_tools/pico/pico-sdk/lib/tinyusb/src/portable/raspberrypi/rp2040/dcd_rp2040.c.obj
 *fill*         0x0000000010009699        0x3 
 .rodata.__func__.6936
                0x000000001000969c        0xf CMakeFiles/org2-top-slot-breakout.dir/tree/downloaded_tools/pico/pico-sdk/lib/tinyusb/src/portable/raspberrypi/rp2040/dcd_rp2040.c.obj
 *fill*         0x00000000100096ab        0x1 
 .rodata.__func__.6945
                0x00000000100096ac       0x10 CMakeFiles/org2-top-slot-breakout.dir/tree/downloaded_tools/pico/pico-sdk/lib/tinyusb/src/portable/raspberrypi/rp2040/dcd_rp2040.c.obj
 .rodata.__func__.6957