Archive member included to satisfy reference by file (symbol)

/usr/lib/gcc/arm-none-eabi/9.2.1/thumb/v6-m/nofp/libgcc.a(_dvmd_tls.o)
                              CMakeFiles/org2-top-slot-breakout.dir/tree/downloaded_tools/pico/pico-sdk/src/rp2_common/pico_divider/divider.S.obj (__aeabi_idiv0)
/usr/lib/gcc/arm-none-eabi/9.2.1/../../../arm-none-eabi/lib/thumb/v6-m/nofp/libg.a(lib_a-atexit.o)
                              /usr/lib/gcc/arm-none-eabi/9.2.1/../../../arm-none-eabi/lib/thumb/v6-m/nofp/crt0.o (atexit)
/usr/lib/gcc/arm-none-eabi/9.2.1/../../../arm-none-eabi/lib/thumb/v6-m/nofp/libg.a(lib_a-calloc.o)
                              CMakeFiles/org2-top-slot-breakout.dir/tree/downloaded_tools/pico/pico-sdk/src/rp2_common/pico_malloc/pico_malloc.c.obj (calloc)
/usr/lib/gcc/arm-none-eabi/9.2.1/../../../arm-none-eabi/lib/thumb/v6-m/nofp/libg.a(lib_a-callocr.o)
                              /usr/lib/gcc/arm-none-eabi/9.2.1/../../../arm-none-eabi/lib/thumb/v6-m/nofp/libg.a(lib_a-calloc.o) (_calloc_r)
/usr/lib/gcc/arm-none-eabi/9.2.1/../../../arm-none-eabi/lib/thumb/v6-m/nofp/libg.a(lib_a-ctype_.o)
                              CMakeFiles/org2-top-slot-breakout.dir/tree/downloaded_tools/pico/pico-sdk/lib/tinyusb/src/tusb.c.obj (_ctype_)
/usr/lib/gcc/arm-none-eabi/9.2.1/../../../arm-none-eabi/lib/thumb/v6-m/nofp/libg.a(lib_a-errno.o)
                              CMakeFiles/org2-top-slot-breakout.dir/tree/downloaded_tools/pico/no-OS-FatFS-SD-SPI-RPi-Pico/FatFs_SPI/src/ff_stdio.c.obj (__errno)
/usr/lib/gcc/arm-none-eabi/9.2.1/../../../arm-none-eabi/lib/thumb/v6-m/nofp/libg.a(lib_a-fflush.o)
                              CMakeFiles/org2-top-slot-breakout.dir/tree/downloaded_tools/pico/no-OS-FatFS-SD-SPI-RPi-Pico/FatFs_SPI/sd_driver/demo_logging.c.obj (fflush)
/usr/lib/gcc/arm-none-eabi/9.2.1/../../../arm-none-eabi/lib/thumb/v6-m/nofp/libg.a(lib_a-findfp.o)
                              /usr/lib/gcc/arm-none-eabi/9.2.1/../../../arm-none-eabi/lib/thumb/v6-m/nofp/libg.a(lib_a-fflush.o) (__sinit)
/usr/lib/gcc/arm-none-eabi/9.2.1/../../../arm-none-eabi/lib/thumb/v6-m/nofp/libg.a(lib_a-fini.o)
                              /usr/lib/gcc/arm-none-eabi/9.2.1/../../../arm-none-eabi/lib/thumb/v6-m/nofp/crt0.o (__libc_fini_array)
/usr/lib/gcc/arm-none-eabi/9.2.1/../../../arm-none-eabi/lib/thumb/v6-m/nofp/libg.a(lib_a-freer.o)
                              /usr/lib/gcc/arm-none-eabi/9.2.1/../../../arm-none-eabi/lib/thumb/v6-m/nofp/libg.a(lib_a-fflush.o) (_free_r)
/usr/lib/gcc/arm-none-eabi/9.2.1/../../../arm-none-eabi/lib/thumb/v6-m/nofp/libg.a(lib_a-fwalk.o)
                              /usr/lib/gcc/arm-none-eabi/9.2.1/../../../arm-none-eabi/lib/thumb/v6-m/nofp/libg.a(lib_a-findfp.o) (_fwalk)
/usr/lib/gcc/arm-none-eabi/9.2.1/../../../arm-none-eabi/lib/thumb/v6-m/nofp/libg.a(lib_a-impure.o)
                              /usr/lib/gcc/arm-none-eabi/9.2.1/../../../arm-none-eabi/lib/thumb/v6-m/nofp/libg.a(lib_a-fflush.o) (_global_impure_ptr)
/usr/lib/gcc/arm-none-eabi/9.2.1/../../../arm-none-eabi/lib/thumb/v6-m/nofp/libg.a(lib_a-init.o)
                              /usr/lib/gcc/arm-none-eabi/9.2.1/../../../arm-none-eabi/lib/thumb/v6-m/nofp/crt0.o (__libc_init_array)
/usr/lib/gcc/arm-none-eabi/9.2.1/../../../arm-none-eabi/lib/thumb/v6-m/nofp/libg.a(lib_a-malloc.o)
                              CMakeFiles/org2-top-slot-breakout.dir/tree/downloaded_tools/pico/pico-sdk/src/rp2_common/pico_malloc/pico_malloc.c.obj (malloc)
/usr/lib/gcc/arm-none-eabi/9.2.1/../../../arm-none-eabi/lib/thumb/v6-m/nofp/libg.a(lib_a-mallocr.o)
                              /usr/lib/gcc/arm-none-eabi/9.2.1/../../../arm-none-eabi/lib/thumb/v6-m/nofp/libg.a(lib_a-callocr.o) (_malloc_r)
/usr/lib/gcc/arm-none-eabi/9.2.1/../../../arm-none-eabi/lib/thumb/v6-m/nofp/libg.a(lib_a-mktime.o)
                              CMakeFiles/org2-top-slot-breakout.dir/tree/downloaded_tools/pico/no-OS-FatFS-SD-SPI-RPi-Pico/FatFs_SPI/src/rtc.c.obj (mktime)
/usr/lib/gcc/arm-none-eabi/9.2.1/../../../arm-none-eabi/lib/thumb/v6-m/nofp/libg.a(lib_a-mlock.o)
                              /usr/lib/gcc/arm-none-eabi/9.2.1/../../../arm-none-eabi/lib/thumb/v6-m/nofp/libg.a(lib_a-freer.o) (__malloc_lock)
/usr/lib/gcc/arm-none-eabi/9.2.1/../../../arm-none-eabi/lib/thumb/v6-m/nofp/libg.a(lib_a-sbrkr.o)
                              /usr/lib/gcc/arm-none-eabi/9.2.1/../../../arm-none-eabi/lib/thumb/v6-m/nofp/libg.a(lib_a-freer.o) (_sbrk_r)
/usr/lib/gcc/arm-none-eabi/9.2.1/../../../arm-none-eabi/lib/thumb/v6-m/nofp/libg.a(lib_a-stdio.o)
                              /usr/lib/gcc/arm-none-eabi/9.2.1/../../../arm-none-eabi/lib/thumb/v6-m/nofp/libg.a(lib_a-findfp.o) (__sread)
/usr/lib/gcc/arm-none-eabi/9.2.1/../../../arm-none-eabi/lib/thumb/v6-m/nofp/libg.a(lib_a-strchr.o)
                              CMakeFiles/org2-top-slot-breakout.dir/tree/downloaded_tools/pico/no-OS-FatFS-SD-SPI-RPi-Pico/FatFs_SPI/src/ff_stdio.c.obj (strchr)
[...]
Memory Configuration

Name             Origin             Length             Attributes
FLASH            0x0000000010000000 0x0000000000200000 xr
RAM              0x0000000020000000 0x0000000000040000 xrw
SCRATCH_X        0x0000000020040000 0x0000000000001000 xrw
SCRATCH_Y        0x0000000020041000 0x0000000000001000 xrw
*default*        0x0000000000000000 0xffffffffffffffff

Linker script and memory map

LOAD /usr/lib/gcc/arm-none-eabi/9.2.1/thumb/v6-m/nofp/crti.o
LOAD /usr/lib/gcc/arm-none-eabi/9.2.1/thumb/v6-m/nofp/crtbegin.o
LOAD /usr/lib/gcc/arm-none-eabi/9.2.1/../../../arm-none-eabi/lib/thumb/v6-m/nofp/crt0.o

.flash_begin    0x0000000010000000        0x0
                0x0000000010000000                __flash_binary_start = .

.boot2          0x0000000010000000      0x100
                0x0000000010000000                __boot2_start__ = .
 *(.boot2)
 .boot2         0x0000000010000000      0x100 /tmp/ccyl4Fgz.o
                0x0000000010000100                __boot2_end__ = .
                0x0000000000000001                ASSERT (((__boot2_end__ - __boot2_start__) == 0x100), ERROR: Pico second stage bootloader must be 256 bytes in size)

.text           0x0000000010000100     0x7e28
                0x0000000010000100                __logical_binary_start = .
 *(.vectors)
 .vectors       0x0000000010000100       0xd4 CMakeFiles/org2-top-slot-breakout.dir/tree/downloaded_tools/pico/pico-sdk/src/rp2_common/pico_standard_link/crt0.S.obj
                0x0000000010000100                __vectors
                0x0000000010000100                __VECTOR_TABLE
                0x00000000100001c0                isr_invalid
                0x00000000100001c0                __default_isrs_start
                0x00000000100001c2                isr_nmi
                0x00000000100001c4                isr_hardfault
                0x00000000100001c6                isr_svcall
                0x00000000100001c8                isr_pendsv
                0x00000000100001ca                isr_systick
                0x00000000100001cc                isr_irq30
                0x00000000100001cc                __unhandled_user_irq
                0x00000000100001cc                isr_irq13
                0x00000000100001cc                isr_irq27
                0x00000000100001cc                isr_irq31
                0x00000000100001cc                isr_irq5
                0x00000000100001cc                isr_irq11
                0x00000000100001cc                isr_irq23
                0x00000000100001cc                isr_irq18
                0x00000000100001cc                isr_irq28
                0x00000000100001cc                isr_irq19
                0x00000000100001cc                isr_irq0
                0x00000000100001cc                isr_irq6
                0x00000000100001cc                isr_irq22
                0x00000000100001cc                isr_irq17
                0x00000000100001cc                isr_irq14
                0x00000000100001cc                isr_irq2
                0x00000000100001cc                isr_irq10
                0x00000000100001cc                isr_irq8
                0x00000000100001cc                isr_irq24
                0x00000000100001cc                isr_irq1
                0x00000000100001cc                isr_irq7
                0x00000000100001cc                isr_irq21
                0x00000000100001cc                isr_irq20
                0x00000000100001cc                isr_irq15
                0x00000000100001cc                isr_irq25
                0x00000000100001cc                isr_irq4
                0x00000000100001cc                isr_irq16
                0x00000000100001cc                isr_irq29
                0x00000000100001cc                isr_irq26
                0x00000000100001cc                __default_isrs_end
                0x00000000100001cc                isr_irq3
                0x00000000100001cc                isr_irq12
                0x00000000100001cc                isr_irq9
                0x00000000100001d2                unhandled_user_irq_num_in_r0
 *(.binary_info_header)
 .binary_info_header
                0x00000000100001d4       0x14 CMakeFiles/org2-top-slot-breakout.dir/tree/downloaded_tools/pico/pico-sdk/src/rp2_common/pico_standard_link/crt0.S.obj
                0x00000000100001e8                __binary_info_header_end = .
 *(.reset)
 .reset         0x00000000100001e8       0xa8 CMakeFiles/org2-top-slot-breakout.dir/tree/downloaded_tools/pico/pico-sdk/src/rp2_common/pico_standard_link/crt0.S.obj
                0x00000000100001e8                _entry_point
                0x0000000010000266                __get_current_exception
 .reset         0x0000000010000290       0x30 CMakeFiles/org2-top-slot-breakout.dir/tree/downloaded_tools/pico/pico-sdk/src/rp2_common/pico_standard_link/binary_info.c.obj
 *(.init)
 .init          0x00000000100002c0        0x4 /usr/lib/gcc/arm-none-eabi/9.2.1/thumb/v6-m/nofp/crti.o
                0x00000000100002c0                _init
 *(EXCLUDE_FILE(*libm.a: *libc.a:*lib_a-mem*.o *libgcc.a:) .text*)
 .text          0x00000000100002c4       0x98 /usr/lib/gcc/arm-none-eabi/9.2.1/thumb/v6-m/nofp/crtbegin.o
 .text.handle_address
                0x000000001000035c      0x42c CMakeFiles/org2-top-slot-breakout.dir/org2-top-slot-breakout.c.obj
                0x000000001000035c                handle_address
 .text.i2c_release
                0x0000000010000788       0x16 CMakeFiles/org2-top-slot-breakout.dir/org2-top-slot-breakout.c.obj
                0x0000000010000788                i2c_release
 .text.i2c_delay
                0x000000001000079e        0xc CMakeFiles/org2-top-slot-breakout.dir/org2-top-slot-breakout.c.obj
                0x000000001000079e                i2c_delay
 .text.i2c_sda_low
                0x00000000100007aa        0xe CMakeFiles/org2-top-slot-breakout.dir/org2-top-slot-breakout.c.obj
                0x00000000100007aa                i2c_sda_low
 .text.i2c_sda_high
                0x00000000100007b8        0xc CMakeFiles/org2-top-slot-breakout.dir/org2-top-slot-breakout.c.obj
                0x00000000100007b8                i2c_sda_high
 .text.i2c_scl_low
                0x00000000100007c4        0xe CMakeFiles/org2-top-slot-breakout.dir/org2-top-slot-breakout.c.obj
                0x00000000100007c4                i2c_scl_low
 .text.i2c_scl_high
                0x00000000100007d2        0xc CMakeFiles/org2-top-slot-breakout.dir/org2-top-slot-breakout.c.obj
                0x00000000100007d2                i2c_scl_high
 .text.i2c_read_sda
                0x00000000100007de        0xe CMakeFiles/org2-top-slot-breakout.dir/org2-top-slot-breakout.c.obj
                0x00000000100007de                i2c_read_sda
 .text.i2c_start
                0x00000000100007ec       0x1c CMakeFiles/org2-top-slot-breakout.dir/org2-top-slot-breakout.c.obj
                0x00000000100007ec                i2c_start
 .text.i2c_stop
                0x0000000010000808       0x1c CMakeFiles/org2-top-slot-breakout.dir/org2-top-slot-breakout.c.obj
                0x0000000010000808                i2c_stop
 .text.i2c_send_byte
                0x0000000010000824       0x7e CMakeFiles/org2-top-slot-breakout.dir/org2-top-slot-breakout.c.obj
                0x0000000010000824                i2c_send_byte
 .text.i2c_init
                0x00000000100008a2       0x10 CMakeFiles/org2-top-slot-breakout.dir/org2-top-slot-breakout.c.obj
                0x00000000100008a2                i2c_init
 .text.oled_send_cmd
                0x00000000100008b2       0x70 CMakeFiles/org2-top-slot-breakout.dir/org2-top-slot-breakout.c.obj
                0x00000000100008b2                oled_send_cmd
 .text.oled_set_xy
                0x0000000010000922       0x54 CMakeFiles/org2-top-slot-breakout.dir/org2-top-slot-breakout.c.obj
                0x0000000010000922                oled_set_xy
 .text.oled_gap
                0x0000000010000976       0x18 CMakeFiles/org2-top-slot-breakout.dir/org2-top-slot-breakout.c.obj
                0x0000000010000976                oled_gap
 *fill*         0x000000001000098e        0x2 
 .text.oled_display_string
                0x0000000010000990       0x50 CMakeFiles/org2-top-slot-breakout.dir/org2-top-slot-breakout.c.obj
                0x0000000010000990                oled_display_string
 .text.oled_clear_display
                0x00000000100009e0       0x34 CMakeFiles/org2-top-slot-breakout.dir/org2-top-slot-breakout.c.obj
                0x00000000100009e0                oled_clear_display
 .text.oled_setup
                0x0000000010000a14       0x48 CMakeFiles/org2-top-slot-breakout.dir/org2-top-slot-breakout.c.obj
                0x0000000010000a14                oled_setup
 .text.main     0x0000000010000a5c      0x4cc CMakeFiles/org2-top-slot-breakout.dir/org2-top-slot-breakout.c.obj
                0x0000000010000a5c                main
 .text.gpio_set_function
                0x0000000010000f28       0x30 CMakeFiles/org2-top-slot-breakout.dir/tree/downloaded_tools/pico/pico-sdk/src/rp2_common/hardware_gpio/gpio.c.obj
                0x0000000010000f28                gpio_set_function
 .text.gpio_init
                0x0000000010000f58       0x16 CMakeFiles/org2-top-slot-breakout.dir/tree/downloaded_tools/pico/pico-sdk/src/rp2_common/hardware_gpio/gpio.c.obj
                0x0000000010000f58                gpio_init
 *fill*         0x0000000010000f6e        0x2 
 .text.hw_claim_lock
                0x0000000010000f70       0x18 CMakeFiles/org2-top-slot-breakout.dir/tree/downloaded_tools/pico/pico-sdk/src/rp2_common/hardware_claim/claim.c.obj
                0x0000000010000f70                hw_claim_lock
 .text.hw_claim_unlock
                0x0000000010000f88       0x14 CMakeFiles/org2-top-slot-breakout.dir/tree/downloaded_tools/pico/pico-sdk/src/rp2_common/hardware_claim/claim.c.obj
                0x0000000010000f88                hw_claim_unlock
 .text.hw_claim_or_assert
                0x0000000010000f9c       0x32 CMakeFiles/org2-top-slot-breakout.dir/tree/downloaded_tools/pico/pico-sdk/src/rp2_common/hardware_claim/claim.c.obj
                0x0000000010000f9c                hw_claim_or_assert
 .text.hw_claim_unused_from_range
                0x0000000010000fce       0x50 CMakeFiles/org2-top-slot-breakout.dir/tree/downloaded_tools/pico/pico-sdk/src/rp2_common/hardware_claim/claim.c.obj
                0x0000000010000fce                hw_claim_unused_from_range
 *fill*         0x000000001000101e        0x2 
 .text.running_on_fpga
                0x0000000010001020       0x14 CMakeFiles/org2-top-slot-breakout.dir/tree/downloaded_tools/pico/pico-sdk/src/rp2_common/pico_platform/platform.c.obj
                0x0000000010001020                running_on_fpga
 .text.spin_locks_reset
                0x0000000010001034       0x20 CMakeFiles/org2-top-slot-breakout.dir/tree/downloaded_tools/pico/pico-sdk/src/rp2_common/hardware_sync/sync.c.obj
                0x0000000010001034                spin_locks_reset
 .text.next_striped_spin_lock_num
                0x0000000010001054       0x1c CMakeFiles/org2-top-slot-breakout.dir/tree/downloaded_tools/pico/pico-sdk/src/rp2_common/hardware_sync/sync.c.obj
                0x0000000010001054                next_striped_spin_lock_num
 .text.spin_lock_claim_unused
                0x0000000010001070       0x20 CMakeFiles/org2-top-slot-breakout.dir/tree/downloaded_tools/pico/pico-sdk/src/rp2_common/hardware_sync/sync.c.obj
                0x0000000010001070                spin_lock_claim_unused
 .text.uart_set_baudrate
                0x0000000010001090       0x5c CMakeFiles/org2-top-slot-breakout.dir/tree/downloaded_tools/pico/pico-sdk/src/rp2_common/hardware_uart/uart.c.obj
                0x0000000010001090                uart_set_baudrate
 .text.uart_set_translate_crlf
                0x00000000100010ec       0x28 CMakeFiles/org2-top-slot-breakout.dir/tree/downloaded_tools/pico/pico-sdk/src/rp2_common/hardware_uart/uart.c.obj
                0x00000000100010ec                uart_set_translate_crlf
 .text.uart_init
                0x0000000010001114       0x80 CMakeFiles/org2-top-slot-breakout.dir/tree/downloaded_tools/pico/pico-sdk/src/rp2_common/hardware_uart/uart.c.obj
                0x0000000010001114                uart_init
 .text.alarm_pool_post_alloc_init
                0x0000000010001194       0x40 CMakeFiles/org2-top-slot-breakout.dir/tree/downloaded_tools/pico/pico-sdk/src/common/pico_time/time.c.obj
 .text.sleep_until_callback
                0x00000000100011d4       0x30 CMakeFiles/org2-top-slot-breakout.dir/tree/downloaded_tools/pico/pico-sdk/src/common/pico_time/time.c.obj
 .text.timer_pool_entry_comparator
                0x0000000010001204       0x7c CMakeFiles/org2-top-slot-breakout.dir/tree/downloaded_tools/pico/pico-sdk/src/common/pico_time/time.c.obj
                0x0000000010001204                timer_pool_entry_comparator
 .text.ph_add_child_node
                0x0000000010001280       0xa4 CMakeFiles/org2-top-slot-breakout.dir/tree/downloaded_tools/pico/pico-sdk/src/common/pico_time/time.c.obj
 .text.ph_merge_nodes
                0x0000000010001324       0x3e CMakeFiles/org2-top-slot-breakout.dir/tree/downloaded_tools/pico/pico-sdk/src/common/pico_time/time.c.obj
 *fill*         0x0000000010001362        0x2 
 .text.add_alarm_under_lock
                0x0000000010001364      0x174 CMakeFiles/org2-top-slot-breakout.dir/tree/downloaded_tools/pico/pico-sdk/src/common/pico_time/time.c.obj
 .text.alarm_pool_alarm_callback
                0x00000000100014d8      0x32c CMakeFiles/org2-top-slot-breakout.dir/tree/downloaded_tools/pico/pico-sdk/src/common/pico_time/time.c.obj
 .text.alarm_pool_init_default
                0x0000000010001804       0x38 CMakeFiles/org2-top-slot-breakout.dir/tree/downloaded_tools/pico/pico-sdk/src/common/pico_time/time.c.obj
                0x0000000010001804                alarm_pool_init_default
 .text.alarm_pool_get_default
                0x000000001000183c       0x2c CMakeFiles/org2-top-slot-breakout.dir/tree/downloaded_tools/pico/pico-sdk/src/common/pico_time/time.c.obj
                0x000000001000183c                alarm_pool_get_default
 .text.alarm_pool_add_alarm_at
                0x0000000010001868      0x170 CMakeFiles/org2-top-slot-breakout.dir/tree/downloaded_tools/pico/pico-sdk/src/common/pico_time/time.c.obj
                0x0000000010001868                alarm_pool_add_alarm_at
 .text.alarm_pool_cancel_alarm
                0x00000000100019d8       0xec CMakeFiles/org2-top-slot-breakout.dir/tree/downloaded_tools/pico/pico-sdk/src/common/pico_time/time.c.obj
                0x00000000100019d8                alarm_pool_cancel_alarm
 .text.sleep_until
                0x0000000010001ac4       0xfc CMakeFiles/org2-top-slot-breakout.dir/tree/downloaded_tools/pico/pico-sdk/src/common/pico_time/time.c.obj
                0x0000000010001ac4                sleep_until
 .text.sleep_us
                0x0000000010001bc0       0x58 CMakeFiles/org2-top-slot-breakout.dir/tree/downloaded_tools/pico/pico-sdk/src/common/pico_time/time.c.obj
                0x0000000010001bc0                sleep_us
 .text.best_effort_wfe_or_timeout
                0x0000000010001c18       0x80 CMakeFiles/org2-top-slot-breakout.dir/tree/downloaded_tools/pico/pico-sdk/src/common/pico_time/time.c.obj
                0x0000000010001c18                best_effort_wfe_or_timeout
 .text.hardware_alarm_irq_handler
                0x0000000010001c98       0x8c CMakeFiles/org2-top-slot-breakout.dir/tree/downloaded_tools/pico/pico-sdk/src/rp2_common/hardware_timer/timer.c.obj
 .text.hardware_alarm_claim
                0x0000000010001d24       0x18 CMakeFiles/org2-top-slot-breakout.dir/tree/downloaded_tools/pico/pico-sdk/src/rp2_common/hardware_timer/timer.c.obj
                0x0000000010001d24                hardware_alarm_claim
 .text.time_us_64
                0x0000000010001d3c       0x18 CMakeFiles/org2-top-slot-breakout.dir/tree/downloaded_tools/pico/pico-sdk/src/rp2_common/hardware_timer/timer.c.obj
                0x0000000010001d3c                time_us_64
 .text.busy_wait_until
                0x0000000010001d54       0x24 CMakeFiles/org2-top-slot-breakout.dir/tree/downloaded_tools/pico/pico-sdk/src/rp2_common/hardware_timer/timer.c.obj
                0x0000000010001d54                busy_wait_until
 .text.hardware_alarm_set_callback
                0x0000000010001d78       0x90 CMakeFiles/org2-top-slot-breakout.dir/tree/downloaded_tools/pico/pico-sdk/src/rp2_common/hardware_timer/timer.c.obj
                0x0000000010001d78                hardware_alarm_set_callback
 .text.hardware_alarm_set_target
                0x0000000010001e08       0xe8 CMakeFiles/org2-top-slot-breakout.dir/tree/downloaded_tools/pico/pico-sdk/src/rp2_common/hardware_timer/timer.c.obj
                0x0000000010001e08                hardware_alarm_set_target
 .text.hardware_alarm_cancel
                0x0000000010001ef0       0x40 CMakeFiles/org2-top-slot-breakout.dir/tree/downloaded_tools/pico/pico-sdk/src/rp2_common/hardware_timer/timer.c.obj
                0x0000000010001ef0                hardware_alarm_cancel
 .text.lock_init
                0x0000000010001f30       0x10 CMakeFiles/org2-top-slot-breakout.dir/tree/downloaded_tools/pico/pico-sdk/src/common/pico_sync/lock_core.c.obj
                0x0000000010001f30                lock_init
 .text.mutex_init_internal
                0x0000000010001f40       0x1e CMakeFiles/org2-top-slot-breakout.dir/tree/downloaded_tools/pico/pico-sdk/src/common/pico_sync/mutex.c.obj
 .text.mutex_init
                0x0000000010001f5e        0xa CMakeFiles/org2-top-slot-breakout.dir/tree/downloaded_tools/pico/pico-sdk/src/common/pico_sync/mutex.c.obj
                0x0000000010001f5e                mutex_init
 .text.recursive_mutex_init
                0x0000000010001f68        0xa CMakeFiles/org2-top-slot-breakout.dir/tree/downloaded_tools/pico/pico-sdk/src/common/pico_sync/mutex.c.obj
                0x0000000010001f68                recursive_mutex_init
 *fill*         0x0000000010001f72        0x2 
 .text.critical_section_init_with_lock_num
                0x0000000010001f74       0x14 CMakeFiles/org2-top-slot-breakout.dir/tree/downloaded_tools/pico/pico-sdk/src/common/pico_sync/critical_section.c.obj
                0x0000000010001f74                critical_section_init_with_lock_num
 .text.critical_section_init
                0x0000000010001f88       0x14 CMakeFiles/org2-top-slot-breakout.dir/tree/downloaded_tools/pico/pico-sdk/src/common/pico_sync/critical_section.c.obj
                0x0000000010001f88                critical_section_init
 .text.ph_add_child_node
                0x0000000010001f9c       0xa4 CMakeFiles/org2-top-slot-breakout.dir/tree/downloaded_tools/pico/pico-sdk/src/common/pico_util/pheap.c.obj
 .text.ph_merge_nodes
                0x0000000010002040       0x3e CMakeFiles/org2-top-slot-breakout.dir/tree/downloaded_tools/pico/pico-sdk/src/common/pico_util/pheap.c.obj
 *fill*         0x000000001000207e        0x2 
 .text.ph_clear
                0x0000000010002080       0x70 CMakeFiles/org2-top-slot-breakout.dir/tree/downloaded_tools/pico/pico-sdk/src/common/pico_util/pheap.c.obj
                0x0000000010002080                ph_clear
 .text.ph_post_alloc_init
                0x00000000100020f0        0xe CMakeFiles/org2-top-slot-breakout.dir/tree/downloaded_tools/pico/pico-sdk/src/common/pico_util/pheap.c.obj
                0x00000000100020f0                ph_post_alloc_init
 *fill*         0x00000000100020fe        0x2 
 .text.ph_merge_two_pass
                0x0000000010002100       0xa8 CMakeFiles/org2-top-slot-breakout.dir/tree/downloaded_tools/pico/pico-sdk/src/common/pico_util/pheap.c.obj
                0x0000000010002100                ph_merge_two_pass
 .text.ph_remove_any_head
                0x00000000100021a8      0x108 CMakeFiles/org2-top-slot-breakout.dir/tree/downloaded_tools/pico/pico-sdk/src/common/pico_util/pheap.c.obj
 .text.ph_remove_head
                0x00000000100022b0       0x14 CMakeFiles/org2-top-slot-breakout.dir/tree/downloaded_tools/pico/pico-sdk/src/common/pico_util/pheap.c.obj
                0x00000000100022b0                ph_remove_head
 .text.ph_remove_and_free_node
                0x00000000100022c4       0xf8 CMakeFiles/org2-top-slot-breakout.dir/tree/downloaded_tools/pico/pico-sdk/src/common/pico_util/pheap.c.obj
                0x00000000100022c4                ph_remove_and_free_node
 .text.runtime_init
                0x00000000100023bc       0xd8 CMakeFiles/org2-top-slot-breakout.dir/tree/downloaded_tools/pico/pico-sdk/src/rp2_common/pico_runtime/runtime.c.obj
                0x00000000100023bc                runtime_init
 .text._exit    0x0000000010002494        0x4 CMakeFiles/org2-top-slot-breakout.dir/tree/downloaded_tools/pico/pico-sdk/src/rp2_common/pico_runtime/runtime.c.obj
                0x0000000010002494                _exit
 .text.exit     0x0000000010002498        0x6 CMakeFiles/org2-top-slot-breakout.dir/tree/downloaded_tools/pico/pico-sdk/src/rp2_common/pico_runtime/runtime.c.obj
                0x0000000010002498                exit
 *fill*         0x000000001000249e        0x2 
 .text.__assert_func
                0x00000000100024a0       0x3c CMakeFiles/org2-top-slot-breakout.dir/tree/downloaded_tools/pico/pico-sdk/src/rp2_common/pico_runtime/runtime.c.obj
                0x00000000100024a0                __assert_func
 .text.panic    0x00000000100024dc       0x30 CMakeFiles/org2-top-slot-breakout.dir/tree/downloaded_tools/pico/pico-sdk/src/rp2_common/pico_runtime/runtime.c.obj
                0x00000000100024dc                panic
 .text.clock_configure
                0x000000001000250c      0x104 CMakeFiles/org2-top-slot-breakout.dir/tree/downloaded_tools/pico/pico-sdk/src/rp2_common/hardware_clocks/clocks.c.obj
                0x000000001000250c                clock_configure
 .text.clocks_init
                0x0000000010002610      0x100 CMakeFiles/org2-top-slot-breakout.dir/tree/downloaded_tools/pico/pico-sdk/src/rp2_common/hardware_clocks/clocks.c.obj
                0x0000000010002610                clocks_init
 .text.clock_get_hz
                0x0000000010002710        0xc CMakeFiles/org2-top-slot-breakout.dir/tree/downloaded_tools/pico/pico-sdk/src/rp2_common/hardware_clocks/clocks.c.obj
                0x0000000010002710                clock_get_hz
 .text.set_raw_irq_handler_and_unlock
                0x000000001000271c       0x28 CMakeFiles/org2-top-slot-breakout.dir/tree/downloaded_tools/pico/pico-sdk/src/rp2_common/hardware_irq/irq.c.obj
 .text.make_branch
                0x0000000010002744       0x34 CMakeFiles/org2-top-slot-breakout.dir/tree/downloaded_tools/pico/pico-sdk/src/rp2_common/hardware_irq/irq.c.obj
 .text.insert_branch_and_link
                0x0000000010002778       0x40 CMakeFiles/org2-top-slot-breakout.dir/tree/downloaded_tools/pico/pico-sdk/src/rp2_common/hardware_irq/irq.c.obj
 .text.irq_is_enabled
                0x00000000100027b8       0x18 CMakeFiles/org2-top-slot-breakout.dir/tree/downloaded_tools/pico/pico-sdk/src/rp2_common/hardware_irq/irq.c.obj
                0x00000000100027b8                irq_is_enabled
 .text.irq_set_mask_enabled
                0x00000000100027d0       0x20 CMakeFiles/org2-top-slot-breakout.dir/tree/downloaded_tools/pico/pico-sdk/src/rp2_common/hardware_irq/irq.c.obj
                0x00000000100027d0                irq_set_mask_enabled
 .text.irq_set_enabled
                0x00000000100027f0        0xe CMakeFiles/org2-top-slot-breakout.dir/tree/downloaded_tools/pico/pico-sdk/src/rp2_common/hardware_irq/irq.c.obj
                0x00000000100027f0                irq_set_enabled
 *fill*         0x00000000100027fe        0x2 
 .text.irq_set_pending
                0x0000000010002800       0x10 CMakeFiles/org2-top-slot-breakout.dir/tree/downloaded_tools/pico/pico-sdk/src/rp2_common/hardware_irq/irq.c.obj
                0x0000000010002800                irq_set_pending
 .text.irq_get_vtable_handler
                0x0000000010002810       0x10 CMakeFiles/org2-top-slot-breakout.dir/tree/downloaded_tools/pico/pico-sdk/src/rp2_common/hardware_irq/irq.c.obj
                0x0000000010002810                irq_get_vtable_handler
 .text.irq_set_exclusive_handler
                0x0000000010002820       0x54 CMakeFiles/org2-top-slot-breakout.dir/tree/downloaded_tools/pico/pico-sdk/src/rp2_common/hardware_irq/irq.c.obj
                0x0000000010002820                irq_set_exclusive_handler
 .text.irq_remove_handler
                0x0000000010002874      0x1ac CMakeFiles/org2-top-slot-breakout.dir/tree/downloaded_tools/pico/pico-sdk/src/rp2_common/hardware_irq/irq.c.obj
                0x0000000010002874                irq_remove_handler
 .text.irq_set_priority
                0x0000000010002a20       0x28 CMakeFiles/org2-top-slot-breakout.dir/tree/downloaded_tools/pico/pico-sdk/src/rp2_common/hardware_irq/irq.c.obj
                0x0000000010002a20                irq_set_priority
 .text.irq_add_tail_to_free_list
                0x0000000010002a48       0xf0 CMakeFiles/org2-top-slot-breakout.dir/tree/downloaded_tools/pico/pico-sdk/src/rp2_common/hardware_irq/irq.c.obj
                0x0000000010002a48                irq_add_tail_to_free_list
 .text.irq_init_priorities
                0x0000000010002b38       0x16 CMakeFiles/org2-top-slot-breakout.dir/tree/downloaded_tools/pico/pico-sdk/src/rp2_common/hardware_irq/irq.c.obj
                0x0000000010002b38                irq_init_priorities
 *fill*         0x0000000010002b4e        0x2 
 .text.pll_init
                0x0000000010002b50      0x118 CMakeFiles/org2-top-slot-breakout.dir/tree/downloaded_tools/pico/pico-sdk/src/rp2_common/hardware_pll/pll.c.obj
                0x0000000010002b50                pll_init
 .text.watchdog_start_tick
                0x0000000010002c68       0x10 CMakeFiles/org2-top-slot-breakout.dir/tree/downloaded_tools/pico/pico-sdk/src/rp2_common/hardware_watchdog/watchdog.c.obj
                0x0000000010002c68                watchdog_start_tick
 .text.watchdog_update
                0x0000000010002c78       0x14 CMakeFiles/org2-top-slot-breakout.dir/tree/downloaded_tools/pico/pico-sdk/src/rp2_common/hardware_watchdog/watchdog.c.obj
                0x0000000010002c78                watchdog_update
 .text._watchdog_enable
                0x0000000010002c8c       0x70 CMakeFiles/org2-top-slot-breakout.dir/tree/downloaded_tools/pico/pico-sdk/src/rp2_common/hardware_watchdog/watchdog.c.obj
                0x0000000010002c8c                _watchdog_enable
 .text.watchdog_reboot
                0x0000000010002cfc       0x48 CMakeFiles/org2-top-slot-breakout.dir/tree/downloaded_tools/pico/pico-sdk/src/rp2_common/hardware_watchdog/watchdog.c.obj
                0x0000000010002cfc                watchdog_reboot
 .text.xosc_init
                0x0000000010002d44       0x28 CMakeFiles/org2-top-slot-breakout.dir/tree/downloaded_tools/pico/pico-sdk/src/rp2_common/hardware_xosc/xosc.c.obj
                0x0000000010002d44                xosc_init
 .text._out_null
                0x0000000010002d6c        0x2 CMakeFiles/org2-top-slot-breakout.dir/tree/downloaded_tools/pico/pico-sdk/src/rp2_common/pico_printf/printf.c.obj
 .text._out_fct
                0x0000000010002d6e        0xe CMakeFiles/org2-top-slot-breakout.dir/tree/downloaded_tools/pico/pico-sdk/src/rp2_common/pico_printf/printf.c.obj
 .text._atoi    0x0000000010002d7c       0x24 CMakeFiles/org2-top-slot-breakout.dir/tree/downloaded_tools/pico/pico-sdk/src/rp2_common/pico_printf/printf.c.obj
 .text._out_rev
                0x0000000010002da0       0xae CMakeFiles/org2-top-slot-breakout.dir/tree/downloaded_tools/pico/pico-sdk/src/rp2_common/pico_printf/printf.c.obj
 .text._ntoa_format
                0x0000000010002e4e      0x110 CMakeFiles/org2-top-slot-breakout.dir/tree/downloaded_tools/pico/pico-sdk/src/rp2_common/pico_printf/printf.c.obj
 .text._ntoa_long
                0x0000000010002f5e       0xbc CMakeFiles/org2-top-slot-breakout.dir/tree/downloaded_tools/pico/pico-sdk/src/rp2_common/pico_printf/printf.c.obj
 .text._ntoa_long_long
                0x000000001000301a       0xe2 CMakeFiles/org2-top-slot-breakout.dir/tree/downloaded_tools/pico/pico-sdk/src/rp2_common/pico_printf/printf.c.obj
 .text._etoa    0x00000000100030fc      0x40c CMakeFiles/org2-top-slot-breakout.dir/tree/downloaded_tools/pico/pico-sdk/src/rp2_common/pico_printf/printf.c.obj
 .text._ftoa    0x0000000010003508      0x354 CMakeFiles/org2-top-slot-breakout.dir/tree/downloaded_tools/pico/pico-sdk/src/rp2_common/pico_printf/printf.c.obj
 .text._vsnprintf
                0x000000001000385c      0x628 CMakeFiles/org2-top-slot-breakout.dir/tree/downloaded_tools/pico/pico-sdk/src/rp2_common/pico_printf/printf.c.obj
 .text.vfctprintf
                0x0000000010003e84       0x20 CMakeFiles/org2-top-slot-breakout.dir/tree/downloaded_tools/pico/pico-sdk/src/rp2_common/pico_printf/printf.c.obj
                0x0000000010003e84                vfctprintf
 .text          0x0000000010003ea4       0x10 CMakeFiles/org2-top-slot-breakout.dir/tree/downloaded_tools/pico/pico-sdk/src/rp2_common/pico_bit_ops/bit_ops_aeabi.S.obj
 .text.rom_func_lookup
                0x0000000010003eb4       0x10 CMakeFiles/org2-top-slot-breakout.dir/tree/downloaded_tools/pico/pico-sdk/src/rp2_common/pico_bootrom/bootrom.c.obj
                0x0000000010003eb4                rom_func_lookup
 .text.rom_data_lookup
                0x0000000010003ec4       0x10 CMakeFiles/org2-top-slot-breakout.dir/tree/downloaded_tools/pico/pico-sdk/src/rp2_common/pico_bootrom/bootrom.c.obj
                0x0000000010003ec4                rom_data_lookup
 .text.rom_funcs_lookup
                0x0000000010003ed4       0x36 CMakeFiles/org2-top-slot-breakout.dir/tree/downloaded_tools/pico/pico-sdk/src/rp2_common/pico_bootrom/bootrom.c.obj
                0x0000000010003ed4                rom_funcs_lookup
 *fill*         0x0000000010003f0a        0x2 
 .text.__wrap___aeabi_idiv
                0x0000000010003f0c       0x50 CMakeFiles/org2-top-slot-breakout.dir/tree/downloaded_tools/pico/pico-sdk/src/rp2_common/pico_divider/divider.S.obj
                0x0000000010003f0c                __wrap___aeabi_idivmod
                0x0000000010003f0c                divmod_s32s32
                0x0000000010003f0c                div_s32s32
                0x0000000010003f0c                __wrap___aeabi_idiv
                0x0000000010003f14                divmod_s32s32_unsafe
                0x0000000010003f40                divmod_s32s32_savestate
 .text.__wrap___aeabi_uidiv
                0x0000000010003f5c       0x4c CMakeFiles/org2-top-slot-breakout.dir/tree/downloaded_tools/pico/pico-sdk/src/rp2_common/pico_divider/divider.S.obj
                0x0000000010003f5c                __wrap___aeabi_uidiv
                0x0000000010003f5c                __wrap___aeabi_uidivmod
                0x0000000010003f5c                div_u32u32
                0x0000000010003f5c                divmod_u32u32
                0x0000000010003f64                divmod_u32u32_unsafe
                0x0000000010003f8c                divmod_u32u32_savestate
 .text.__wrap___aeabi_ldiv
                0x0000000010003fa8      0x430 CMakeFiles/org2-top-slot-breakout.dir/tree/downloaded_tools/pico/pico-sdk/src/rp2_common/pico_divider/divider.S.obj
                0x0000000010003fa8                div_s64s64
                0x0000000010003fa8                divmod_s64s64
                0x0000000010003fa8                __wrap___aeabi_ldivmod
                0x0000000010003fe0                div_u64u64
                0x0000000010003fe0                divmod_u64u64
                0x0000000010003fe0                __wrap___aeabi_uldivmod
                0x0000000010003ff0                divmod_u64u64_savestate
                0x0000000010004018                divmod_s64s64_unsafe
                0x00000000100040a0                divmod_u64u64_unsafe
 .text.__wrap___aeabi_darithmetic
                0x00000000100043d8       0x80 CMakeFiles/org2-top-slot-breakout.dir/tree/downloaded_tools/pico/pico-sdk/src/rp2_common/pico_double/double_aeabi.S.obj
                0x00000000100043d8                __wrap___aeabi_drsub
                0x00000000100043de                __wrap___aeabi_dsub
                0x00000000100043f0                __wrap___aeabi_dadd
                0x0000000010004402                __wrap___aeabi_ddiv
                0x000000001000443e                __wrap___aeabi_dmul
 .text.__wrap___aeabi_cdcmple
                0x0000000010004458       0x6c CMakeFiles/org2-top-slot-breakout.dir/tree/downloaded_tools/pico/pico-sdk/src/rp2_common/pico_double/double_aeabi.S.obj
                0x0000000010004458                __wrap___aeabi_cdrcmple
                0x0000000010004468                __wrap___aeabi_cdcmple
                0x0000000010004468                __wrap___aeabi_cdcmpeq
 .text.__wrap___aeabi_dcmplt
                0x00000000100044c4        0xc CMakeFiles/org2-top-slot-breakout.dir/tree/downloaded_tools/pico/pico-sdk/src/rp2_common/pico_double/double_aeabi.S.obj
                0x00000000100044c4                __wrap___aeabi_dcmplt
 .text.__wrap___aeabi_dcmple
                0x00000000100044d0       0x10 CMakeFiles/org2-top-slot-breakout.dir/tree/downloaded_tools/pico/pico-sdk/src/rp2_common/pico_double/double_aeabi.S.obj
                0x00000000100044d0                __wrap___aeabi_dcmple
 .text.__wrap___aeabi_dcmpge
                0x00000000100044e0       0x10 CMakeFiles/org2-top-slot-breakout.dir/tree/downloaded_tools/pico/pico-sdk/src/rp2_common/pico_double/double_aeabi.S.obj
                0x00000000100044e0                __wrap___aeabi_dcmpge
 .text.__wrap___aeabi_dcmpgt
                0x00000000100044f0        0xa CMakeFiles/org2-top-slot-breakout.dir/tree/downloaded_tools/pico/pico-sdk/src/rp2_common/pico_double/double_aeabi.S.obj
                0x00000000100044f0                __wrap___aeabi_dcmpgt
 .text.__wrap___aeabi_dcmpun
                0x00000000100044fa       0x1c CMakeFiles/org2-top-slot-breakout.dir/tree/downloaded_tools/pico/pico-sdk/src/rp2_common/pico_double/double_aeabi.S.obj
                0x00000000100044fa                __wrap___aeabi_dcmpun
 *fill*         0x0000000010004516        0x2 
 .text.__wrap___aeabi_i2d
                0x0000000010004518       0x38 CMakeFiles/org2-top-slot-breakout.dir/tree/downloaded_tools/pico/pico-sdk/src/rp2_common/pico_double/double_aeabi.S.obj
                0x0000000010004518                __wrap___aeabi_ui2d
                0x0000000010004520                __wrap___aeabi_i2d
 .text.__wrap___aeabi_d2iz
                0x0000000010004550       0x48 CMakeFiles/org2-top-slot-breakout.dir/tree/downloaded_tools/pico/pico-sdk/src/rp2_common/pico_double/double_aeabi.S.obj
                0x0000000010004550                __wrap___aeabi_d2iz
                0x0000000010004550                double2int_z
 .text.__wrap___aeabi_d2uiz
                0x0000000010004598       0x18 CMakeFiles/org2-top-slot-breakout.dir/tree/downloaded_tools/pico/pico-sdk/src/rp2_common/pico_double/double_aeabi.S.obj
                0x0000000010004598                double2uint
                0x0000000010004598                __wrap___aeabi_d2uiz
 .text.__aeabi_double_init
                0x00000000100045b0       0xb4 CMakeFiles/org2-top-slot-breakout.dir/tree/downloaded_tools/pico/pico-sdk/src/rp2_common/pico_double/double_init_rom.c.obj
                0x00000000100045b0                __aeabi_double_init
 .text.double_table_shim_on_use_helper
                0x0000000010004664       0x34 CMakeFiles/org2-top-slot-breakout.dir/tree/downloaded_tools/pico/pico-sdk/src/rp2_common/pico_double/double_v1_rom_shim.S.obj
                0x0000000010004664                double_table_shim_on_use_helper
 .text.__wrap___aeabi_dsub
                0x0000000010004698       0x10 CMakeFiles/org2-top-slot-breakout.dir/tree/downloaded_tools/pico/pico-sdk/src/rp2_common/pico_double/double_v1_rom_shim.S.obj
                0x0000000010004698                drsub_shim
                0x000000001000469e                dsub_shim
 .text.dadd_shim
                0x00000000100046a8      0x15c CMakeFiles/org2-top-slot-breakout.dir/tree/downloaded_tools/pico/pico-sdk/src/rp2_common/pico_double/double_v1_rom_shim.S.obj
                0x00000000100046a8                dadd_shim
 .text.dmul_shim
                0x0000000010004804      0x15c CMakeFiles/org2-top-slot-breakout.dir/tree/downloaded_tools/pico/pico-sdk/src/rp2_common/pico_double/double_v1_rom_shim.S.obj
                0x0000000010004804                dmul_shim
 .text.ddiv_shim
                0x0000000010004960      0x1b0 CMakeFiles/org2-top-slot-breakout.dir/tree/downloaded_tools/pico/pico-sdk/src/rp2_common/pico_double/double_v1_rom_shim.S.obj
                0x0000000010004960                ddiv_shim
 .text.dcordic_rot_step
                0x0000000010004b10       0x7c CMakeFiles/org2-top-slot-breakout.dir/tree/downloaded_tools/pico/pico-sdk/src/rp2_common/pico_double/double_v1_rom_shim.S.obj
                0x0000000010004b10                dcordic_rot_step
 .text.double2uint_shim
                0x0000000010004b8c        0xe CMakeFiles/org2-top-slot-breakout.dir/tree/downloaded_tools/pico/pico-sdk/src/rp2_common/pico_double/double_v1_rom_shim.S.obj
                0x0000000010004b8c                double2uint_shim
                0x0000000010004b8e                double2ufix_shim
 *fill*         0x0000000010004b9a        0x2 
 .text.double2uint64_shim
                0x0000000010004b9c       0x6c CMakeFiles/org2-top-slot-breakout.dir/tree/downloaded_tools/pico/pico-sdk/src/rp2_common/pico_double/double_v1_rom_shim.S.obj
                0x0000000010004b9c                double2uint64_shim
                0x0000000010004b9e                double2ufix64_shim
                0x0000000010004bb8                d2fix_a
 .text.dunpacks
                0x0000000010004c08       0x3c CMakeFiles/org2-top-slot-breakout.dir/tree/downloaded_tools/pico/pico-sdk/src/rp2_common/pico_double/double_v1_rom_shim.S.obj
                0x0000000010004c08                dunpacks
 .text.__aeabi_lmul
                0x0000000010004c44       0x32 CMakeFiles/org2-top-slot-breakout.dir/tree/downloaded_tools/pico/pico-sdk/src/rp2_common/pico_int64_ops/pico_int64_ops_aeabi.S.obj
                0x0000000010004c44                __wrap___aeabi_lmul
 *fill*         0x0000000010004c76        0x2 
 .text.__aeabi_float_init
                0x0000000010004c78       0xfc CMakeFiles/org2-top-slot-breakout.dir/tree/downloaded_tools/pico/pico-sdk/src/rp2_common/pico_float/float_init_rom.c.obj
                0x0000000010004c78                __aeabi_float_init
 .text.float_table_shim_on_use_helper
                0x0000000010004d74       0x34 CMakeFiles/org2-top-slot-breakout.dir/tree/downloaded_tools/pico/pico-sdk/src/rp2_common/pico_float/float_v1_rom_shim.S.obj
                0x0000000010004d74                float_table_shim_on_use_helper
 .text          0x0000000010004da8       0x10 CMakeFiles/org2-top-slot-breakout.dir/tree/downloaded_tools/pico/pico-sdk/src/rp2_common/pico_mem_ops/mem_ops_aeabi.S.obj
                0x0000000010004da8                __aeabi_mem_init
 .text.memset   0x0000000010004db8        0xc CMakeFiles/org2-top-slot-breakout.dir/tree/downloaded_tools/pico/pico-sdk/src/rp2_common/pico_mem_ops/mem_ops_aeabi.S.obj
                0x0000000010004db8                __wrap_memset
 .text.memcpy   0x0000000010004dc4        0xc CMakeFiles/org2-top-slot-breakout.dir/tree/downloaded_tools/pico/pico-sdk/src/rp2_common/pico_mem_ops/mem_ops_aeabi.S.obj
                0x0000000010004dc4                __wrap___aeabi_memcpy
                0x0000000010004dc4                __wrap_memcpy
 .text.stdio_out_chars_crlf
                0x0000000010004dd0       0x80 CMakeFiles/org2-top-slot-breakout.dir/tree/downloaded_tools/pico/pico-sdk/src/rp2_common/pico_stdio/stdio.c.obj
 .text.stdio_stack_buffer_flush
                0x0000000010004e50       0x44 CMakeFiles/org2-top-slot-breakout.dir/tree/downloaded_tools/pico/pico-sdk/src/rp2_common/pico_stdio/stdio.c.obj
 .text.stdio_buffered_printer
                0x0000000010004e94       0x20 CMakeFiles/org2-top-slot-breakout.dir/tree/downloaded_tools/pico/pico-sdk/src/rp2_common/pico_stdio/stdio.c.obj
 .text.stdout_serialize_begin
                0x0000000010004eb4       0x30 CMakeFiles/org2-top-slot-breakout.dir/tree/downloaded_tools/pico/pico-sdk/src/rp2_common/pico_stdio/stdio.c.obj
                0x0000000010004eb4                stdout_serialize_begin
 .text.stdout_serialize_end
                0x0000000010004ee4       0x10 CMakeFiles/org2-top-slot-breakout.dir/tree/downloaded_tools/pico/pico-sdk/src/rp2_common/pico_stdio/stdio.c.obj
                0x0000000010004ee4                stdout_serialize_end
 .text.stdio_put_string
                0x0000000010004ef4       0x84 CMakeFiles/org2-top-slot-breakout.dir/tree/downloaded_tools/pico/pico-sdk/src/rp2_common/pico_stdio/stdio.c.obj
 .text.stdio_set_driver_enabled
                0x0000000010004f78       0x38 CMakeFiles/org2-top-slot-breakout.dir/tree/downloaded_tools/pico/pico-sdk/src/rp2_common/pico_stdio/stdio.c.obj
                0x0000000010004f78                stdio_set_driver_enabled
 .text.stdio_flush
                0x0000000010004fb0       0x20 CMakeFiles/org2-top-slot-breakout.dir/tree/downloaded_tools/pico/pico-sdk/src/rp2_common/pico_stdio/stdio.c.obj
                0x0000000010004fb0                stdio_flush
 .text.__wrap_puts
                0x0000000010004fd0       0x1c CMakeFiles/org2-top-slot-breakout.dir/tree/downloaded_tools/pico/pico-sdk/src/rp2_common/pico_stdio/stdio.c.obj
                0x0000000010004fd0                __wrap_puts
 .text.__wrap_vprintf
                0x0000000010004fec       0x44 CMakeFiles/org2-top-slot-breakout.dir/tree/downloaded_tools/pico/pico-sdk/src/rp2_common/pico_stdio/stdio.c.obj
                0x0000000010004fec                __wrap_vprintf
 .text.__wrap_printf
                0x0000000010005030       0x18 CMakeFiles/org2-top-slot-breakout.dir/tree/downloaded_tools/pico/pico-sdk/src/rp2_common/pico_stdio/stdio.c.obj
                0x0000000010005030                __wrap_printf
 .text.stdio_init_all
                0x0000000010005048        0xc CMakeFiles/org2-top-slot-breakout.dir/tree/downloaded_tools/pico/pico-sdk/src/rp2_common/pico_stdio/stdio.c.obj
                0x0000000010005048                stdio_init_all
 .text.stdio_uart_out_chars
                0x0000000010005054       0x74 CMakeFiles/org2-top-slot-breakout.dir/tree/downloaded_tools/pico/pico-sdk/src/rp2_common/pico_stdio_uart/stdio_uart.c.obj
 .text.stdio_uart_in_chars
                0x00000000100050c8       0x54 CMakeFiles/org2-top-slot-breakout.dir/tree/downloaded_tools/pico/pico-sdk/src/rp2_common/pico_stdio_uart/stdio_uart.c.obj
                0x00000000100050c8                stdio_uart_in_chars
 .text.stdio_uart_init_full
                0x000000001000511c       0x3c CMakeFiles/org2-top-slot-breakout.dir/tree/downloaded_tools/pico/pico-sdk/src/rp2_common/pico_stdio_uart/stdio_uart.c.obj
                0x000000001000511c                stdio_uart_init_full
 .text.stdio_uart_init
                0x0000000010005158       0x28 CMakeFiles/org2-top-slot-breakout.dir/tree/downloaded_tools/pico/pico-sdk/src/rp2_common/pico_stdio_uart/stdio_uart.c.obj
                0x0000000010005158                stdio_uart_init
 .text.resetd_init
                0x0000000010005180        0x2 CMakeFiles/org2-top-slot-breakout.dir/tree/downloaded_tools/pico/pico-sdk/src/rp2_common/pico_stdio_usb/reset_interface.c.obj
 *fill*         0x0000000010005182        0x2 
 .text.resetd_reset
                0x0000000010005184        0xc CMakeFiles/org2-top-slot-breakout.dir/tree/downloaded_tools/pico/pico-sdk/src/rp2_common/pico_stdio_usb/reset_interface.c.obj
 .text.resetd_open
                0x0000000010005190       0x34 CMakeFiles/org2-top-slot-breakout.dir/tree/downloaded_tools/pico/pico-sdk/src/rp2_common/pico_stdio_usb/reset_interface.c.obj
 .text.resetd_xfer_cb
                0x00000000100051c4        0x4 CMakeFiles/org2-top-slot-breakout.dir/tree/downloaded_tools/pico/pico-sdk/src/rp2_common/pico_stdio_usb/reset_interface.c.obj
 .text.resetd_control_xfer_cb
                0x00000000100051c8       0x6c CMakeFiles/org2-top-slot-breakout.dir/tree/downloaded_tools/pico/pico-sdk/src/rp2_common/pico_stdio_usb/reset_interface.c.obj
 .text.usbd_app_driver_get_cb
                0x0000000010005234        0xc CMakeFiles/org2-top-slot-breakout.dir/tree/downloaded_tools/pico/pico-sdk/src/rp2_common/pico_stdio_usb/reset_interface.c.obj
                0x0000000010005234                usbd_app_driver_get_cb
 .text.tud_cdc_line_coding_cb
                0x0000000010005240       0x34 CMakeFiles/org2-top-slot-breakout.dir/tree/downloaded_tools/pico/pico-sdk/src/rp2_common/pico_stdio_usb/reset_interface.c.obj
                0x0000000010005240                tud_cdc_line_coding_cb
 .text.stdio_usb_in_chars
                0x0000000010005274       0x70 CMakeFiles/org2-top-slot-breakout.dir/tree/downloaded_tools/pico/pico-sdk/src/rp2_common/pico_stdio_usb/stdio_usb.c.obj
                0x0000000010005274                stdio_usb_in_chars
 .text.low_priority_worker_irq
                0x00000000100052e4       0x20 CMakeFiles/org2-top-slot-breakout.dir/tree/downloaded_tools/pico/pico-sdk/src/rp2_common/pico_stdio_usb/stdio_usb.c.obj
 .text.stdio_usb_out_chars
                0x0000000010005304       0xd4 CMakeFiles/org2-top-slot-breakout.dir/tree/downloaded_tools/pico/pico-sdk/src/rp2_common/pico_stdio_usb/stdio_usb.c.obj
 .text.timer_task
                0x00000000100053d8       0x10 CMakeFiles/org2-top-slot-breakout.dir/tree/downloaded_tools/pico/pico-sdk/src/rp2_common/pico_stdio_usb/stdio_usb.c.obj
 .text.stdio_usb_init
                0x00000000100053e8       0xb8 CMakeFiles/org2-top-slot-breakout.dir/tree/downloaded_tools/pico/pico-sdk/src/rp2_common/pico_stdio_usb/stdio_usb.c.obj
                0x00000000100053e8                stdio_usb_init
 .text.tud_descriptor_device_cb
                0x00000000100054a0        0x8 CMakeFiles/org2-top-slot-breakout.dir/tree/downloaded_tools/pico/pico-sdk/src/rp2_common/pico_stdio_usb/stdio_usb_descriptors.c.obj
                0x00000000100054a0                tud_descriptor_device_cb
 .text.tud_descriptor_configuration_cb
                0x00000000100054a8        0x8 CMakeFiles/org2-top-slot-breakout.dir/tree/downloaded_tools/pico/pico-sdk/src/rp2_common/pico_stdio_usb/stdio_usb_descriptors.c.obj
                0x00000000100054a8                tud_descriptor_configuration_cb
 .text.tud_descriptor_string_cb
                0x00000000100054b0       0x68 CMakeFiles/org2-top-slot-breakout.dir/tree/downloaded_tools/pico/pico-sdk/src/rp2_common/pico_stdio_usb/stdio_usb_descriptors.c.obj
                0x00000000100054b0                tud_descriptor_string_cb
 .text.hw_endpoint_get_by_addr
                0x0000000010005518       0x18 CMakeFiles/org2-top-slot-breakout.dir/tree/downloaded_tools/pico/pico-sdk/lib/tinyusb/src/portable/raspberrypi/rp2040/dcd_rp2040.c.obj
 .text.reset_ep0
                0x0000000010005530       0x2c CMakeFiles/org2-top-slot-breakout.dir/tree/downloaded_tools/pico/pico-sdk/lib/tinyusb/src/portable/raspberrypi/rp2040/dcd_rp2040.c.obj
 .text._hw_endpoint_alloc
                0x000000001000555c       0x80 CMakeFiles/org2-top-slot-breakout.dir/tree/downloaded_tools/pico/pico-sdk/lib/tinyusb/src/portable/raspberrypi/rp2040/dcd_rp2040.c.obj
 .text._hw_endpoint_init
                0x00000000100055dc       0xbc CMakeFiles/org2-top-slot-breakout.dir/tree/downloaded_tools/pico/pico-sdk/lib/tinyusb/src/portable/raspberrypi/rp2040/dcd_rp2040.c.obj
 .text.hw_endpoint_init
                0x0000000010005698       0x18 CMakeFiles/org2-top-slot-breakout.dir/tree/downloaded_tools/pico/pico-sdk/lib/tinyusb/src/portable/raspberrypi/rp2040/dcd_rp2040.c.obj
 .text.hw_handle_buff_status
                0x00000000100056b0       0xb4 CMakeFiles/org2-top-slot-breakout.dir/tree/downloaded_tools/pico/pico-sdk/lib/tinyusb/src/portable/raspberrypi/rp2040/dcd_rp2040.c.obj
 .text.dcd_rp2040_irq
                0x0000000010005764       0xa8 CMakeFiles/org2-top-slot-breakout.dir/tree/downloaded_tools/pico/pico-sdk/lib/tinyusb/src/portable/raspberrypi/rp2040/dcd_rp2040.c.obj
 .text.hw_endpoint_xfer
                0x000000001000580c       0x18 CMakeFiles/org2-top-slot-breakout.dir/tree/downloaded_tools/pico/pico-sdk/lib/tinyusb/src/portable/raspberrypi/rp2040/dcd_rp2040.c.obj
 .text.ep0_0len_status
                0x0000000010005824       0x14 CMakeFiles/org2-top-slot-breakout.dir/tree/downloaded_tools/pico/pico-sdk/lib/tinyusb/src/portable/raspberrypi/rp2040/dcd_rp2040.c.obj
 .text._hw_endpoint_stall
                0x0000000010005838       0x54 CMakeFiles/org2-top-slot-breakout.dir/tree/downloaded_tools/pico/pico-sdk/lib/tinyusb/src/portable/raspberrypi/rp2040/dcd_rp2040.c.obj
 .text.hw_endpoint_stall
                0x000000001000588c        0xc CMakeFiles/org2-top-slot-breakout.dir/tree/downloaded_tools/pico/pico-sdk/lib/tinyusb/src/portable/raspberrypi/rp2040/dcd_rp2040.c.obj
 .text._hw_endpoint_clear_stall
                0x0000000010005898       0x34 CMakeFiles/org2-top-slot-breakout.dir/tree/downloaded_tools/pico/pico-sdk/lib/tinyusb/src/portable/raspberrypi/rp2040/dcd_rp2040.c.obj
 .text.hw_endpoint_clear_stall
                0x00000000100058cc        0xc CMakeFiles/org2-top-slot-breakout.dir/tree/downloaded_tools/pico/pico-sdk/lib/tinyusb/src/portable/raspberrypi/rp2040/dcd_rp2040.c.obj
 .text.dcd_int_enable
                0x00000000100058d8       0x2c CMakeFiles/org2-top-slot-breakout.dir/tree/downloaded_tools/pico/pico-sdk/lib/tinyusb/src/portable/raspberrypi/rp2040/dcd_rp2040.c.obj
                0x00000000100058d8                dcd_int_enable
 .text.dcd_set_address
                0x0000000010005904       0x28 CMakeFiles/org2-top-slot-breakout.dir/tree/downloaded_tools/pico/pico-sdk/lib/tinyusb/src/portable/raspberrypi/rp2040/dcd_rp2040.c.obj
                0x0000000010005904                dcd_set_address
 .text.dcd_connect
                0x000000001000592c       0x30 CMakeFiles/org2-top-slot-breakout.dir/tree/downloaded_tools/pico/pico-sdk/lib/tinyusb/src/portable/raspberrypi/rp2040/dcd_rp2040.c.obj
                0x000000001000592c                dcd_connect
 .text.dcd_init
                0x000000001000595c       0x84 CMakeFiles/org2-top-slot-breakout.dir/tree/downloaded_tools/pico/pico-sdk/lib/tinyusb/src/portable/raspberrypi/rp2040/dcd_rp2040.c.obj
                0x000000001000595c                dcd_init
 .text.dcd_edpt0_status_complete
                0x00000000100059e0       0x40 CMakeFiles/org2-top-slot-breakout.dir/tree/downloaded_tools/pico/pico-sdk/lib/tinyusb/src/portable/raspberrypi/rp2040/dcd_rp2040.c.obj
                0x00000000100059e0                dcd_edpt0_status_complete
 .text.dcd_edpt_open
                0x0000000010005a20       0x40 CMakeFiles/org2-top-slot-breakout.dir/tree/downloaded_tools/pico/pico-sdk/lib/tinyusb/src/portable/raspberrypi/rp2040/dcd_rp2040.c.obj
                0x0000000010005a20                dcd_edpt_open
 .text.dcd_edpt_xfer
                0x0000000010005a60       0x34 CMakeFiles/org2-top-slot-breakout.dir/tree/downloaded_tools/pico/pico-sdk/lib/tinyusb/src/portable/raspberrypi/rp2040/dcd_rp2040.c.obj
                0x0000000010005a60                dcd_edpt_xfer
 .text.dcd_edpt_stall
                0x0000000010005a94       0x28 CMakeFiles/org2-top-slot-breakout.dir/tree/downloaded_tools/pico/pico-sdk/lib/tinyusb/src/portable/raspberrypi/rp2040/dcd_rp2040.c.obj
                0x0000000010005a94                dcd_edpt_stall
 .text.dcd_edpt_clear_stall
                0x0000000010005abc       0x2c CMakeFiles/org2-top-slot-breakout.dir/tree/downloaded_tools/pico/pico-sdk/lib/tinyusb/src/portable/raspberrypi/rp2040/dcd_rp2040.c.obj
                0x0000000010005abc                dcd_edpt_clear_stall
 .text.rp2040_usb_init
                0x0000000010005ae8       0x50 CMakeFiles/org2-top-slot-breakout.dir/tree/downloaded_tools/pico/pico-sdk/lib/tinyusb/src/portable/raspberrypi/rp2040/rp2040_usb.c.obj
                0x0000000010005ae8                rp2040_usb_init
 .text.hw_endpoint_reset_transfer
                0x0000000010005b38       0x10 CMakeFiles/org2-top-slot-breakout.dir/tree/downloaded_tools/pico/pico-sdk/lib/tinyusb/src/portable/raspberrypi/rp2040/rp2040_usb.c.obj
                0x0000000010005b38                hw_endpoint_reset_transfer
 .text._hw_endpoint_buffer_control_update32
                0x0000000010005b48       0x58 CMakeFiles/org2-top-slot-breakout.dir/tree/downloaded_tools/pico/pico-sdk/lib/tinyusb/src/portable/raspberrypi/rp2040/rp2040_usb.c.obj
                0x0000000010005b48                _hw_endpoint_buffer_control_update32
 .text._hw_endpoint_start_next_buffer
                0x0000000010005ba0       0x50 CMakeFiles/org2-top-slot-breakout.dir/tree/downloaded_tools/pico/pico-sdk/lib/tinyusb/src/portable/raspberrypi/rp2040/rp2040_usb.c.obj
                0x0000000010005ba0                _hw_endpoint_start_next_buffer
 .text._hw_endpoint_xfer_start
                0x0000000010005bf0       0x3e CMakeFiles/org2-top-slot-breakout.dir/tree/downloaded_tools/pico/pico-sdk/lib/tinyusb/src/portable/raspberrypi/rp2040/rp2040_usb.c.obj
                0x0000000010005bf0                _hw_endpoint_xfer_start
 *fill*         0x0000000010005c2e        0x2 
 .text._hw_endpoint_xfer_sync
                0x0000000010005c30       0x74 CMakeFiles/org2-top-slot-breakout.dir/tree/downloaded_tools/pico/pico-sdk/lib/tinyusb/src/portable/raspberrypi/rp2040/rp2040_usb.c.obj
                0x0000000010005c30                _hw_endpoint_xfer_sync
 .text._hw_endpoint_xfer_continue
                0x0000000010005ca4       0x60 CMakeFiles/org2-top-slot-breakout.dir/tree/downloaded_tools/pico/pico-sdk/lib/tinyusb/src/portable/raspberrypi/rp2040/rp2040_usb.c.obj
                0x0000000010005ca4                _hw_endpoint_xfer_continue
 .text._hw_endpoint_xfer
                0x0000000010005d04       0x34 CMakeFiles/org2-top-slot-breakout.dir/tree/downloaded_tools/pico/pico-sdk/lib/tinyusb/src/portable/raspberrypi/rp2040/rp2040_usb.c.obj
                0x0000000010005d04                _hw_endpoint_xfer
 .text.mark_interface_endpoint
                0x0000000010005d38       0x2a CMakeFiles/org2-top-slot-breakout.dir/tree/downloaded_tools/pico/pico-sdk/lib/tinyusb/src/device/usbd.c.obj
 *fill*         0x0000000010005d62        0x2 
 .text.usbd_reset
                0x0000000010005d64       0x88 CMakeFiles/org2-top-slot-breakout.dir/tree/downloaded_tools/pico/pico-sdk/lib/tinyusb/src/device/usbd.c.obj
 .text.invoke_class_control
                0x0000000010005dec       0x1a CMakeFiles/org2-top-slot-breakout.dir/tree/downloaded_tools/pico/pico-sdk/lib/tinyusb/src/device/usbd.c.obj
 *fill*         0x0000000010005e06        0x2 
 .text.process_set_config
                0x0000000010005e08      0x1d0 CMakeFiles/org2-top-slot-breakout.dir/tree/downloaded_tools/pico/pico-sdk/lib/tinyusb/src/device/usbd.c.obj
 .text.process_get_descriptor
                0x0000000010005fd8       0xf8 CMakeFiles/org2-top-slot-breakout.dir/tree/downloaded_tools/pico/pico-sdk/lib/tinyusb/src/device/usbd.c.obj
 .text.tud_mounted
                0x00000000100060d0       0x10 CMakeFiles/org2-top-slot-breakout.dir/tree/downloaded_tools/pico/pico-sdk/lib/tinyusb/src/device/usbd.c.obj
                0x00000000100060d0                tud_mounted
 .text.tud_suspended
                0x00000000100060e0       0x10 CMakeFiles/org2-top-slot-breakout.dir/tree/downloaded_tools/pico/pico-sdk/lib/tinyusb/src/device/usbd.c.obj
                0x00000000100060e0                tud_suspended
 .text.tud_inited
                0x00000000100060f0        0xc CMakeFiles/org2-top-slot-breakout.dir/tree/downloaded_tools/pico/pico-sdk/lib/tinyusb/src/device/usbd.c.obj
                0x00000000100060f0                tud_inited
 .text.tud_init
                0x00000000100060fc       0xcc CMakeFiles/org2-top-slot-breakout.dir/tree/downloaded_tools/pico/pico-sdk/lib/tinyusb/src/device/usbd.c.obj
                0x00000000100060fc                tud_init
 .text.dcd_event_handler
                0x00000000100061c8      0x174 CMakeFiles/org2-top-slot-breakout.dir/tree/downloaded_tools/pico/pico-sdk/lib/tinyusb/src/device/usbd.c.obj
                0x00000000100061c8                dcd_event_handler
 .text.dcd_event_bus_signal
                0x000000001000633c       0x26 CMakeFiles/org2-top-slot-breakout.dir/tree/downloaded_tools/pico/pico-sdk/lib/tinyusb/src/device/usbd.c.obj
                0x000000001000633c                dcd_event_bus_signal
 .text.dcd_event_bus_reset
                0x0000000010006362       0x2a CMakeFiles/org2-top-slot-breakout.dir/tree/downloaded_tools/pico/pico-sdk/lib/tinyusb/src/device/usbd.c.obj
                0x0000000010006362                dcd_event_bus_reset
 .text.dcd_event_setup_received
                0x000000001000638c       0x34 CMakeFiles/org2-top-slot-breakout.dir/tree/downloaded_tools/pico/pico-sdk/lib/tinyusb/src/device/usbd.c.obj
                0x000000001000638c                dcd_event_setup_received
 .text.dcd_event_xfer_complete
                0x00000000100063c0       0x44 CMakeFiles/org2-top-slot-breakout.dir/tree/downloaded_tools/pico/pico-sdk/lib/tinyusb/src/device/usbd.c.obj
                0x00000000100063c0                dcd_event_xfer_complete
 .text.usbd_edpt_open
                0x0000000010006404       0xe0 CMakeFiles/org2-top-slot-breakout.dir/tree/downloaded_tools/pico/pico-sdk/lib/tinyusb/src/device/usbd.c.obj
                0x0000000010006404                usbd_edpt_open
 .text.usbd_open_edpt_pair
                0x00000000100064e4       0x8c CMakeFiles/org2-top-slot-breakout.dir/tree/downloaded_tools/pico/pico-sdk/lib/tinyusb/src/device/usbd.c.obj
                0x00000000100064e4                usbd_open_edpt_pair
 .text.usbd_edpt_claim
                0x0000000010006570       0x8c CMakeFiles/org2-top-slot-breakout.dir/tree/downloaded_tools/pico/pico-sdk/lib/tinyusb/src/device/usbd.c.obj
                0x0000000010006570                usbd_edpt_claim
 .text.usbd_edpt_release
                0x00000000100065fc       0x68 CMakeFiles/org2-top-slot-breakout.dir/tree/downloaded_tools/pico/pico-sdk/lib/tinyusb/src/device/usbd.c.obj
                0x00000000100065fc                usbd_edpt_release
 .text.usbd_edpt_xfer
                0x0000000010006664       0x80 CMakeFiles/org2-top-slot-breakout.dir/tree/downloaded_tools/pico/pico-sdk/lib/tinyusb/src/device/usbd.c.obj
                0x0000000010006664                usbd_edpt_xfer
 .text.usbd_edpt_stall
                0x00000000100066e4       0x2c CMakeFiles/org2-top-slot-breakout.dir/tree/downloaded_tools/pico/pico-sdk/lib/tinyusb/src/device/usbd.c.obj
                0x00000000100066e4                usbd_edpt_stall
 .text.usbd_edpt_clear_stall
                0x0000000010006710       0x2c CMakeFiles/org2-top-slot-breakout.dir/tree/downloaded_tools/pico/pico-sdk/lib/tinyusb/src/device/usbd.c.obj
                0x0000000010006710                usbd_edpt_clear_stall
 .text.usbd_edpt_stalled
                0x000000001000673c       0x1c CMakeFiles/org2-top-slot-breakout.dir/tree/downloaded_tools/pico/pico-sdk/lib/tinyusb/src/device/usbd.c.obj
                0x000000001000673c                usbd_edpt_stalled
 .text.process_control_request
                0x0000000010006758      0x380 CMakeFiles/org2-top-slot-breakout.dir/tree/downloaded_tools/pico/pico-sdk/lib/tinyusb/src/device/usbd.c.obj
 .text.tud_task
                0x0000000010006ad8      0x204 CMakeFiles/org2-top-slot-breakout.dir/tree/downloaded_tools/pico/pico-sdk/lib/tinyusb/src/device/usbd.c.obj
                0x0000000010006ad8                tud_task
 .text._data_stage_xact
                0x0000000010006cdc       0x58 CMakeFiles/org2-top-slot-breakout.dir/tree/downloaded_tools/pico/pico-sdk/lib/tinyusb/src/device/usbd_control.c.obj
 .text.tud_control_status
                0x0000000010006d34       0x38 CMakeFiles/org2-top-slot-breakout.dir/tree/downloaded_tools/pico/pico-sdk/lib/tinyusb/src/device/usbd_control.c.obj
                0x0000000010006d34                tud_control_status
 .text.tud_control_xfer
                0x0000000010006d6c       0xa8 CMakeFiles/org2-top-slot-breakout.dir/tree/downloaded_tools/pico/pico-sdk/lib/tinyusb/src/device/usbd_control.c.obj
                0x0000000010006d6c                tud_control_xfer
 .text.usbd_control_reset
                0x0000000010006e14       0x14 CMakeFiles/org2-top-slot-breakout.dir/tree/downloaded_tools/pico/pico-sdk/lib/tinyusb/src/device/usbd_control.c.obj
                0x0000000010006e14                usbd_control_reset
 .text.usbd_control_set_complete_callback
                0x0000000010006e28        0xc CMakeFiles/org2-top-slot-breakout.dir/tree/downloaded_tools/pico/pico-sdk/lib/tinyusb/src/device/usbd_control.c.obj
                0x0000000010006e28                usbd_control_set_complete_callback
 .text.usbd_control_set_request
                0x0000000010006e34       0x1c CMakeFiles/org2-top-slot-breakout.dir/tree/downloaded_tools/pico/pico-sdk/lib/tinyusb/src/device/usbd_control.c.obj
                0x0000000010006e34                usbd_control_set_request
 .text.usbd_control_xfer_cb
                0x0000000010006e50       0xfc CMakeFiles/org2-top-slot-breakout.dir/tree/downloaded_tools/pico/pico-sdk/lib/tinyusb/src/device/usbd_control.c.obj
                0x0000000010006e50                usbd_control_xfer_cb
 .text._prep_out_transaction
                0x0000000010006f4c       0x46 CMakeFiles/org2-top-slot-breakout.dir/tree/downloaded_tools/pico/pico-sdk/lib/tinyusb/src/class/cdc/cdc_device.c.obj
 *fill*         0x0000000010006f92        0x2 
 .text.tud_cdc_n_connected
                0x0000000010006f94       0x44 CMakeFiles/org2-top-slot-breakout.dir/tree/downloaded_tools/pico/pico-sdk/lib/tinyusb/src/class/cdc/cdc_device.c.obj
                0x0000000010006f94                tud_cdc_n_connected
 .text.tud_cdc_n_available
                0x0000000010006fd8       0x18 CMakeFiles/org2-top-slot-breakout.dir/tree/downloaded_tools/pico/pico-sdk/lib/tinyusb/src/class/cdc/cdc_device.c.obj
                0x0000000010006fd8                tud_cdc_n_available
 .text.tud_cdc_n_read
                0x0000000010006ff0       0x28 CMakeFiles/org2-top-slot-breakout.dir/tree/downloaded_tools/pico/pico-sdk/lib/tinyusb/src/class/cdc/cdc_device.c.obj
                0x0000000010006ff0                tud_cdc_n_read
 .text.tud_cdc_n_write_flush
                0x0000000010007018       0xcc CMakeFiles/org2-top-slot-breakout.dir/tree/downloaded_tools/pico/pico-sdk/lib/tinyusb/src/class/cdc/cdc_device.c.obj
                0x0000000010007018                tud_cdc_n_write_flush
 .text.tud_cdc_n_write
                0x00000000100070e4       0x38 CMakeFiles/org2-top-slot-breakout.dir/tree/downloaded_tools/pico/pico-sdk/lib/tinyusb/src/class/cdc/cdc_device.c.obj
                0x00000000100070e4                tud_cdc_n_write
 .text.tud_cdc_n_write_available
                0x000000001000711c       0x1c CMakeFiles/org2-top-slot-breakout.dir/tree/downloaded_tools/pico/pico-sdk/lib/tinyusb/src/class/cdc/cdc_device.c.obj
                0x000000001000711c                tud_cdc_n_write_available
 .text.cdcd_init
                0x0000000010007138       0xbc CMakeFiles/org2-top-slot-breakout.dir/tree/downloaded_tools/pico/pico-sdk/lib/tinyusb/src/class/cdc/cdc_device.c.obj
                0x0000000010007138                cdcd_init
 .text.cdcd_reset
                0x00000000100071f4       0x44 CMakeFiles/org2-top-slot-breakout.dir/tree/downloaded_tools/pico/pico-sdk/lib/tinyusb/src/class/cdc/cdc_device.c.obj
                0x00000000100071f4                cdcd_reset
 .text.cdcd_open
                0x0000000010007238      0x10c CMakeFiles/org2-top-slot-breakout.dir/tree/downloaded_tools/pico/pico-sdk/lib/tinyusb/src/class/cdc/cdc_device.c.obj
                0x0000000010007238                cdcd_open
 .text.cdcd_control_xfer_cb
                0x0000000010007344      0x134 CMakeFiles/org2-top-slot-breakout.dir/tree/downloaded_tools/pico/pico-sdk/lib/tinyusb/src/class/cdc/cdc_device.c.obj
                0x0000000010007344                cdcd_control_xfer_cb
 .text.cdcd_xfer_cb
                0x0000000010007478      0x144 CMakeFiles/org2-top-slot-breakout.dir/tree/downloaded_tools/pico/pico-sdk/lib/tinyusb/src/class/cdc/cdc_device.c.obj
                0x0000000010007478                cdcd_xfer_cb
 .text.tusb_init
                0x00000000100075bc       0x24 CMakeFiles/org2-top-slot-breakout.dir/tree/downloaded_tools/pico/pico-sdk/lib/tinyusb/src/tusb.c.obj
                0x00000000100075bc                tusb_init
 .text.tusb_inited
                0x00000000100075e0        0xe CMakeFiles/org2-top-slot-breakout.dir/tree/downloaded_tools/pico/pico-sdk/lib/tinyusb/src/tusb.c.obj
                0x00000000100075e0                tusb_inited
 .text.advance_pointer
                0x00000000100075ee       0x1e CMakeFiles/org2-top-slot-breakout.dir/tree/downloaded_tools/pico/pico-sdk/lib/tinyusb/src/common/tusb_fifo.c.obj
 .text.backward_pointer
                0x000000001000760c       0x1a CMakeFiles/org2-top-slot-breakout.dir/tree/downloaded_tools/pico/pico-sdk/lib/tinyusb/src/common/tusb_fifo.c.obj
 .text.get_relative_pointer
                0x0000000010007626       0x10 CMakeFiles/org2-top-slot-breakout.dir/tree/downloaded_tools/pico/pico-sdk/lib/tinyusb/src/common/tusb_fifo.c.obj
 .text._tu_fifo_peek
                0x0000000010007636       0x50 CMakeFiles/org2-top-slot-breakout.dir/tree/downloaded_tools/pico/pico-sdk/lib/tinyusb/src/common/tusb_fifo.c.obj
 .text._ff_pull_const_addr
                0x0000000010007686       0x4c CMakeFiles/org2-top-slot-breakout.dir/tree/downloaded_tools/pico/pico-sdk/lib/tinyusb/src/common/tusb_fifo.c.obj
 .text._ff_pull_n
                0x00000000100076d2      0x10c CMakeFiles/org2-top-slot-breakout.dir/tree/downloaded_tools/pico/pico-sdk/lib/tinyusb/src/common/tusb_fifo.c.obj
 .text._tu_fifo_peek_n
                0x00000000100077de       0x5e CMakeFiles/org2-top-slot-breakout.dir/tree/downloaded_tools/pico/pico-sdk/lib/tinyusb/src/common/tusb_fifo.c.obj
 .text._tu_fifo_read_n
                0x000000001000783c       0x4e CMakeFiles/org2-top-slot-breakout.dir/tree/downloaded_tools/pico/pico-sdk/lib/tinyusb/src/common/tusb_fifo.c.obj
 .text._ff_push_const_addr
                0x000000001000788a       0x40 CMakeFiles/org2-top-slot-breakout.dir/tree/downloaded_tools/pico/pico-sdk/lib/tinyusb/src/common/tusb_fifo.c.obj
 .text._ff_push_n
                0x00000000100078ca      0x106 CMakeFiles/org2-top-slot-breakout.dir/tree/downloaded_tools/pico/pico-sdk/lib/tinyusb/src/common/tusb_fifo.c.obj
 .text._tu_fifo_write_n
                0x00000000100079d0       0x9e CMakeFiles/org2-top-slot-breakout.dir/tree/downloaded_tools/pico/pico-sdk/lib/tinyusb/src/common/tusb_fifo.c.obj
 .text.tu_fifo_config
                0x0000000010007a6e       0x72 CMakeFiles/org2-top-slot-breakout.dir/tree/downloaded_tools/pico/pico-sdk/lib/tinyusb/src/common/tusb_fifo.c.obj
                0x0000000010007a6e                tu_fifo_config
 .text.tu_fifo_count
                0x0000000010007ae0       0x26 CMakeFiles/org2-top-slot-breakout.dir/tree/downloaded_tools/pico/pico-sdk/lib/tinyusb/src/common/tusb_fifo.c.obj
                0x0000000010007ae0                tu_fifo_count
 .text.tu_fifo_empty
                0x0000000010007b06        0xe CMakeFiles/org2-top-slot-breakout.dir/tree/downloaded_tools/pico/pico-sdk/lib/tinyusb/src/common/tusb_fifo.c.obj
                0x0000000010007b06                tu_fifo_empty
 .text.tu_fifo_remaining
                0x0000000010007b14       0x20 CMakeFiles/org2-top-slot-breakout.dir/tree/downloaded_tools/pico/pico-sdk/lib/tinyusb/src/common/tusb_fifo.c.obj
                0x0000000010007b14                tu_fifo_remaining
 .text.tu_fifo_read
                0x0000000010007b34       0x42 CMakeFiles/org2-top-slot-breakout.dir/tree/downloaded_tools/pico/pico-sdk/lib/tinyusb/src/common/tusb_fifo.c.obj
                0x0000000010007b34                tu_fifo_read
 .text.tu_fifo_read_n
                0x0000000010007b76        0xa CMakeFiles/org2-top-slot-breakout.dir/tree/downloaded_tools/pico/pico-sdk/lib/tinyusb/src/common/tusb_fifo.c.obj
                0x0000000010007b76                tu_fifo_read_n
 .text.tu_fifo_write
                0x0000000010007b80       0x6c CMakeFiles/org2-top-slot-breakout.dir/tree/downloaded_tools/pico/pico-sdk/lib/tinyusb/src/common/tusb_fifo.c.obj
                0x0000000010007b80                tu_fifo_write
 .text.tu_fifo_write_n
                0x0000000010007bec        0xa CMakeFiles/org2-top-slot-breakout.dir/tree/downloaded_tools/pico/pico-sdk/lib/tinyusb/src/common/tusb_fifo.c.obj
                0x0000000010007bec                tu_fifo_write_n
 .text.tu_fifo_clear
                0x0000000010007bf6       0x4c CMakeFiles/org2-top-slot-breakout.dir/tree/downloaded_tools/pico/pico-sdk/lib/tinyusb/src/common/tusb_fifo.c.obj
                0x0000000010007bf6                tu_fifo_clear
 .text.tu_fifo_set_overwritable
                0x0000000010007c42       0x3c CMakeFiles/org2-top-slot-breakout.dir/tree/downloaded_tools/pico/pico-sdk/lib/tinyusb/src/common/tusb_fifo.c.obj
                0x0000000010007c42                tu_fifo_set_overwritable
 *fill*         0x0000000010007c7e        0x2 
 .text._retrieve_unique_id_on_boot
                0x0000000010007c80       0x10 CMakeFiles/org2-top-slot-breakout.dir/tree/downloaded_tools/pico/pico-sdk/src/rp2_common/pico_unique_id/unique_id.c.obj
 .text.pico_get_unique_board_id_string
                0x0000000010007c90       0x60 CMakeFiles/org2-top-slot-breakout.dir/tree/downloaded_tools/pico/pico-sdk/src/rp2_common/pico_unique_id/unique_id.c.obj
                0x0000000010007c90                pico_get_unique_board_id_string
 .text.flash_get_unique_id
                0x0000000010007cf0       0x46 CMakeFiles/org2-top-slot-breakout.dir/tree/downloaded_tools/pico/pico-sdk/src/rp2_common/hardware_flash/flash.c.obj
                0x0000000010007cf0                flash_get_unique_id
 .text.core1_trampoline
                0x0000000010007d36        0x2 CMakeFiles/org2-top-slot-breakout.dir/tree/downloaded_tools/pico/pico-sdk/src/rp2_common/pico_multicore/multicore.c.obj
 .text.core1_wrapper
                0x0000000010007d38        0xc CMakeFiles/org2-top-slot-breakout.dir/tree/downloaded_tools/pico/pico-sdk/src/rp2_common/pico_multicore/multicore.c.obj
                0x0000000010007d38                core1_wrapper
 .text.multicore_fifo_push_blocking
                0x0000000010007d44       0x14 CMakeFiles/org2-top-slot-breakout.dir/tree/downloaded_tools/pico/pico-sdk/src/rp2_common/pico_multicore/multicore.c.obj
                0x0000000010007d44                multicore_fifo_push_blocking
 .text.multicore_fifo_pop_blocking
                0x0000000010007d58       0x16 CMakeFiles/org2-top-slot-breakout.dir/tree/downloaded_tools/pico/pico-sdk/src/rp2_common/pico_multicore/multicore.c.obj
                0x0000000010007d58                multicore_fifo_pop_blocking
 .text.multicore_launch_core1_raw
                0x0000000010007d6e       0x6a CMakeFiles/org2-top-slot-breakout.dir/tree/downloaded_tools/pico/pico-sdk/src/rp2_common/pico_multicore/multicore.c.obj
                0x0000000010007d6e                multicore_launch_core1_raw
 .text.multicore_launch_core1_with_stack
                0x0000000010007dd8       0x50 CMakeFiles/org2-top-slot-breakout.dir/tree/downloaded_tools/pico/pico-sdk/src/rp2_common/pico_multicore/multicore.c.obj
                0x0000000010007dd8                multicore_launch_core1_with_stack
 .text.multicore_launch_core1
                0x0000000010007e28       0x24 CMakeFiles/org2-top-slot-breakout.dir/tree/downloaded_tools/pico/pico-sdk/src/rp2_common/pico_multicore/multicore.c.obj
                0x0000000010007e28                multicore_launch_core1
 .text          0x0000000010007e4c       0x68 /usr/lib/gcc/arm-none-eabi/9.2.1/../../../arm-none-eabi/lib/thumb/v6-m/nofp/libg.a(lib_a-strlen-stub.o)
                0x0000000010007e4c                strlen
 *(.fini)
 .fini          0x0000000010007eb4        0x4 /usr/lib/gcc/arm-none-eabi/9.2.1/thumb/v6-m/nofp/crti.o
                0x0000000010007eb4                _fini
 .fini.__stub   0x0000000010007eb8       0x70 linker stubs
 *crtbegin.o(.ctors)
 *crtbegin?.o(.ctors)
 *(EXCLUDE_FILE(*crtend.o *crtend?.o) .ctors)
 *(SORT_BY_NAME(.ctors.*))
 *(.ctors)
 *crtbegin.o(.dtors)
 *crtbegin?.o(.dtors)
 *(EXCLUDE_FILE(*crtend.o *crtend?.o) .dtors)
 *(SORT_BY_NAME(.dtors.*))
 *(.dtors)
 *(.eh_frame*)
 .eh_frame      0x0000000010007f28        0x0 /usr/lib/gcc/arm-none-eabi/9.2.1/thumb/v6-m/nofp/crtbegin.o
                0x0000000010007f28                . = ALIGN (0x4)

.glue_7         0x0000000010007f28        0x0
 .glue_7        0x0000000010007f28        0x0 linker stubs

.glue_7t        0x0000000010007f28        0x0
 .glue_7t       0x0000000010007f28        0x0 linker stubs

.vfp11_veneer   0x0000000010007f28        0x0
 .vfp11_veneer  0x0000000010007f28        0x0 linker stubs

.v4_bx          0x0000000010007f28        0x0
 .v4_bx         0x0000000010007f28        0x0 linker stubs

.iplt           0x0000000010007f28        0x0
 .iplt          0x0000000010007f28        0x0 /usr/lib/gcc/arm-none-eabi/9.2.1/thumb/v6-m/nofp/crtbegin.o

.rodata         0x0000000010007f28     0x1a10
 *(EXCLUDE_FILE(*libm.a: *libc.a:*lib_a-mem*.o *libgcc.a:) .rodata*)
 .rodata.main.str1.4
                0x0000000010007f28       0x58 CMakeFiles/org2-top-slot-breakout.dir/org2-top-slot-breakout.c.obj
 .rodata.font_5x7_letters
                0x0000000010007f80      0x1e0 CMakeFiles/org2-top-slot-breakout.dir/org2-top-slot-breakout.c.obj
                0x0000000010007f80                font_5x7_letters
 .rodata.init_seq2
                0x0000000010008160       0x1e CMakeFiles/org2-top-slot-breakout.dir/org2-top-slot-breakout.c.obj
                0x0000000010008160                init_seq2
 *fill*         0x000000001000817e        0x2 
 .rodata.spin_lock_claim_unused.str1.4
                0x0000000010008180       0x1b CMakeFiles/org2-top-slot-breakout.dir/tree/downloaded_tools/pico/pico-sdk/src/rp2_common/hardware_sync/sync.c.obj
 *fill*         0x000000001000819b        0x1 
 .rodata.repeating_timer_callback.str1.4
                0x000000001000819c       0x55 CMakeFiles/org2-top-slot-breakout.dir/tree/downloaded_tools/pico/pico-sdk/src/common/pico_time/time.c.obj
 *fill*         0x00000000100081f1        0x3 
 .rodata.alarm_pool_dump_key.str1.4
                0x00000000100081f4       0x33 CMakeFiles/org2-top-slot-breakout.dir/tree/downloaded_tools/pico/pico-sdk/src/common/pico_time/time.c.obj
 *fill*         0x0000000010008227        0x1 
 .rodata.ph_add_child_node.str1.4
                0x0000000010008228       0x9e CMakeFiles/org2-top-slot-breakout.dir/tree/downloaded_tools/pico/pico-sdk/src/common/pico_time/time.c.obj
 *fill*         0x00000000100082c6        0x2 
 .rodata.add_alarm_under_lock.str1.4
                0x00000000100082c8       0x28 CMakeFiles/org2-top-slot-breakout.dir/tree/downloaded_tools/pico/pico-sdk/src/common/pico_time/time.c.obj
                                         0x2b (size before relaxing)
 .rodata.alarm_pool_alarm_callback.str1.4
                0x00000000100082f0       0xee CMakeFiles/org2-top-slot-breakout.dir/tree/downloaded_tools/pico/pico-sdk/src/common/pico_time/time.c.obj
 *fill*         0x00000000100083de        0x2 
 .rodata.alarm_pool_get_default.str1.4
                0x00000000100083e0       0x21 CMakeFiles/org2-top-slot-breakout.dir/tree/downloaded_tools/pico/pico-sdk/src/common/pico_time/time.c.obj
 *fill*         0x0000000010008401        0x3 
 .rodata.alarm_pool_cancel_alarm.str1.4
                0x0000000010008404       0x27 CMakeFiles/org2-top-slot-breakout.dir/tree/downloaded_tools/pico/pico-sdk/src/common/pico_time/time.c.obj
 *fill*         0x000000001000842b        0x1 
 .rodata.sleep_until.str1.4
                0x000000001000842c       0x4d CMakeFiles/org2-top-slot-breakout.dir/tree/downloaded_tools/pico/pico-sdk/src/common/pico_time/time.c.obj
 *fill*         0x0000000010008479        0x3 
 .rodata.__func__.5701
                0x000000001000847c       0x15 CMakeFiles/org2-top-slot-breakout.dir/tree/downloaded_tools/pico/pico-sdk/src/common/pico_time/time.c.obj
 *fill*         0x0000000010008491        0x3 
 .rodata.__func__.6002
                0x0000000010008494        0xc CMakeFiles/org2-top-slot-breakout.dir/tree/downloaded_tools/pico/pico-sdk/src/common/pico_time/time.c.obj
 .rodata.__func__.6009
                0x00000000100084a0       0x12 CMakeFiles/org2-top-slot-breakout.dir/tree/downloaded_tools/pico/pico-sdk/src/common/pico_time/time.c.obj
 *fill*         0x00000000100084b2        0x2 
 .rodata.__func__.6025
                0x00000000100084b4        0xf CMakeFiles/org2-top-slot-breakout.dir/tree/downloaded_tools/pico/pico-sdk/src/common/pico_time/time.c.obj
 *fill*         0x00000000100084c3        0x1 
 .rodata.__func__.6047
                0x00000000100084c4        0xd CMakeFiles/org2-top-slot-breakout.dir/tree/downloaded_tools/pico/pico-sdk/src/common/pico_time/time.c.obj
 *fill*         0x00000000100084d1        0x3 
 .rodata.__func__.6248
                0x00000000100084d4        0xa CMakeFiles/org2-top-slot-breakout.dir/tree/downloaded_tools/pico/pico-sdk/src/common/pico_time/time.c.obj
 *fill*         0x00000000100084de        0x2 
 .rodata.__func__.6253
                0x00000000100084e0       0x12 CMakeFiles/org2-top-slot-breakout.dir/tree/downloaded_tools/pico/pico-sdk/src/common/pico_time/time.c.obj
 *fill*         0x00000000100084f2        0x2 
 .rodata.__func__.6268
                0x00000000100084f4       0x17 CMakeFiles/org2-top-slot-breakout.dir/tree/downloaded_tools/pico/pico-sdk/src/common/pico_time/time.c.obj
 *fill*         0x000000001000850b        0x1 
 .rodata.__func__.6279
                0x000000001000850c       0x15 CMakeFiles/org2-top-slot-breakout.dir/tree/downloaded_tools/pico/pico-sdk/src/common/pico_time/time.c.obj
 *fill*         0x0000000010008521        0x3 
 .rodata.__func__.6296
                0x0000000010008524       0x1a CMakeFiles/org2-top-slot-breakout.dir/tree/downloaded_tools/pico/pico-sdk/src/common/pico_time/time.c.obj
 *fill*         0x000000001000853e        0x2 
 .rodata.__func__.6335
                0x0000000010008540       0x18 CMakeFiles/org2-top-slot-breakout.dir/tree/downloaded_tools/pico/pico-sdk/src/common/pico_time/time.c.obj
 .rodata.hardware_alarm_claim.str1.4
                0x0000000010008558       0x22 CMakeFiles/org2-top-slot-breakout.dir/tree/downloaded_tools/pico/pico-sdk/src/rp2_common/hardware_timer/timer.c.obj
 *fill*         0x000000001000857a        0x2 
 .rodata.hardware_alarm_set_target.str1.4
                0x000000001000857c       0x6f CMakeFiles/org2-top-slot-breakout.dir/tree/downloaded_tools/pico/pico-sdk/src/rp2_common/hardware_timer/timer.c.obj
 *fill*         0x00000000100085eb        0x1 
 .rodata.__func__.4548
                0x00000000100085ec       0x1a CMakeFiles/org2-top-slot-breakout.dir/tree/downloaded_tools/pico/pico-sdk/src/rp2_common/hardware_timer/timer.c.obj
 *fill*         0x0000000010008606        0x2 
 .rodata.str1.4
                0x0000000010008608       0xbd CMakeFiles/org2-top-slot-breakout.dir/tree/downloaded_tools/pico/pico-sdk/src/common/pico_sync/mutex.c.obj
                                        0x129 (size before relaxing)
 *fill*         0x00000000100086c5        0x3 
 .rodata.__func__.4193
                0x00000000100086c8       0x15 CMakeFiles/org2-top-slot-breakout.dir/tree/downloaded_tools/pico/pico-sdk/src/common/pico_sync/mutex.c.obj
 *fill*         0x00000000100086dd        0x3 
 .rodata.__func__.4610
                0x00000000100086e0       0x15 CMakeFiles/org2-top-slot-breakout.dir/tree/downloaded_tools/pico/pico-sdk/src/common/pico_sync/mutex.c.obj
 *fill*         0x00000000100086f5        0x3 
 .rodata.__func__.4635
                0x00000000100086f8       0x18 CMakeFiles/org2-top-slot-breakout.dir/tree/downloaded_tools/pico/pico-sdk/src/common/pico_sync/mutex.c.obj
 .rodata.__func__.4645
                0x0000000010008710        0xb CMakeFiles/org2-top-slot-breakout.dir/tree/downloaded_tools/pico/pico-sdk/src/common/pico_sync/mutex.c.obj
 .rodata.ph_add_child_node.str1.4
                0x000000001000871b       0x9e CMakeFiles/org2-top-slot-breakout.dir/tree/downloaded_tools/pico/pico-sdk/src/common/pico_util/pheap.c.obj
 *fill*         0x000000001000871b        0x1 
 .rodata.ph_remove_any_head.str1.4
                0x000000001000871c       0x98 CMakeFiles/org2-top-slot-breakout.dir/tree/downloaded_tools/pico/pico-sdk/src/common/pico_util/pheap.c.obj
 .rodata.ph_remove_and_free_node.str1.4
                0x00000000100087b4       0x26 CMakeFiles/org2-top-slot-breakout.dir/tree/downloaded_tools/pico/pico-sdk/src/common/pico_util/pheap.c.obj
 *fill*         0x00000000100087da        0x2 
 .rodata.__func__.5708
                0x00000000100087dc        0xc CMakeFiles/org2-top-slot-breakout.dir/tree/downloaded_tools/pico/pico-sdk/src/common/pico_util/pheap.c.obj
 .rodata.__func__.5715
                0x00000000100087e8       0x12 CMakeFiles/org2-top-slot-breakout.dir/tree/downloaded_tools/pico/pico-sdk/src/common/pico_util/pheap.c.obj
 *fill*         0x00000000100087fa        0x2 
 .rodata.__func__.5801
                0x00000000100087fc       0x13 CMakeFiles/org2-top-slot-breakout.dir/tree/downloaded_tools/pico/pico-sdk/src/common/pico_util/pheap.c.obj
 *fill*         0x000000001000880f        0x1 
 .rodata.__func__.5819
                0x0000000010008810       0x18 CMakeFiles/org2-top-slot-breakout.dir/tree/downloaded_tools/pico/pico-sdk/src/common/pico_util/pheap.c.obj
 .rodata.__assert_func.str1.4
                0x0000000010008828       0x3f CMakeFiles/org2-top-slot-breakout.dir/tree/downloaded_tools/pico/pico-sdk/src/rp2_common/pico_runtime/runtime.c.obj
                                         0x43 (size before relaxing)
 *fill*         0x0000000010008867        0x1 
 .rodata.panic.str1.4
                0x0000000010008868       0x12 CMakeFiles/org2-top-slot-breakout.dir/tree/downloaded_tools/pico/pico-sdk/src/rp2_common/pico_runtime/runtime.c.obj
 *fill*         0x000000001000887a        0x2 
 .rodata.clock_configure.str1.4
                0x000000001000887c       0x61 CMakeFiles/org2-top-slot-breakout.dir/tree/downloaded_tools/pico/pico-sdk/src/rp2_common/hardware_clocks/clocks.c.obj
 *fill*         0x00000000100088dd        0x3 
 .rodata.__func__.4667
                0x00000000100088e0       0x10 CMakeFiles/org2-top-slot-breakout.dir/tree/downloaded_tools/pico/pico-sdk/src/rp2_common/hardware_clocks/clocks.c.obj
 .rodata.make_branch.str1.4
                0x00000000100088f0       0x57 CMakeFiles/org2-top-slot-breakout.dir/tree/downloaded_tools/pico/pico-sdk/src/rp2_common/hardware_irq/irq.c.obj
 *fill*         0x0000000010008947        0x1 
 .rodata.irq_set_exclusive_handler.str1.4
                0x0000000010008948       0x36 CMakeFiles/org2-top-slot-breakout.dir/tree/downloaded_tools/pico/pico-sdk/src/rp2_common/hardware_irq/irq.c.obj
 *fill*         0x000000001000897e        0x2 
 .rodata.irq_add_shared_handler.str1.4
                0x0000000010008980       0xd9 CMakeFiles/org2-top-slot-breakout.dir/tree/downloaded_tools/pico/pico-sdk/src/rp2_common/hardware_irq/irq.c.obj
 *fill*         0x0000000010008a59        0x3 
 .rodata.irq_remove_handler.str1.4
                0x0000000010008a5c       0x2a CMakeFiles/org2-top-slot-breakout.dir/tree/downloaded_tools/pico/pico-sdk/src/rp2_common/hardware_irq/irq.c.obj
 *fill*         0x0000000010008a86        0x2 
 .rodata.irq_add_tail_to_free_list.str1.4
                0x0000000010008a88       0x32 CMakeFiles/org2-top-slot-breakout.dir/tree/downloaded_tools/pico/pico-sdk/src/rp2_common/hardware_irq/irq.c.obj
                                         0x3a (size before relaxing)
 *fill*         0x0000000010008aba        0x2 
 .rodata.__func__.4703
                0x0000000010008abc       0x1a CMakeFiles/org2-top-slot-breakout.dir/tree/downloaded_tools/pico/pico-sdk/src/rp2_common/hardware_irq/irq.c.obj
 *fill*         0x0000000010008ad6        0x2 
 .rodata.__func__.4717
                0x0000000010008ad8        0xc CMakeFiles/org2-top-slot-breakout.dir/tree/downloaded_tools/pico/pico-sdk/src/rp2_common/hardware_irq/irq.c.obj
 .rodata.__func__.4725
                0x0000000010008ae4       0x17 CMakeFiles/org2-top-slot-breakout.dir/tree/downloaded_tools/pico/pico-sdk/src/rp2_common/hardware_irq/irq.c.obj
 *fill*         0x0000000010008afb        0x1 
 .rodata.__func__.4729
                0x0000000010008afc        0xf CMakeFiles/org2-top-slot-breakout.dir/tree/downloaded_tools/pico/pico-sdk/src/rp2_common/hardware_irq/irq.c.obj
 *fill*         0x0000000010008b0b        0x1 
 .rodata.__func__.4768
                0x0000000010008b0c       0x13 CMakeFiles/org2-top-slot-breakout.dir/tree/downloaded_tools/pico/pico-sdk/src/rp2_common/hardware_irq/irq.c.obj
 *fill*         0x0000000010008b1f        0x1 
 .rodata.__func__.4787
                0x0000000010008b20       0x1a CMakeFiles/org2-top-slot-breakout.dir/tree/downloaded_tools/pico/pico-sdk/src/rp2_common/hardware_irq/irq.c.obj
 *fill*         0x0000000010008b3a        0x2 
 .rodata.pll_init.str1.4
                0x0000000010008b3c       0xe3 CMakeFiles/org2-top-slot-breakout.dir/tree/downloaded_tools/pico/pico-sdk/src/rp2_common/hardware_pll/pll.c.obj
 *fill*         0x0000000010008c1f        0x1 
 .rodata.__func__.4402
                0x0000000010008c20        0x9 CMakeFiles/org2-top-slot-breakout.dir/tree/downloaded_tools/pico/pico-sdk/src/rp2_common/hardware_pll/pll.c.obj
 *fill*         0x0000000010008c29        0x3 
 .rodata._ftoa.str1.4
                0x0000000010008c2c       0x15 CMakeFiles/org2-top-slot-breakout.dir/tree/downloaded_tools/pico/pico-sdk/src/rp2_common/pico_printf/printf.c.obj
 *fill*         0x0000000010008c41        0x3 
 .rodata._vsnprintf
                0x0000000010008c44      0x1e0 CMakeFiles/org2-top-slot-breakout.dir/tree/downloaded_tools/pico/pico-sdk/src/rp2_common/pico_printf/printf.c.obj
 *fill*         0x0000000010008e24        0x4 
 .rodata.pow10.5422
                0x0000000010008e28       0x50 CMakeFiles/org2-top-slot-breakout.dir/tree/downloaded_tools/pico/pico-sdk/src/rp2_common/pico_printf/printf.c.obj
 .rodata.__aeabi_double_init.str1.4
                0x0000000010008e78       0xb2 CMakeFiles/org2-top-slot-breakout.dir/tree/downloaded_tools/pico/pico-sdk/src/rp2_common/pico_double/double_init_rom.c.obj
 *fill*         0x0000000010008f2a        0x2 
 .rodata.__func__.4668
                0x0000000010008f2c       0x14 CMakeFiles/org2-top-slot-breakout.dir/tree/downloaded_tools/pico/pico-sdk/src/rp2_common/pico_double/double_init_rom.c.obj
 .rodata.__aeabi_float_init.str1.4
                0x0000000010008f40       0x84 CMakeFiles/org2-top-slot-breakout.dir/tree/downloaded_tools/pico/pico-sdk/src/rp2_common/pico_float/float_init_rom.c.obj
                                         0x88 (size before relaxing)
 .rodata.__func__.4670
                0x0000000010008fc4       0x13 CMakeFiles/org2-top-slot-breakout.dir/tree/downloaded_tools/pico/pico-sdk/src/rp2_common/pico_float/float_init_rom.c.obj
 *fill*         0x0000000010008fd7        0x1 
 .rodata.str1.4
                0x0000000010008fd8       0x50 CMakeFiles/org2-top-slot-breakout.dir/tree/downloaded_tools/pico/pico-sdk/src/rp2_common/pico_standard_link/binary_info.c.obj
 .rodata.__bi_44
                0x0000000010009028        0xc CMakeFiles/org2-top-slot-breakout.dir/tree/downloaded_tools/pico/pico-sdk/src/rp2_common/pico_standard_link/binary_info.c.obj
 .rodata.__bi_56
                0x0000000010009034        0xc CMakeFiles/org2-top-slot-breakout.dir/tree/downloaded_tools/pico/pico-sdk/src/rp2_common/pico_standard_link/binary_info.c.obj
 .rodata.__bi_75
                0x0000000010009040        0xc CMakeFiles/org2-top-slot-breakout.dir/tree/downloaded_tools/pico/pico-sdk/src/rp2_common/pico_standard_link/binary_info.c.obj
 .rodata.__bi_81
                0x000000001000904c        0xc CMakeFiles/org2-top-slot-breakout.dir/tree/downloaded_tools/pico/pico-sdk/src/rp2_common/pico_standard_link/binary_info.c.obj
 .rodata.crlf_str.6013
                0x0000000010009058        0x2 CMakeFiles/org2-top-slot-breakout.dir/tree/downloaded_tools/pico/pico-sdk/src/rp2_common/pico_stdio/stdio.c.obj
 *fill*         0x000000001000905a        0x2 
 .rodata.str1.4
                0x000000001000905c       0x2c CMakeFiles/org2-top-slot-breakout.dir/tree/downloaded_tools/pico/pico-sdk/src/rp2_common/pico_stdio_uart/stdio_uart.c.obj
 .rodata.__bi_28.4739
                0x0000000010009088        0xc CMakeFiles/org2-top-slot-breakout.dir/tree/downloaded_tools/pico/pico-sdk/src/rp2_common/pico_stdio_uart/stdio_uart.c.obj
 .rodata.__bi_29.4743
                0x0000000010009094        0x8 CMakeFiles/org2-top-slot-breakout.dir/tree/downloaded_tools/pico/pico-sdk/src/rp2_common/pico_stdio_uart/stdio_uart.c.obj
 .rodata._resetd_driver
                0x000000001000909c       0x18 CMakeFiles/org2-top-slot-breakout.dir/tree/downloaded_tools/pico/pico-sdk/src/rp2_common/pico_stdio_usb/reset_interface.c.obj
 .rodata.stdio_usb_init.str1.4
                0x00000000100090b4       0x6b CMakeFiles/org2-top-slot-breakout.dir/tree/downloaded_tools/pico/pico-sdk/src/rp2_common/pico_stdio_usb/stdio_usb.c.obj
 .rodata.str1.4
                0x00000000100090b4       0x13 CMakeFiles/org2-top-slot-breakout.dir/tree/downloaded_tools/pico/pico-sdk/src/rp2_common/pico_stdio_usb/stdio_usb.c.obj
 *fill*         0x00000000100090c7        0x1 
 .rodata.__bi_93.7154
                0x00000000100090c8        0xc CMakeFiles/org2-top-slot-breakout.dir/tree/downloaded_tools/pico/pico-sdk/src/rp2_common/pico_stdio_usb/stdio_usb.c.obj
 .rodata.__func__.5424
                0x00000000100090d4       0x15 CMakeFiles/org2-top-slot-breakout.dir/tree/downloaded_tools/pico/pico-sdk/src/rp2_common/pico_stdio_usb/stdio_usb.c.obj
 *fill*         0x00000000100090e9        0x3 
 .rodata.str1.4
                0x00000000100090ec       0x2a CMakeFiles/org2-top-slot-breakout.dir/tree/downloaded_tools/pico/pico-sdk/src/rp2_common/pico_stdio_usb/stdio_usb_descriptors.c.obj
 *fill*         0x0000000010009116        0x2 
 .rodata.usbd_desc_cfg
                0x0000000010009118       0x54 CMakeFiles/org2-top-slot-breakout.dir/tree/downloaded_tools/pico/pico-sdk/src/rp2_common/pico_stdio_usb/stdio_usb_descriptors.c.obj
 .rodata.usbd_desc_device
                0x000000001000916c       0x12 CMakeFiles/org2-top-slot-breakout.dir/tree/downloaded_tools/pico/pico-sdk/src/rp2_common/pico_stdio_usb/stdio_usb_descriptors.c.obj
 *fill*         0x000000001000917e        0x2 
 .rodata.usbd_desc_str
                0x0000000010009180       0x18 CMakeFiles/org2-top-slot-breakout.dir/tree/downloaded_tools/pico/pico-sdk/src/rp2_common/pico_stdio_usb/stdio_usb_descriptors.c.obj
 .rodata._hw_endpoint_alloc.str1.4
                0x0000000010009198       0xc1 CMakeFiles/org2-top-slot-breakout.dir/tree/downloaded_tools/pico/pico-sdk/lib/tinyusb/src/portable/raspberrypi/rp2040/dcd_rp2040.c.obj
 *fill*         0x0000000010009259        0x3 
 .rodata._hw_endpoint_init.str1.4
                0x000000001000925c       0x28 CMakeFiles/org2-top-slot-breakout.dir/tree/downloaded_tools/pico/pico-sdk/lib/tinyusb/src/portable/raspberrypi/rp2040/dcd_rp2040.c.obj
 .rodata.hw_handle_buff_status.str1.4
                0x0000000010009284        0xb CMakeFiles/org2-top-slot-breakout.dir/tree/downloaded_tools/pico/pico-sdk/lib/tinyusb/src/portable/raspberrypi/rp2040/dcd_rp2040.c.obj
 *fill*         0x000000001000928f        0x1 
 .rodata.dcd_rp2040_irq.str1.4
                0x0000000010009290       0x14 CMakeFiles/org2-top-slot-breakout.dir/tree/downloaded_tools/pico/pico-sdk/lib/tinyusb/src/portable/raspberrypi/rp2040/dcd_rp2040.c.obj
 .rodata._hw_endpoint_stall.str1.4
                0x00000000100092a4        0xd CMakeFiles/org2-top-slot-breakout.dir/tree/downloaded_tools/pico/pico-sdk/lib/tinyusb/src/portable/raspberrypi/rp2040/dcd_rp2040.c.obj
 *fill*         0x00000000100092b1        0x3 
 .rodata.dcd_int_enable.str1.4
                0x00000000100092b4        0xc CMakeFiles/org2-top-slot-breakout.dir/tree/downloaded_tools/pico/pico-sdk/lib/tinyusb/src/portable/raspberrypi/rp2040/dcd_rp2040.c.obj
 .rodata.__func__.6859
                0x00000000100092c0       0x13 CMakeFiles/org2-top-slot-breakout.dir/tree/downloaded_tools/pico/pico-sdk/lib/tinyusb/src/portable/raspberrypi/rp2040/dcd_rp2040.c.obj
 *fill*         0x00000000100092d3        0x1 
 .rodata.__func__.6890
                0x00000000100092d4       0x16 CMakeFiles/org2-top-slot-breakout.dir/tree/downloaded_tools/pico/pico-sdk/lib/tinyusb/src/portable/raspberrypi/rp2040/dcd_rp2040.c.obj
 *fill*         0x00000000100092ea        0x2 
 .rodata.__func__.6911
                0x00000000100092ec       0x13 CMakeFiles/org2-top-slot-breakout.dir/tree/downloaded_tools/pico/pico-sdk/lib/tinyusb/src/portable/raspberrypi/rp2040/dcd_rp2040.c.obj
 *fill*         0x00000000100092ff        0x1 
 .rodata.__func__.6932
                0x0000000010009300        0x9 CMakeFiles/org2-top-slot-breakout.dir/tree/downloaded_tools/pico/pico-sdk/lib/tinyusb/src/portable/raspberrypi/rp2040/dcd_rp2040.c.obj
 *fill*         0x0000000010009309        0x3 
 .rodata.__func__.6936
                0x000000001000930c        0xf CMakeFiles/org2-top-slot-breakout.dir/tree/downloaded_tools/pico/pico-sdk/lib/tinyusb/src/portable/raspberrypi/rp2040/dcd_rp2040.c.obj
 *fill*         0x000000001000931b        0x1 
 .rodata.__func__.6945
                0x000000001000931c       0x10 CMakeFiles/org2-top-slot-breakout.dir/tree/downloaded_tools/pico/pico-sdk/lib/tinyusb/src/portable/raspberrypi/rp2040/dcd_rp2040.c.obj
 .rodata.__func__.6957