Archive member included to satisfy reference by file (symbol)

/usr/lib/gcc/arm-none-eabi/9.2.1/thumb/v6-m/nofp/libgcc.a(_dvmd_tls.o)
                              CMakeFiles/org2-top-slot-breakout.dir/tree/downloaded_tools/pico/pico-sdk/src/rp2_common/pico_divider/divider.S.obj (__aeabi_idiv0)
/usr/lib/gcc/arm-none-eabi/9.2.1/../../../arm-none-eabi/lib/thumb/v6-m/nofp/libg.a(lib_a-atexit.o)
                              /usr/lib/gcc/arm-none-eabi/9.2.1/../../../arm-none-eabi/lib/thumb/v6-m/nofp/crt0.o (atexit)
/usr/lib/gcc/arm-none-eabi/9.2.1/../../../arm-none-eabi/lib/thumb/v6-m/nofp/libg.a(lib_a-calloc.o)
                              CMakeFiles/org2-top-slot-breakout.dir/tree/downloaded_tools/pico/pico-sdk/src/rp2_common/pico_malloc/pico_malloc.c.obj (calloc)
/usr/lib/gcc/arm-none-eabi/9.2.1/../../../arm-none-eabi/lib/thumb/v6-m/nofp/libg.a(lib_a-callocr.o)
                              /usr/lib/gcc/arm-none-eabi/9.2.1/../../../arm-none-eabi/lib/thumb/v6-m/nofp/libg.a(lib_a-calloc.o) (_calloc_r)
/usr/lib/gcc/arm-none-eabi/9.2.1/../../../arm-none-eabi/lib/thumb/v6-m/nofp/libg.a(lib_a-ctype_.o)
                              CMakeFiles/org2-top-slot-breakout.dir/tree/downloaded_tools/pico/pico-sdk/lib/tinyusb/src/tusb.c.obj (_ctype_)
/usr/lib/gcc/arm-none-eabi/9.2.1/../../../arm-none-eabi/lib/thumb/v6-m/nofp/libg.a(lib_a-errno.o)
                              CMakeFiles/org2-top-slot-breakout.dir/tree/downloaded_tools/pico/no-OS-FatFS-SD-SPI-RPi-Pico/FatFs_SPI/src/ff_stdio.c.obj (__errno)
/usr/lib/gcc/arm-none-eabi/9.2.1/../../../arm-none-eabi/lib/thumb/v6-m/nofp/libg.a(lib_a-fflush.o)
                              CMakeFiles/org2-top-slot-breakout.dir/tree/downloaded_tools/pico/no-OS-FatFS-SD-SPI-RPi-Pico/FatFs_SPI/sd_driver/demo_logging.c.obj (fflush)
/usr/lib/gcc/arm-none-eabi/9.2.1/../../../arm-none-eabi/lib/thumb/v6-m/nofp/libg.a(lib_a-findfp.o)
                              /usr/lib/gcc/arm-none-eabi/9.2.1/../../../arm-none-eabi/lib/thumb/v6-m/nofp/libg.a(lib_a-fflush.o) (__sinit)
/usr/lib/gcc/arm-none-eabi/9.2.1/../../../arm-none-eabi/lib/thumb/v6-m/nofp/libg.a(lib_a-fini.o)
                              /usr/lib/gcc/arm-none-eabi/9.2.1/../../../arm-none-eabi/lib/thumb/v6-m/nofp/crt0.o (__libc_fini_array)
/usr/lib/gcc/arm-none-eabi/9.2.1/../../../arm-none-eabi/lib/thumb/v6-m/nofp/libg.a(lib_a-freer.o)
                              /usr/lib/gcc/arm-none-eabi/9.2.1/../../../arm-none-eabi/lib/thumb/v6-m/nofp/libg.a(lib_a-fflush.o) (_free_r)
/usr/lib/gcc/arm-none-eabi/9.2.1/../../../arm-none-eabi/lib/thumb/v6-m/nofp/libg.a(lib_a-fwalk.o)
                              /usr/lib/gcc/arm-none-eabi/9.2.1/../../../arm-none-eabi/lib/thumb/v6-m/nofp/libg.a(lib_a-findfp.o) (_fwalk)
/usr/lib/gcc/arm-none-eabi/9.2.1/../../../arm-none-eabi/lib/thumb/v6-m/nofp/libg.a(lib_a-impure.o)
                              /usr/lib/gcc/arm-none-eabi/9.2.1/../../../arm-none-eabi/lib/thumb/v6-m/nofp/libg.a(lib_a-fflush.o) (_global_impure_ptr)
/usr/lib/gcc/arm-none-eabi/9.2.1/../../../arm-none-eabi/lib/thumb/v6-m/nofp/libg.a(lib_a-init.o)
                              /usr/lib/gcc/arm-none-eabi/9.2.1/../../../arm-none-eabi/lib/thumb/v6-m/nofp/crt0.o (__libc_init_array)
/usr/lib/gcc/arm-none-eabi/9.2.1/../../../arm-none-eabi/lib/thumb/v6-m/nofp/libg.a(lib_a-malloc.o)
                              CMakeFiles/org2-top-slot-breakout.dir/tree/downloaded_tools/pico/pico-sdk/src/rp2_common/pico_malloc/pico_malloc.c.obj (malloc)
/usr/lib/gcc/arm-none-eabi/9.2.1/../../../arm-none-eabi/lib/thumb/v6-m/nofp/libg.a(lib_a-mallocr.o)
                              /usr/lib/gcc/arm-none-eabi/9.2.1/../../../arm-none-eabi/lib/thumb/v6-m/nofp/libg.a(lib_a-callocr.o) (_malloc_r)
/usr/lib/gcc/arm-none-eabi/9.2.1/../../../arm-none-eabi/lib/thumb/v6-m/nofp/libg.a(lib_a-mktime.o)
                              CMakeFiles/org2-top-slot-breakout.dir/tree/downloaded_tools/pico/no-OS-FatFS-SD-SPI-RPi-Pico/FatFs_SPI/src/rtc.c.obj (mktime)
/usr/lib/gcc/arm-none-eabi/9.2.1/../../../arm-none-eabi/lib/thumb/v6-m/nofp/libg.a(lib_a-mlock.o)
                              /usr/lib/gcc/arm-none-eabi/9.2.1/../../../arm-none-eabi/lib/thumb/v6-m/nofp/libg.a(lib_a-freer.o) (__malloc_lock)
/usr/lib/gcc/arm-none-eabi/9.2.1/../../../arm-none-eabi/lib/thumb/v6-m/nofp/libg.a(lib_a-sbrkr.o)
                              /usr/lib/gcc/arm-none-eabi/9.2.1/../../../arm-none-eabi/lib/thumb/v6-m/nofp/libg.a(lib_a-freer.o) (_sbrk_r)
/usr/lib/gcc/arm-none-eabi/9.2.1/../../../arm-none-eabi/lib/thumb/v6-m/nofp/libg.a(lib_a-sscanf.o)
                              CMakeFiles/org2-top-slot-breakout.dir/org2-top-slot-breakout.c.obj (sscanf)
/usr/lib/gcc/arm-none-eabi/9.2.1/../../../arm-none-eabi/lib/thumb/v6-m/nofp/libg.a(lib_a-stdio.o)
                              /usr/lib/gcc/arm-none-eabi/9.2.1/../../../arm-none-eabi/lib/thumb/v6-m/nofp/libg.a(lib_a-findfp.o) (__sread)
/usr/lib/gcc/arm-none-eabi/9.2.1/../../../arm-none-eabi/lib/thumb/v6-m/nofp/libg.a(lib_a-strchr.o)
[...]
Memory Configuration

Name             Origin             Length             Attributes
FLASH            0x0000000010000000 0x0000000000200000 xr
RAM              0x0000000020000000 0x0000000000040000 xrw
SCRATCH_X        0x0000000020040000 0x0000000000001000 xrw
SCRATCH_Y        0x0000000020041000 0x0000000000001000 xrw
*default*        0x0000000000000000 0xffffffffffffffff

Linker script and memory map

LOAD /usr/lib/gcc/arm-none-eabi/9.2.1/thumb/v6-m/nofp/crti.o
LOAD /usr/lib/gcc/arm-none-eabi/9.2.1/thumb/v6-m/nofp/crtbegin.o
LOAD /usr/lib/gcc/arm-none-eabi/9.2.1/../../../arm-none-eabi/lib/thumb/v6-m/nofp/crt0.o

.flash_begin    0x0000000010000000        0x0
                0x0000000010000000                __flash_binary_start = .

.boot2          0x0000000010000000      0x100
                0x0000000010000000                __boot2_start__ = .
 *(.boot2)
 .boot2         0x0000000010000000      0x100 /tmp/cciCDX7j.o
                0x0000000010000100                __boot2_end__ = .
                0x0000000000000001                ASSERT (((__boot2_end__ - __boot2_start__) == 0x100), ERROR: Pico second stage bootloader must be 256 bytes in size)

.text           0x0000000010000100    0x14610
                0x0000000010000100                __logical_binary_start = .
 *(.vectors)
 .vectors       0x0000000010000100       0xd4 CMakeFiles/org2-top-slot-breakout.dir/tree/downloaded_tools/pico/pico-sdk/src/rp2_common/pico_standard_link/crt0.S.obj
                0x0000000010000100                __vectors
                0x0000000010000100                __VECTOR_TABLE
                0x00000000100001c0                isr_invalid
                0x00000000100001c0                __default_isrs_start
                0x00000000100001c2                isr_nmi
                0x00000000100001c4                isr_hardfault
                0x00000000100001c6                isr_svcall
                0x00000000100001c8                isr_pendsv
                0x00000000100001ca                isr_systick
                0x00000000100001cc                isr_irq30
                0x00000000100001cc                __unhandled_user_irq
                0x00000000100001cc                isr_irq13
                0x00000000100001cc                isr_irq27
                0x00000000100001cc                isr_irq31
                0x00000000100001cc                isr_irq5
                0x00000000100001cc                isr_irq11
                0x00000000100001cc                isr_irq23
                0x00000000100001cc                isr_irq18
                0x00000000100001cc                isr_irq28
                0x00000000100001cc                isr_irq19
                0x00000000100001cc                isr_irq0
                0x00000000100001cc                isr_irq6
                0x00000000100001cc                isr_irq22
                0x00000000100001cc                isr_irq17
                0x00000000100001cc                isr_irq14
                0x00000000100001cc                isr_irq2
                0x00000000100001cc                isr_irq10
                0x00000000100001cc                isr_irq8
                0x00000000100001cc                isr_irq24
                0x00000000100001cc                isr_irq1
                0x00000000100001cc                isr_irq7
                0x00000000100001cc                isr_irq21
                0x00000000100001cc                isr_irq20
                0x00000000100001cc                isr_irq15
                0x00000000100001cc                isr_irq25
                0x00000000100001cc                isr_irq4
                0x00000000100001cc                isr_irq16
                0x00000000100001cc                isr_irq29
                0x00000000100001cc                isr_irq26
                0x00000000100001cc                __default_isrs_end
                0x00000000100001cc                isr_irq3
                0x00000000100001cc                isr_irq12
                0x00000000100001cc                isr_irq9
                0x00000000100001d2                unhandled_user_irq_num_in_r0
 *(.binary_info_header)
 .binary_info_header
                0x00000000100001d4       0x14 CMakeFiles/org2-top-slot-breakout.dir/tree/downloaded_tools/pico/pico-sdk/src/rp2_common/pico_standard_link/crt0.S.obj
                0x00000000100001e8                __binary_info_header_end = .
 *(.reset)
 .reset         0x00000000100001e8       0xa8 CMakeFiles/org2-top-slot-breakout.dir/tree/downloaded_tools/pico/pico-sdk/src/rp2_common/pico_standard_link/crt0.S.obj
                0x00000000100001e8                _entry_point
                0x0000000010000266                __get_current_exception
 .reset         0x0000000010000290       0x30 CMakeFiles/org2-top-slot-breakout.dir/tree/downloaded_tools/pico/pico-sdk/src/rp2_common/pico_standard_link/binary_info.c.obj
 *(.init)
 .init          0x00000000100002c0        0x4 /usr/lib/gcc/arm-none-eabi/9.2.1/thumb/v6-m/nofp/crti.o
                0x00000000100002c0                _init
 *(EXCLUDE_FILE(*libm.a: *libc.a:*lib_a-mem*.o *libgcc.a:) .text*)
 .text          0x00000000100002c4       0x98 /usr/lib/gcc/arm-none-eabi/9.2.1/thumb/v6-m/nofp/crtbegin.o
 .text.button_select_file
                0x000000001000035c        0x2 CMakeFiles/org2-top-slot-breakout.dir/org2-top-slot-breakout.c.obj
                0x000000001000035c                button_select_file
 .text.button_display
                0x000000001000035e        0x2 CMakeFiles/org2-top-slot-breakout.dir/org2-top-slot-breakout.c.obj
                0x000000001000035e                button_display
 .text.button_exit
                0x0000000010000360        0xc CMakeFiles/org2-top-slot-breakout.dir/org2-top-slot-breakout.c.obj
                0x0000000010000360                button_exit
 .text.but_ev_null
                0x000000001000036c        0x2 CMakeFiles/org2-top-slot-breakout.dir/org2-top-slot-breakout.c.obj
                0x000000001000036c                but_ev_null
 *fill*         0x000000001000036e        0x2 
 .text.handle_address
                0x0000000010000370      0x4bc CMakeFiles/org2-top-slot-breakout.dir/org2-top-slot-breakout.c.obj
                0x0000000010000370                handle_address
 .text.loop_delay
                0x000000001000082c       0x2a CMakeFiles/org2-top-slot-breakout.dir/org2-top-slot-breakout.c.obj
                0x000000001000082c                loop_delay
 .text.i2c_release
                0x0000000010000856       0x16 CMakeFiles/org2-top-slot-breakout.dir/org2-top-slot-breakout.c.obj
                0x0000000010000856                i2c_release
 .text.i2c_delay
                0x000000001000086c        0xc CMakeFiles/org2-top-slot-breakout.dir/org2-top-slot-breakout.c.obj
                0x000000001000086c                i2c_delay
 .text.i2c_sda_low
                0x0000000010000878        0xe CMakeFiles/org2-top-slot-breakout.dir/org2-top-slot-breakout.c.obj
                0x0000000010000878                i2c_sda_low
 .text.i2c_sda_high
                0x0000000010000886        0xc CMakeFiles/org2-top-slot-breakout.dir/org2-top-slot-breakout.c.obj
                0x0000000010000886                i2c_sda_high
 .text.i2c_scl_low
                0x0000000010000892        0xe CMakeFiles/org2-top-slot-breakout.dir/org2-top-slot-breakout.c.obj
                0x0000000010000892                i2c_scl_low
 .text.i2c_scl_high
                0x00000000100008a0        0xc CMakeFiles/org2-top-slot-breakout.dir/org2-top-slot-breakout.c.obj
                0x00000000100008a0                i2c_scl_high
 .text.i2c_read_sda
                0x00000000100008ac        0xe CMakeFiles/org2-top-slot-breakout.dir/org2-top-slot-breakout.c.obj
                0x00000000100008ac                i2c_read_sda
 .text.i2c_start
                0x00000000100008ba       0x1c CMakeFiles/org2-top-slot-breakout.dir/org2-top-slot-breakout.c.obj
                0x00000000100008ba                i2c_start
 .text.i2c_stop
                0x00000000100008d6       0x1c CMakeFiles/org2-top-slot-breakout.dir/org2-top-slot-breakout.c.obj
                0x00000000100008d6                i2c_stop
 .text.i2c_send_byte
                0x00000000100008f2       0x7e CMakeFiles/org2-top-slot-breakout.dir/org2-top-slot-breakout.c.obj
                0x00000000100008f2                i2c_send_byte
 .text.i2c_init
                0x0000000010000970       0x10 CMakeFiles/org2-top-slot-breakout.dir/org2-top-slot-breakout.c.obj
                0x0000000010000970                i2c_init
 .text.oled_send_cmd
                0x0000000010000980       0x70 CMakeFiles/org2-top-slot-breakout.dir/org2-top-slot-breakout.c.obj
                0x0000000010000980                oled_send_cmd
 .text.oled_set_brightness
                0x00000000100009f0       0x2e CMakeFiles/org2-top-slot-breakout.dir/org2-top-slot-breakout.c.obj
                0x00000000100009f0                oled_set_brightness
 .text.oled_set_xy
                0x0000000010000a1e       0x54 CMakeFiles/org2-top-slot-breakout.dir/org2-top-slot-breakout.c.obj
                0x0000000010000a1e                oled_set_xy
 .text.oled_gap
                0x0000000010000a72       0x18 CMakeFiles/org2-top-slot-breakout.dir/org2-top-slot-breakout.c.obj
                0x0000000010000a72                oled_gap
 *fill*         0x0000000010000a8a        0x2 
 .text.oled_display_string
                0x0000000010000a8c       0x50 CMakeFiles/org2-top-slot-breakout.dir/org2-top-slot-breakout.c.obj
                0x0000000010000a8c                oled_display_string
 .text.oled_clear_display
                0x0000000010000adc       0x34 CMakeFiles/org2-top-slot-breakout.dir/org2-top-slot-breakout.c.obj
                0x0000000010000adc                oled_clear_display
 .text.oled_error
                0x0000000010000b10       0x30 CMakeFiles/org2-top-slot-breakout.dir/org2-top-slot-breakout.c.obj
                0x0000000010000b10                oled_error
 .text.oled_setup
                0x0000000010000b40       0x48 CMakeFiles/org2-top-slot-breakout.dir/org2-top-slot-breakout.c.obj
                0x0000000010000b40                oled_setup
 .text.mount_sd
                0x0000000010000b88       0x38 CMakeFiles/org2-top-slot-breakout.dir/org2-top-slot-breakout.c.obj
                0x0000000010000b88                mount_sd
 .text.unmount_sd
                0x0000000010000bc0       0x14 CMakeFiles/org2-top-slot-breakout.dir/org2-top-slot-breakout.c.obj
                0x0000000010000bc0                unmount_sd
 .text.menu_size
                0x0000000010000bd4       0x12 CMakeFiles/org2-top-slot-breakout.dir/org2-top-slot-breakout.c.obj
                0x0000000010000bd4                menu_size
 *fill*         0x0000000010000be6        0x2 
 .text.cd_to_pak_dir
                0x0000000010000be8       0x9c CMakeFiles/org2-top-slot-breakout.dir/org2-top-slot-breakout.c.obj
                0x0000000010000be8                cd_to_pak_dir
 .text.find_next_file_number
                0x0000000010000c84       0xf0 CMakeFiles/org2-top-slot-breakout.dir/org2-top-slot-breakout.c.obj
                0x0000000010000c84                find_next_file_number
 .text.core_read
                0x0000000010000d74      0x1c4 CMakeFiles/org2-top-slot-breakout.dir/org2-top-slot-breakout.c.obj
                0x0000000010000d74                core_read
 .text.process_config_file
                0x0000000010000f38      0x1dc CMakeFiles/org2-top-slot-breakout.dir/org2-top-slot-breakout.c.obj
                0x0000000010000f38                process_config_file
 .text.core_writefile
                0x0000000010001114      0x118 CMakeFiles/org2-top-slot-breakout.dir/org2-top-slot-breakout.c.obj
                0x0000000010001114                core_writefile
 .text.draw_menu
                0x000000001000122c       0xd0 CMakeFiles/org2-top-slot-breakout.dir/org2-top-slot-breakout.c.obj
                0x000000001000122c                draw_menu
 .text.button_list
                0x00000000100012fc      0x1c0 CMakeFiles/org2-top-slot-breakout.dir/org2-top-slot-breakout.c.obj
                0x00000000100012fc                button_list
 .text.to_home_menu
                0x00000000100014bc       0x34 CMakeFiles/org2-top-slot-breakout.dir/org2-top-slot-breakout.c.obj
                0x00000000100014bc                to_home_menu
 .text.but_ev_file_select
                0x00000000100014f0       0xd0 CMakeFiles/org2-top-slot-breakout.dir/org2-top-slot-breakout.c.obj
                0x00000000100014f0                but_ev_file_select
 .text.button_clear
                0x00000000100015c0       0x24 CMakeFiles/org2-top-slot-breakout.dir/org2-top-slot-breakout.c.obj
                0x00000000100015c0                button_clear
 .text.button_write
                0x00000000100015e4       0x28 CMakeFiles/org2-top-slot-breakout.dir/org2-top-slot-breakout.c.obj
                0x00000000100015e4                button_write
 .text.but_ev_up
                0x000000001000160c       0x44 CMakeFiles/org2-top-slot-breakout.dir/org2-top-slot-breakout.c.obj
                0x000000001000160c                but_ev_up
 .text.but_ev_down
                0x0000000010001650       0x5c CMakeFiles/org2-top-slot-breakout.dir/org2-top-slot-breakout.c.obj
                0x0000000010001650                but_ev_down
 .text.button_read
                0x00000000100016ac       0x28 CMakeFiles/org2-top-slot-breakout.dir/org2-top-slot-breakout.c.obj
                0x00000000100016ac                button_read
 .text.button_blank
                0x00000000100016d4       0x6c CMakeFiles/org2-top-slot-breakout.dir/org2-top-slot-breakout.c.obj
                0x00000000100016d4                button_blank
 .text.but_ev_select
                0x0000000010001740       0x48 CMakeFiles/org2-top-slot-breakout.dir/org2-top-slot-breakout.c.obj
                0x0000000010001740                but_ev_select
 .text.init_buttons
                0x0000000010001788       0x48 CMakeFiles/org2-top-slot-breakout.dir/org2-top-slot-breakout.c.obj
                0x0000000010001788                init_buttons
 .text.update_buttons
                0x00000000100017d0       0xa8 CMakeFiles/org2-top-slot-breakout.dir/org2-top-slot-breakout.c.obj
                0x00000000100017d0                update_buttons
 .text.main     0x0000000010001878      0x9b0 CMakeFiles/org2-top-slot-breakout.dir/org2-top-slot-breakout.c.obj
                0x0000000010001878                main
 .text.gpio_set_function
                0x0000000010002228       0x30 CMakeFiles/org2-top-slot-breakout.dir/tree/downloaded_tools/pico/pico-sdk/src/rp2_common/hardware_gpio/gpio.c.obj
                0x0000000010002228                gpio_set_function
 .text.gpio_set_pulls
                0x0000000010002258       0x34 CMakeFiles/org2-top-slot-breakout.dir/tree/downloaded_tools/pico/pico-sdk/src/rp2_common/hardware_gpio/gpio.c.obj
                0x0000000010002258                gpio_set_pulls
 .text.gpio_init
                0x000000001000228c       0x16 CMakeFiles/org2-top-slot-breakout.dir/tree/downloaded_tools/pico/pico-sdk/src/rp2_common/hardware_gpio/gpio.c.obj
                0x000000001000228c                gpio_init
 *fill*         0x00000000100022a2        0x2 
 .text.hw_claim_lock
                0x00000000100022a4       0x18 CMakeFiles/org2-top-slot-breakout.dir/tree/downloaded_tools/pico/pico-sdk/src/rp2_common/hardware_claim/claim.c.obj
                0x00000000100022a4                hw_claim_lock
 .text.hw_claim_unlock
                0x00000000100022bc       0x14 CMakeFiles/org2-top-slot-breakout.dir/tree/downloaded_tools/pico/pico-sdk/src/rp2_common/hardware_claim/claim.c.obj
                0x00000000100022bc                hw_claim_unlock
 .text.hw_claim_or_assert
                0x00000000100022d0       0x32 CMakeFiles/org2-top-slot-breakout.dir/tree/downloaded_tools/pico/pico-sdk/src/rp2_common/hardware_claim/claim.c.obj
                0x00000000100022d0                hw_claim_or_assert
 .text.hw_claim_unused_from_range
                0x0000000010002302       0x50 CMakeFiles/org2-top-slot-breakout.dir/tree/downloaded_tools/pico/pico-sdk/src/rp2_common/hardware_claim/claim.c.obj
                0x0000000010002302                hw_claim_unused_from_range
 *fill*         0x0000000010002352        0x2 
 .text.running_on_fpga
                0x0000000010002354       0x14 CMakeFiles/org2-top-slot-breakout.dir/tree/downloaded_tools/pico/pico-sdk/src/rp2_common/pico_platform/platform.c.obj
                0x0000000010002354                running_on_fpga
 .text.spin_locks_reset
                0x0000000010002368       0x20 CMakeFiles/org2-top-slot-breakout.dir/tree/downloaded_tools/pico/pico-sdk/src/rp2_common/hardware_sync/sync.c.obj
                0x0000000010002368                spin_locks_reset
 .text.next_striped_spin_lock_num
                0x0000000010002388       0x1c CMakeFiles/org2-top-slot-breakout.dir/tree/downloaded_tools/pico/pico-sdk/src/rp2_common/hardware_sync/sync.c.obj
                0x0000000010002388                next_striped_spin_lock_num
 .text.spin_lock_claim_unused
                0x00000000100023a4       0x20 CMakeFiles/org2-top-slot-breakout.dir/tree/downloaded_tools/pico/pico-sdk/src/rp2_common/hardware_sync/sync.c.obj
                0x00000000100023a4                spin_lock_claim_unused
 .text.uart_set_baudrate
                0x00000000100023c4       0x5c CMakeFiles/org2-top-slot-breakout.dir/tree/downloaded_tools/pico/pico-sdk/src/rp2_common/hardware_uart/uart.c.obj
                0x00000000100023c4                uart_set_baudrate
 .text.uart_set_translate_crlf
                0x0000000010002420       0x28 CMakeFiles/org2-top-slot-breakout.dir/tree/downloaded_tools/pico/pico-sdk/src/rp2_common/hardware_uart/uart.c.obj
                0x0000000010002420                uart_set_translate_crlf
 .text.uart_init
                0x0000000010002448       0x80 CMakeFiles/org2-top-slot-breakout.dir/tree/downloaded_tools/pico/pico-sdk/src/rp2_common/hardware_uart/uart.c.obj
                0x0000000010002448                uart_init
 .text.alarm_pool_post_alloc_init
                0x00000000100024c8       0x40 CMakeFiles/org2-top-slot-breakout.dir/tree/downloaded_tools/pico/pico-sdk/src/common/pico_time/time.c.obj
 .text.sleep_until_callback
                0x0000000010002508       0x30 CMakeFiles/org2-top-slot-breakout.dir/tree/downloaded_tools/pico/pico-sdk/src/common/pico_time/time.c.obj
 .text.timer_pool_entry_comparator
                0x0000000010002538       0x7c CMakeFiles/org2-top-slot-breakout.dir/tree/downloaded_tools/pico/pico-sdk/src/common/pico_time/time.c.obj
                0x0000000010002538                timer_pool_entry_comparator
 .text.ph_add_child_node
                0x00000000100025b4       0xa4 CMakeFiles/org2-top-slot-breakout.dir/tree/downloaded_tools/pico/pico-sdk/src/common/pico_time/time.c.obj
 .text.ph_merge_nodes
                0x0000000010002658       0x3e CMakeFiles/org2-top-slot-breakout.dir/tree/downloaded_tools/pico/pico-sdk/src/common/pico_time/time.c.obj
 *fill*         0x0000000010002696        0x2 
 .text.add_alarm_under_lock
                0x0000000010002698      0x174 CMakeFiles/org2-top-slot-breakout.dir/tree/downloaded_tools/pico/pico-sdk/src/common/pico_time/time.c.obj
 .text.alarm_pool_alarm_callback
                0x000000001000280c      0x32c CMakeFiles/org2-top-slot-breakout.dir/tree/downloaded_tools/pico/pico-sdk/src/common/pico_time/time.c.obj
 .text.alarm_pool_init_default
                0x0000000010002b38       0x38 CMakeFiles/org2-top-slot-breakout.dir/tree/downloaded_tools/pico/pico-sdk/src/common/pico_time/time.c.obj
                0x0000000010002b38                alarm_pool_init_default
 .text.alarm_pool_get_default
                0x0000000010002b70       0x2c CMakeFiles/org2-top-slot-breakout.dir/tree/downloaded_tools/pico/pico-sdk/src/common/pico_time/time.c.obj
                0x0000000010002b70                alarm_pool_get_default
 .text.alarm_pool_add_alarm_at
                0x0000000010002b9c      0x170 CMakeFiles/org2-top-slot-breakout.dir/tree/downloaded_tools/pico/pico-sdk/src/common/pico_time/time.c.obj
                0x0000000010002b9c                alarm_pool_add_alarm_at
 .text.alarm_pool_cancel_alarm
                0x0000000010002d0c       0xec CMakeFiles/org2-top-slot-breakout.dir/tree/downloaded_tools/pico/pico-sdk/src/common/pico_time/time.c.obj
                0x0000000010002d0c                alarm_pool_cancel_alarm
 .text.sleep_until
                0x0000000010002df8       0xfc CMakeFiles/org2-top-slot-breakout.dir/tree/downloaded_tools/pico/pico-sdk/src/common/pico_time/time.c.obj
                0x0000000010002df8                sleep_until
 .text.sleep_us
                0x0000000010002ef4       0x58 CMakeFiles/org2-top-slot-breakout.dir/tree/downloaded_tools/pico/pico-sdk/src/common/pico_time/time.c.obj
                0x0000000010002ef4                sleep_us
 .text.best_effort_wfe_or_timeout
                0x0000000010002f4c       0x80 CMakeFiles/org2-top-slot-breakout.dir/tree/downloaded_tools/pico/pico-sdk/src/common/pico_time/time.c.obj
                0x0000000010002f4c                best_effort_wfe_or_timeout
 .text.hardware_alarm_irq_handler
                0x0000000010002fcc       0x8c CMakeFiles/org2-top-slot-breakout.dir/tree/downloaded_tools/pico/pico-sdk/src/rp2_common/hardware_timer/timer.c.obj
 .text.hardware_alarm_claim
                0x0000000010003058       0x18 CMakeFiles/org2-top-slot-breakout.dir/tree/downloaded_tools/pico/pico-sdk/src/rp2_common/hardware_timer/timer.c.obj
                0x0000000010003058                hardware_alarm_claim
 .text.time_us_64
                0x0000000010003070       0x18 CMakeFiles/org2-top-slot-breakout.dir/tree/downloaded_tools/pico/pico-sdk/src/rp2_common/hardware_timer/timer.c.obj
                0x0000000010003070                time_us_64
 .text.busy_wait_until
                0x0000000010003088       0x24 CMakeFiles/org2-top-slot-breakout.dir/tree/downloaded_tools/pico/pico-sdk/src/rp2_common/hardware_timer/timer.c.obj
                0x0000000010003088                busy_wait_until
 .text.busy_wait_us
                0x00000000100030ac       0x48 CMakeFiles/org2-top-slot-breakout.dir/tree/downloaded_tools/pico/pico-sdk/src/rp2_common/hardware_timer/timer.c.obj
                0x00000000100030ac                busy_wait_us
 .text.hardware_alarm_set_callback
                0x00000000100030f4       0x90 CMakeFiles/org2-top-slot-breakout.dir/tree/downloaded_tools/pico/pico-sdk/src/rp2_common/hardware_timer/timer.c.obj
                0x00000000100030f4                hardware_alarm_set_callback
 .text.hardware_alarm_set_target
                0x0000000010003184       0xe8 CMakeFiles/org2-top-slot-breakout.dir/tree/downloaded_tools/pico/pico-sdk/src/rp2_common/hardware_timer/timer.c.obj
                0x0000000010003184                hardware_alarm_set_target
 .text.hardware_alarm_cancel
                0x000000001000326c       0x40 CMakeFiles/org2-top-slot-breakout.dir/tree/downloaded_tools/pico/pico-sdk/src/rp2_common/hardware_timer/timer.c.obj
                0x000000001000326c                hardware_alarm_cancel
 .text.sem_init
                0x00000000100032ac       0x1e CMakeFiles/org2-top-slot-breakout.dir/tree/downloaded_tools/pico/pico-sdk/src/common/pico_sync/sem.c.obj
                0x00000000100032ac                sem_init
 *fill*         0x00000000100032ca        0x2 
 .text.lock_init
                0x00000000100032cc       0x10 CMakeFiles/org2-top-slot-breakout.dir/tree/downloaded_tools/pico/pico-sdk/src/common/pico_sync/lock_core.c.obj
                0x00000000100032cc                lock_init
 .text.mutex_init_internal
                0x00000000100032dc       0x1e CMakeFiles/org2-top-slot-breakout.dir/tree/downloaded_tools/pico/pico-sdk/src/common/pico_sync/mutex.c.obj
 .text.mutex_init
                0x00000000100032fa        0xa CMakeFiles/org2-top-slot-breakout.dir/tree/downloaded_tools/pico/pico-sdk/src/common/pico_sync/mutex.c.obj
                0x00000000100032fa                mutex_init
 .text.recursive_mutex_init
                0x0000000010003304        0xa CMakeFiles/org2-top-slot-breakout.dir/tree/downloaded_tools/pico/pico-sdk/src/common/pico_sync/mutex.c.obj
                0x0000000010003304                recursive_mutex_init
 *fill*         0x000000001000330e        0x2 
 .text.critical_section_init_with_lock_num
                0x0000000010003310       0x14 CMakeFiles/org2-top-slot-breakout.dir/tree/downloaded_tools/pico/pico-sdk/src/common/pico_sync/critical_section.c.obj
                0x0000000010003310                critical_section_init_with_lock_num
 .text.critical_section_init
                0x0000000010003324       0x14 CMakeFiles/org2-top-slot-breakout.dir/tree/downloaded_tools/pico/pico-sdk/src/common/pico_sync/critical_section.c.obj
                0x0000000010003324                critical_section_init
 .text.ph_add_child_node
                0x0000000010003338       0xa4 CMakeFiles/org2-top-slot-breakout.dir/tree/downloaded_tools/pico/pico-sdk/src/common/pico_util/pheap.c.obj
 .text.ph_merge_nodes
                0x00000000100033dc       0x3e CMakeFiles/org2-top-slot-breakout.dir/tree/downloaded_tools/pico/pico-sdk/src/common/pico_util/pheap.c.obj
 *fill*         0x000000001000341a        0x2 
 .text.ph_clear
                0x000000001000341c       0x70 CMakeFiles/org2-top-slot-breakout.dir/tree/downloaded_tools/pico/pico-sdk/src/common/pico_util/pheap.c.obj
                0x000000001000341c                ph_clear
 .text.ph_post_alloc_init
                0x000000001000348c        0xe CMakeFiles/org2-top-slot-breakout.dir/tree/downloaded_tools/pico/pico-sdk/src/common/pico_util/pheap.c.obj
                0x000000001000348c                ph_post_alloc_init
 *fill*         0x000000001000349a        0x2 
 .text.ph_merge_two_pass
                0x000000001000349c       0xa8 CMakeFiles/org2-top-slot-breakout.dir/tree/downloaded_tools/pico/pico-sdk/src/common/pico_util/pheap.c.obj
                0x000000001000349c                ph_merge_two_pass
 .text.ph_remove_any_head
                0x0000000010003544      0x108 CMakeFiles/org2-top-slot-breakout.dir/tree/downloaded_tools/pico/pico-sdk/src/common/pico_util/pheap.c.obj
 .text.ph_remove_head
                0x000000001000364c       0x14 CMakeFiles/org2-top-slot-breakout.dir/tree/downloaded_tools/pico/pico-sdk/src/common/pico_util/pheap.c.obj
                0x000000001000364c                ph_remove_head
 .text.ph_remove_and_free_node
                0x0000000010003660       0xf8 CMakeFiles/org2-top-slot-breakout.dir/tree/downloaded_tools/pico/pico-sdk/src/common/pico_util/pheap.c.obj
                0x0000000010003660                ph_remove_and_free_node
 .text.runtime_init
                0x0000000010003758       0xd8 CMakeFiles/org2-top-slot-breakout.dir/tree/downloaded_tools/pico/pico-sdk/src/rp2_common/pico_runtime/runtime.c.obj
                0x0000000010003758                runtime_init
 .text._exit    0x0000000010003830        0x4 CMakeFiles/org2-top-slot-breakout.dir/tree/downloaded_tools/pico/pico-sdk/src/rp2_common/pico_runtime/runtime.c.obj
                0x0000000010003830                _exit
 .text._sbrk    0x0000000010003834       0x38 CMakeFiles/org2-top-slot-breakout.dir/tree/downloaded_tools/pico/pico-sdk/src/rp2_common/pico_runtime/runtime.c.obj
                0x0000000010003834                _sbrk
 .text.exit     0x000000001000386c        0x6 CMakeFiles/org2-top-slot-breakout.dir/tree/downloaded_tools/pico/pico-sdk/src/rp2_common/pico_runtime/runtime.c.obj
                0x000000001000386c                exit
 *fill*         0x0000000010003872        0x2 
 .text.__assert_func
                0x0000000010003874       0x3c CMakeFiles/org2-top-slot-breakout.dir/tree/downloaded_tools/pico/pico-sdk/src/rp2_common/pico_runtime/runtime.c.obj
                0x0000000010003874                __assert_func
 .text.panic    0x00000000100038b0       0x30 CMakeFiles/org2-top-slot-breakout.dir/tree/downloaded_tools/pico/pico-sdk/src/rp2_common/pico_runtime/runtime.c.obj
                0x00000000100038b0                panic
 .text.clock_configure
                0x00000000100038e0      0x104 CMakeFiles/org2-top-slot-breakout.dir/tree/downloaded_tools/pico/pico-sdk/src/rp2_common/hardware_clocks/clocks.c.obj
                0x00000000100038e0                clock_configure
 .text.clocks_init
                0x00000000100039e4      0x100 CMakeFiles/org2-top-slot-breakout.dir/tree/downloaded_tools/pico/pico-sdk/src/rp2_common/hardware_clocks/clocks.c.obj
                0x00000000100039e4                clocks_init
 .text.clock_get_hz
                0x0000000010003ae4        0xc CMakeFiles/org2-top-slot-breakout.dir/tree/downloaded_tools/pico/pico-sdk/src/rp2_common/hardware_clocks/clocks.c.obj
                0x0000000010003ae4                clock_get_hz
 .text.set_raw_irq_handler_and_unlock
                0x0000000010003af0       0x28 CMakeFiles/org2-top-slot-breakout.dir/tree/downloaded_tools/pico/pico-sdk/src/rp2_common/hardware_irq/irq.c.obj
 .text.make_branch
                0x0000000010003b18       0x34 CMakeFiles/org2-top-slot-breakout.dir/tree/downloaded_tools/pico/pico-sdk/src/rp2_common/hardware_irq/irq.c.obj
 .text.insert_branch_and_link
                0x0000000010003b4c       0x40 CMakeFiles/org2-top-slot-breakout.dir/tree/downloaded_tools/pico/pico-sdk/src/rp2_common/hardware_irq/irq.c.obj
 .text.irq_is_enabled
                0x0000000010003b8c       0x18 CMakeFiles/org2-top-slot-breakout.dir/tree/downloaded_tools/pico/pico-sdk/src/rp2_common/hardware_irq/irq.c.obj
                0x0000000010003b8c                irq_is_enabled
 .text.irq_set_mask_enabled
                0x0000000010003ba4       0x20 CMakeFiles/org2-top-slot-breakout.dir/tree/downloaded_tools/pico/pico-sdk/src/rp2_common/hardware_irq/irq.c.obj
                0x0000000010003ba4                irq_set_mask_enabled
 .text.irq_set_enabled
                0x0000000010003bc4        0xe CMakeFiles/org2-top-slot-breakout.dir/tree/downloaded_tools/pico/pico-sdk/src/rp2_common/hardware_irq/irq.c.obj
                0x0000000010003bc4                irq_set_enabled
 *fill*         0x0000000010003bd2        0x2 
 .text.irq_set_pending
                0x0000000010003bd4       0x10 CMakeFiles/org2-top-slot-breakout.dir/tree/downloaded_tools/pico/pico-sdk/src/rp2_common/hardware_irq/irq.c.obj
                0x0000000010003bd4                irq_set_pending
 .text.irq_get_vtable_handler
                0x0000000010003be4       0x10 CMakeFiles/org2-top-slot-breakout.dir/tree/downloaded_tools/pico/pico-sdk/src/rp2_common/hardware_irq/irq.c.obj
                0x0000000010003be4                irq_get_vtable_handler
 .text.irq_set_exclusive_handler
                0x0000000010003bf4       0x54 CMakeFiles/org2-top-slot-breakout.dir/tree/downloaded_tools/pico/pico-sdk/src/rp2_common/hardware_irq/irq.c.obj
                0x0000000010003bf4                irq_set_exclusive_handler
 .text.irq_remove_handler
                0x0000000010003c48      0x1ac CMakeFiles/org2-top-slot-breakout.dir/tree/downloaded_tools/pico/pico-sdk/src/rp2_common/hardware_irq/irq.c.obj
                0x0000000010003c48                irq_remove_handler
 .text.irq_set_priority
                0x0000000010003df4       0x28 CMakeFiles/org2-top-slot-breakout.dir/tree/downloaded_tools/pico/pico-sdk/src/rp2_common/hardware_irq/irq.c.obj
                0x0000000010003df4                irq_set_priority
 .text.irq_add_tail_to_free_list
                0x0000000010003e1c       0xf0 CMakeFiles/org2-top-slot-breakout.dir/tree/downloaded_tools/pico/pico-sdk/src/rp2_common/hardware_irq/irq.c.obj
                0x0000000010003e1c                irq_add_tail_to_free_list
 .text.irq_init_priorities
                0x0000000010003f0c       0x16 CMakeFiles/org2-top-slot-breakout.dir/tree/downloaded_tools/pico/pico-sdk/src/rp2_common/hardware_irq/irq.c.obj
                0x0000000010003f0c                irq_init_priorities
 *fill*         0x0000000010003f22        0x2 
 .text.pll_init
                0x0000000010003f24      0x118 CMakeFiles/org2-top-slot-breakout.dir/tree/downloaded_tools/pico/pico-sdk/src/rp2_common/hardware_pll/pll.c.obj
                0x0000000010003f24                pll_init
 .text.watchdog_start_tick
                0x000000001000403c       0x10 CMakeFiles/org2-top-slot-breakout.dir/tree/downloaded_tools/pico/pico-sdk/src/rp2_common/hardware_watchdog/watchdog.c.obj
                0x000000001000403c                watchdog_start_tick
 .text.watchdog_update
                0x000000001000404c       0x14 CMakeFiles/org2-top-slot-breakout.dir/tree/downloaded_tools/pico/pico-sdk/src/rp2_common/hardware_watchdog/watchdog.c.obj
                0x000000001000404c                watchdog_update
 .text._watchdog_enable
                0x0000000010004060       0x70 CMakeFiles/org2-top-slot-breakout.dir/tree/downloaded_tools/pico/pico-sdk/src/rp2_common/hardware_watchdog/watchdog.c.obj
                0x0000000010004060                _watchdog_enable
 .text.watchdog_reboot
                0x00000000100040d0       0x48 CMakeFiles/org2-top-slot-breakout.dir/tree/downloaded_tools/pico/pico-sdk/src/rp2_common/hardware_watchdog/watchdog.c.obj
                0x00000000100040d0                watchdog_reboot
 .text.xosc_init
                0x0000000010004118       0x28 CMakeFiles/org2-top-slot-breakout.dir/tree/downloaded_tools/pico/pico-sdk/src/rp2_common/hardware_xosc/xosc.c.obj
                0x0000000010004118                xosc_init
 .text._out_buffer
                0x0000000010004140        0x8 CMakeFiles/org2-top-slot-breakout.dir/tree/downloaded_tools/pico/pico-sdk/src/rp2_common/pico_printf/printf.c.obj
 .text._out_null
                0x0000000010004148        0x2 CMakeFiles/org2-top-slot-breakout.dir/tree/downloaded_tools/pico/pico-sdk/src/rp2_common/pico_printf/printf.c.obj
 .text._out_fct
                0x000000001000414a        0xe CMakeFiles/org2-top-slot-breakout.dir/tree/downloaded_tools/pico/pico-sdk/src/rp2_common/pico_printf/printf.c.obj
 .text._atoi    0x0000000010004158       0x24 CMakeFiles/org2-top-slot-breakout.dir/tree/downloaded_tools/pico/pico-sdk/src/rp2_common/pico_printf/printf.c.obj
 .text._out_rev
                0x000000001000417c       0xae CMakeFiles/org2-top-slot-breakout.dir/tree/downloaded_tools/pico/pico-sdk/src/rp2_common/pico_printf/printf.c.obj
 .text._ntoa_format
                0x000000001000422a      0x110 CMakeFiles/org2-top-slot-breakout.dir/tree/downloaded_tools/pico/pico-sdk/src/rp2_common/pico_printf/printf.c.obj
 .text._ntoa_long
                0x000000001000433a       0xbc CMakeFiles/org2-top-slot-breakout.dir/tree/downloaded_tools/pico/pico-sdk/src/rp2_common/pico_printf/printf.c.obj
 .text._ntoa_long_long
                0x00000000100043f6       0xe2 CMakeFiles/org2-top-slot-breakout.dir/tree/downloaded_tools/pico/pico-sdk/src/rp2_common/pico_printf/printf.c.obj
 .text._etoa    0x00000000100044d8      0x40c CMakeFiles/org2-top-slot-breakout.dir/tree/downloaded_tools/pico/pico-sdk/src/rp2_common/pico_printf/printf.c.obj
 .text._ftoa    0x00000000100048e4      0x354 CMakeFiles/org2-top-slot-breakout.dir/tree/downloaded_tools/pico/pico-sdk/src/rp2_common/pico_printf/printf.c.obj
 .text._vsnprintf
                0x0000000010004c38      0x628 CMakeFiles/org2-top-slot-breakout.dir/tree/downloaded_tools/pico/pico-sdk/src/rp2_common/pico_printf/printf.c.obj
 .text.__wrap_sprintf
                0x0000000010005260       0x28 CMakeFiles/org2-top-slot-breakout.dir/tree/downloaded_tools/pico/pico-sdk/src/rp2_common/pico_printf/printf.c.obj
                0x0000000010005260                __wrap_sprintf
 .text.vfctprintf
                0x0000000010005288       0x20 CMakeFiles/org2-top-slot-breakout.dir/tree/downloaded_tools/pico/pico-sdk/src/rp2_common/pico_printf/printf.c.obj
                0x0000000010005288                vfctprintf
 .text          0x00000000100052a8       0x10 CMakeFiles/org2-top-slot-breakout.dir/tree/downloaded_tools/pico/pico-sdk/src/rp2_common/pico_bit_ops/bit_ops_aeabi.S.obj
 .text.rom_func_lookup
                0x00000000100052b8       0x10 CMakeFiles/org2-top-slot-breakout.dir/tree/downloaded_tools/pico/pico-sdk/src/rp2_common/pico_bootrom/bootrom.c.obj
                0x00000000100052b8                rom_func_lookup
 .text.rom_data_lookup
                0x00000000100052c8       0x10 CMakeFiles/org2-top-slot-breakout.dir/tree/downloaded_tools/pico/pico-sdk/src/rp2_common/pico_bootrom/bootrom.c.obj
                0x00000000100052c8                rom_data_lookup
 .text.rom_funcs_lookup
                0x00000000100052d8       0x36 CMakeFiles/org2-top-slot-breakout.dir/tree/downloaded_tools/pico/pico-sdk/src/rp2_common/pico_bootrom/bootrom.c.obj
                0x00000000100052d8                rom_funcs_lookup
 *fill*         0x000000001000530e        0x2 
 .text.__wrap___aeabi_idiv
                0x0000000010005310       0x50 CMakeFiles/org2-top-slot-breakout.dir/tree/downloaded_tools/pico/pico-sdk/src/rp2_common/pico_divider/divider.S.obj
                0x0000000010005310                __wrap___aeabi_idivmod
                0x0000000010005310                divmod_s32s32
                0x0000000010005310                div_s32s32
                0x0000000010005310                __wrap___aeabi_idiv
                0x0000000010005318                divmod_s32s32_unsafe
                0x0000000010005344                divmod_s32s32_savestate
 .text.__wrap___aeabi_uidiv
                0x0000000010005360       0x4c CMakeFiles/org2-top-slot-breakout.dir/tree/downloaded_tools/pico/pico-sdk/src/rp2_common/pico_divider/divider.S.obj
                0x0000000010005360                __wrap___aeabi_uidiv
                0x0000000010005360                __wrap___aeabi_uidivmod
                0x0000000010005360                div_u32u32
                0x0000000010005360                divmod_u32u32
                0x0000000010005368                divmod_u32u32_unsafe
                0x0000000010005390                divmod_u32u32_savestate
 .text.__wrap___aeabi_ldiv
                0x00000000100053ac      0x430 CMakeFiles/org2-top-slot-breakout.dir/tree/downloaded_tools/pico/pico-sdk/src/rp2_common/pico_divider/divider.S.obj
                0x00000000100053ac                div_s64s64
                0x00000000100053ac                divmod_s64s64
                0x00000000100053ac                __wrap___aeabi_ldivmod
                0x00000000100053e4                div_u64u64
                0x00000000100053e4                divmod_u64u64
                0x00000000100053e4                __wrap___aeabi_uldivmod
                0x00000000100053f4                divmod_u64u64_savestate
                0x000000001000541c                divmod_s64s64_unsafe
                0x00000000100054a4                divmod_u64u64_unsafe
 .text.__wrap___aeabi_darithmetic
                0x00000000100057dc       0x80 CMakeFiles/org2-top-slot-breakout.dir/tree/downloaded_tools/pico/pico-sdk/src/rp2_common/pico_double/double_aeabi.S.obj
                0x00000000100057dc                __wrap___aeabi_drsub
                0x00000000100057e2                __wrap___aeabi_dsub
                0x00000000100057f4                __wrap___aeabi_dadd
                0x0000000010005806                __wrap___aeabi_ddiv
                0x0000000010005842                __wrap___aeabi_dmul
 .text.__wrap___aeabi_cdcmple
                0x000000001000585c       0x6c CMakeFiles/org2-top-slot-breakout.dir/tree/downloaded_tools/pico/pico-sdk/src/rp2_common/pico_double/double_aeabi.S.obj
                0x000000001000585c                __wrap___aeabi_cdrcmple
                0x000000001000586c                __wrap___aeabi_cdcmple
                0x000000001000586c                __wrap___aeabi_cdcmpeq
 .text.__wrap___aeabi_dcmpeq
                0x00000000100058c8       0x10 CMakeFiles/org2-top-slot-breakout.dir/tree/downloaded_tools/pico/pico-sdk/src/rp2_common/pico_double/double_aeabi.S.obj
                0x00000000100058c8                __wrap___aeabi_dcmpeq
 .text.__wrap___aeabi_dcmplt
                0x00000000100058d8        0xc CMakeFiles/org2-top-slot-breakout.dir/tree/downloaded_tools/pico/pico-sdk/src/rp2_common/pico_double/double_aeabi.S.obj
                0x00000000100058d8                __wrap___aeabi_dcmplt
 .text.__wrap___aeabi_dcmple
                0x00000000100058e4       0x10 CMakeFiles/org2-top-slot-breakout.dir/tree/downloaded_tools/pico/pico-sdk/src/rp2_common/pico_double/double_aeabi.S.obj
                0x00000000100058e4                __wrap___aeabi_dcmple
 .text.__wrap___aeabi_dcmpge
                0x00000000100058f4       0x10 CMakeFiles/org2-top-slot-breakout.dir/tree/downloaded_tools/pico/pico-sdk/src/rp2_common/pico_double/double_aeabi.S.obj
                0x00000000100058f4                __wrap___aeabi_dcmpge
 .text.__wrap___aeabi_dcmpgt
                0x0000000010005904        0xa CMakeFiles/org2-top-slot-breakout.dir/tree/downloaded_tools/pico/pico-sdk/src/rp2_common/pico_double/double_aeabi.S.obj
                0x0000000010005904                __wrap___aeabi_dcmpgt
 .text.__wrap___aeabi_dcmpun
                0x000000001000590e       0x1c CMakeFiles/org2-top-slot-breakout.dir/tree/downloaded_tools/pico/pico-sdk/src/rp2_common/pico_double/double_aeabi.S.obj
                0x000000001000590e                __wrap___aeabi_dcmpun
 *fill*         0x000000001000592a        0x2 
 .text.__wrap___aeabi_i2d
                0x000000001000592c       0x38 CMakeFiles/org2-top-slot-breakout.dir/tree/downloaded_tools/pico/pico-sdk/src/rp2_common/pico_double/double_aeabi.S.obj
                0x000000001000592c                __wrap___aeabi_ui2d
                0x0000000010005934                __wrap___aeabi_i2d
 .text.__wrap___aeabi_d2iz
                0x0000000010005964       0x48 CMakeFiles/org2-top-slot-breakout.dir/tree/downloaded_tools/pico/pico-sdk/src/rp2_common/pico_double/double_aeabi.S.obj
                0x0000000010005964                __wrap___aeabi_d2iz
                0x0000000010005964                double2int_z
 .text.__wrap___aeabi_d2uiz
                0x00000000100059ac       0x18 CMakeFiles/org2-top-slot-breakout.dir/tree/downloaded_tools/pico/pico-sdk/src/rp2_common/pico_double/double_aeabi.S.obj
                0x00000000100059ac                double2uint
                0x00000000100059ac                __wrap___aeabi_d2uiz
 .text.__wrap___aeabi_l2d
                0x00000000100059c4       0x18 CMakeFiles/org2-top-slot-breakout.dir/tree/downloaded_tools/pico/pico-sdk/src/rp2_common/pico_double/double_aeabi.S.obj
                0x00000000100059c4                __wrap___aeabi_l2d
 .text.__wrap___aeabi_d2lz
                0x00000000100059dc       0x26 CMakeFiles/org2-top-slot-breakout.dir/tree/downloaded_tools/pico/pico-sdk/src/rp2_common/pico_double/double_aeabi.S.obj
                0x00000000100059dc                __wrap___aeabi_d2lz
                0x00000000100059dc                double2int64_z
 *fill*         0x0000000010005a02        0x2 
 .text.double2int64
                0x0000000010005a04       0x18 CMakeFiles/org2-top-slot-breakout.dir/tree/downloaded_tools/pico/pico-sdk/src/rp2_common/pico_double/double_aeabi.S.obj
                0x0000000010005a04                double2int64
 .text.double2ufix64
                0x0000000010005a1c       0x18 CMakeFiles/org2-top-slot-breakout.dir/tree/downloaded_tools/pico/pico-sdk/src/rp2_common/pico_double/double_aeabi.S.obj
                0x0000000010005a1c                double2ufix64
 .text.__wrap___aeabi_d2f
                0x0000000010005a34       0x18 CMakeFiles/org2-top-slot-breakout.dir/tree/downloaded_tools/pico/pico-sdk/src/rp2_common/pico_double/double_aeabi.S.obj
                0x0000000010005a34                __wrap___aeabi_d2f
 .text.__aeabi_double_init
                0x0000000010005a4c       0xb4 CMakeFiles/org2-top-slot-breakout.dir/tree/downloaded_tools/pico/pico-sdk/src/rp2_common/pico_double/double_init_rom.c.obj
                0x0000000010005a4c                __aeabi_double_init
 .text.double_table_shim_on_use_helper
                0x0000000010005b00       0x34 CMakeFiles/org2-top-slot-breakout.dir/tree/downloaded_tools/pico/pico-sdk/src/rp2_common/pico_double/double_v1_rom_shim.S.obj
                0x0000000010005b00                double_table_shim_on_use_helper
 .text.__wrap___aeabi_dsub
                0x0000000010005b34       0x10 CMakeFiles/org2-top-slot-breakout.dir/tree/downloaded_tools/pico/pico-sdk/src/rp2_common/pico_double/double_v1_rom_shim.S.obj
                0x0000000010005b34                drsub_shim
                0x0000000010005b3a                dsub_shim
 .text.dadd_shim
                0x0000000010005b44      0x15c CMakeFiles/org2-top-slot-breakout.dir/tree/downloaded_tools/pico/pico-sdk/src/rp2_common/pico_double/double_v1_rom_shim.S.obj
                0x0000000010005b44                dadd_shim
 .text.dmul_shim
                0x0000000010005ca0      0x15c CMakeFiles/org2-top-slot-breakout.dir/tree/downloaded_tools/pico/pico-sdk/src/rp2_common/pico_double/double_v1_rom_shim.S.obj
                0x0000000010005ca0                dmul_shim
 .text.ddiv_shim
                0x0000000010005dfc      0x1b0 CMakeFiles/org2-top-slot-breakout.dir/tree/downloaded_tools/pico/pico-sdk/src/rp2_common/pico_double/double_v1_rom_shim.S.obj
                0x0000000010005dfc                ddiv_shim
 .text.dcordic_rot_step
                0x0000000010005fac       0x7c CMakeFiles/org2-top-slot-breakout.dir/tree/downloaded_tools/pico/pico-sdk/src/rp2_common/pico_double/double_v1_rom_shim.S.obj
                0x0000000010005fac                dcordic_rot_step
 .text.double2uint_shim
                0x0000000010006028        0xe CMakeFiles/org2-top-slot-breakout.dir/tree/downloaded_tools/pico/pico-sdk/src/rp2_common/pico_double/double_v1_rom_shim.S.obj
                0x0000000010006028                double2uint_shim
                0x000000001000602a                double2ufix_shim
 .text.double2int64_shim
                0x0000000010006036       0x1a CMakeFiles/org2-top-slot-breakout.dir/tree/downloaded_tools/pico/pico-sdk/src/rp2_common/pico_double/double_v1_rom_shim.S.obj
                0x0000000010006036                double2int64_shim
                0x0000000010006038                double2fix64_shim
 .text.double2uint64_shim
                0x0000000010006050       0x6c CMakeFiles/org2-top-slot-breakout.dir/tree/downloaded_tools/pico/pico-sdk/src/rp2_common/pico_double/double_v1_rom_shim.S.obj
                0x0000000010006050                double2uint64_shim
                0x0000000010006052                double2ufix64_shim
                0x000000001000606c                d2fix_a
 .text.double2float_shim
                0x00000000100060bc       0x5c CMakeFiles/org2-top-slot-breakout.dir/tree/downloaded_tools/pico/pico-sdk/src/rp2_common/pico_double/double_v1_rom_shim.S.obj
                0x00000000100060bc                double2float_shim
 .text.x2double_shims
                0x0000000010006118       0x90 CMakeFiles/org2-top-slot-breakout.dir/tree/downloaded_tools/pico/pico-sdk/src/rp2_common/pico_double/double_v1_rom_shim.S.obj
                0x0000000010006118                uint2double_shim
                0x000000001000611a                ufix2double_shim
                0x0000000010006120                int2double_shim
                0x0000000010006122                fix2double_shim
                0x0000000010006128                uint642double_shim
                0x000000001000612a                ufix642double_shim
                0x0000000010006130                int642double_shim
                0x0000000010006132                fix642double_shim
 .text.dunpacks
                0x00000000100061a8       0x3c CMakeFiles/org2-top-slot-breakout.dir/tree/downloaded_tools/pico/pico-sdk/src/rp2_common/pico_double/double_v1_rom_shim.S.obj
                0x00000000100061a8                dunpacks
 .text.__aeabi_lmul
                0x00000000100061e4       0x32 CMakeFiles/org2-top-slot-breakout.dir/tree/downloaded_tools/pico/pico-sdk/src/rp2_common/pico_int64_ops/pico_int64_ops_aeabi.S.obj
                0x00000000100061e4                __wrap___aeabi_lmul
 *fill*         0x0000000010006216        0x2 
 .text.__wrap___aeabi_cfcmple
                0x0000000010006218       0x50 CMakeFiles/org2-top-slot-breakout.dir/tree/downloaded_tools/pico/pico-sdk/src/rp2_common/pico_float/float_aeabi.S.obj
                0x0000000010006218                __wrap___aeabi_cfrcmple
                0x0000000010006224                __wrap___aeabi_cfcmpeq
                0x0000000010006224                __wrap___aeabi_cfcmple
 .text.__wrap___aeabi_fcmple
                0x0000000010006268       0x10 CMakeFiles/org2-top-slot-breakout.dir/tree/downloaded_tools/pico/pico-sdk/src/rp2_common/pico_float/float_aeabi.S.obj
                0x0000000010006268                __wrap___aeabi_fcmple
 .text.__wrap___aeabi_fcmpun
                0x0000000010006278       0x18 CMakeFiles/org2-top-slot-breakout.dir/tree/downloaded_tools/pico/pico-sdk/src/rp2_common/pico_float/float_aeabi.S.obj
                0x0000000010006278                __wrap___aeabi_fcmpun
 .text.__aeabi_float_init
                0x0000000010006290       0xfc CMakeFiles/org2-top-slot-breakout.dir/tree/downloaded_tools/pico/pico-sdk/src/rp2_common/pico_float/float_init_rom.c.obj
                0x0000000010006290                __aeabi_float_init
 .text.float_table_shim_on_use_helper
                0x000000001000638c       0x34 CMakeFiles/org2-top-slot-breakout.dir/tree/downloaded_tools/pico/pico-sdk/src/rp2_common/pico_float/float_v1_rom_shim.S.obj
                0x000000001000638c                float_table_shim_on_use_helper
 .text.__wrap_malloc
                0x00000000100063c0       0x3c CMakeFiles/org2-top-slot-breakout.dir/tree/downloaded_tools/pico/pico-sdk/src/rp2_common/pico_malloc/pico_malloc.c.obj
                0x00000000100063c0                __wrap_malloc
 .text.__wrap_free
                0x00000000100063fc       0x20 CMakeFiles/org2-top-slot-breakout.dir/tree/downloaded_tools/pico/pico-sdk/src/rp2_common/pico_malloc/pico_malloc.c.obj
                0x00000000100063fc                __wrap_free
 .text          0x000000001000641c       0x10 CMakeFiles/org2-top-slot-breakout.dir/tree/downloaded_tools/pico/pico-sdk/src/rp2_common/pico_mem_ops/mem_ops_aeabi.S.obj
                0x000000001000641c                __aeabi_mem_init
 .text.memset   0x000000001000642c        0xc CMakeFiles/org2-top-slot-breakout.dir/tree/downloaded_tools/pico/pico-sdk/src/rp2_common/pico_mem_ops/mem_ops_aeabi.S.obj
                0x000000001000642c                __wrap_memset
 .text.memcpy   0x0000000010006438        0xc CMakeFiles/org2-top-slot-breakout.dir/tree/downloaded_tools/pico/pico-sdk/src/rp2_common/pico_mem_ops/mem_ops_aeabi.S.obj
                0x0000000010006438                __wrap___aeabi_memcpy
                0x0000000010006438                __wrap_memcpy
 .text.stdio_out_chars_crlf
                0x0000000010006444       0x80 CMakeFiles/org2-top-slot-breakout.dir/tree/downloaded_tools/pico/pico-sdk/src/rp2_common/pico_stdio/stdio.c.obj
 .text.stdio_stack_buffer_flush
                0x00000000100064c4       0x44 CMakeFiles/org2-top-slot-breakout.dir/tree/downloaded_tools/pico/pico-sdk/src/rp2_common/pico_stdio/stdio.c.obj
 .text.stdio_buffered_printer
                0x0000000010006508       0x20 CMakeFiles/org2-top-slot-breakout.dir/tree/downloaded_tools/pico/pico-sdk/src/rp2_common/pico_stdio/stdio.c.obj
 .text.stdio_get_until
                0x0000000010006528       0x80 CMakeFiles/org2-top-slot-breakout.dir/tree/downloaded_tools/pico/pico-sdk/src/rp2_common/pico_stdio/stdio.c.obj
 .text.stdout_serialize_begin
                0x00000000100065a8       0x30 CMakeFiles/org2-top-slot-breakout.dir/tree/downloaded_tools/pico/pico-sdk/src/rp2_common/pico_stdio/stdio.c.obj
                0x00000000100065a8                stdout_serialize_begin
 .text.stdout_serialize_end
                0x00000000100065d8       0x10 CMakeFiles/org2-top-slot-breakout.dir/tree/downloaded_tools/pico/pico-sdk/src/rp2_common/pico_stdio/stdio.c.obj
                0x00000000100065d8                stdout_serialize_end
 .text.stdio_put_string
                0x00000000100065e8       0x84 CMakeFiles/org2-top-slot-breakout.dir/tree/downloaded_tools/pico/pico-sdk/src/rp2_common/pico_stdio/stdio.c.obj
 .text._read    0x000000001000666c       0x24 CMakeFiles/org2-top-slot-breakout.dir/tree/downloaded_tools/pico/pico-sdk/src/rp2_common/pico_stdio/stdio.c.obj
                0x000000001000666c                _read
 .text._write   0x0000000010006690       0x1e CMakeFiles/org2-top-slot-breakout.dir/tree/downloaded_tools/pico/pico-sdk/src/rp2_common/pico_stdio/stdio.c.obj
                0x0000000010006690                _write
 *fill*         0x00000000100066ae        0x2 
 .text.stdio_set_driver_enabled
                0x00000000100066b0       0x38 CMakeFiles/org2-top-slot-breakout.dir/tree/downloaded_tools/pico/pico-sdk/src/rp2_common/pico_stdio/stdio.c.obj
                0x00000000100066b0                stdio_set_driver_enabled
 .text.stdio_flush
                0x00000000100066e8       0x20 CMakeFiles/org2-top-slot-breakout.dir/tree/downloaded_tools/pico/pico-sdk/src/rp2_common/pico_stdio/stdio.c.obj
                0x00000000100066e8                stdio_flush
 .text.__wrap_puts
                0x0000000010006708       0x1c CMakeFiles/org2-top-slot-breakout.dir/tree/downloaded_tools/pico/pico-sdk/src/rp2_common/pico_stdio/stdio.c.obj
                0x0000000010006708                __wrap_puts
 .text.__wrap_vprintf
                0x0000000010006724       0x44 CMakeFiles/org2-top-slot-breakout.dir/tree/downloaded_tools/pico/pico-sdk/src/rp2_common/pico_stdio/stdio.c.obj
                0x0000000010006724                __wrap_vprintf
 .text.__wrap_printf
                0x0000000010006768       0x18 CMakeFiles/org2-top-slot-breakout.dir/tree/downloaded_tools/pico/pico-sdk/src/rp2_common/pico_stdio/stdio.c.obj
                0x0000000010006768                __wrap_printf
 .text.stdio_init_all
                0x0000000010006780        0xc CMakeFiles/org2-top-slot-breakout.dir/tree/downloaded_tools/pico/pico-sdk/src/rp2_common/pico_stdio/stdio.c.obj
                0x0000000010006780                stdio_init_all
 .text.stdio_uart_out_chars
                0x000000001000678c       0x74 CMakeFiles/org2-top-slot-breakout.dir/tree/downloaded_tools/pico/pico-sdk/src/rp2_common/pico_stdio_uart/stdio_uart.c.obj
 .text.stdio_uart_in_chars
                0x0000000010006800       0x54 CMakeFiles/org2-top-slot-breakout.dir/tree/downloaded_tools/pico/pico-sdk/src/rp2_common/pico_stdio_uart/stdio_uart.c.obj
                0x0000000010006800                stdio_uart_in_chars
 .text.stdio_uart_init_full
                0x0000000010006854       0x3c CMakeFiles/org2-top-slot-breakout.dir/tree/downloaded_tools/pico/pico-sdk/src/rp2_common/pico_stdio_uart/stdio_uart.c.obj
                0x0000000010006854                stdio_uart_init_full
 .text.stdio_uart_init
                0x0000000010006890       0x28 CMakeFiles/org2-top-slot-breakout.dir/tree/downloaded_tools/pico/pico-sdk/src/rp2_common/pico_stdio_uart/stdio_uart.c.obj
                0x0000000010006890                stdio_uart_init
 .text.resetd_init
                0x00000000100068b8        0x2 CMakeFiles/org2-top-slot-breakout.dir/tree/downloaded_tools/pico/pico-sdk/src/rp2_common/pico_stdio_usb/reset_interface.c.obj
 *fill*         0x00000000100068ba        0x2 
 .text.resetd_reset
                0x00000000100068bc        0xc CMakeFiles/org2-top-slot-breakout.dir/tree/downloaded_tools/pico/pico-sdk/src/rp2_common/pico_stdio_usb/reset_interface.c.obj
 .text.resetd_open
                0x00000000100068c8       0x34 CMakeFiles/org2-top-slot-breakout.dir/tree/downloaded_tools/pico/pico-sdk/src/rp2_common/pico_stdio_usb/reset_interface.c.obj
 .text.resetd_xfer_cb
                0x00000000100068fc        0x4 CMakeFiles/org2-top-slot-breakout.dir/tree/downloaded_tools/pico/pico-sdk/src/rp2_common/pico_stdio_usb/reset_interface.c.obj
 .text.resetd_control_xfer_cb
                0x0000000010006900       0x6c CMakeFiles/org2-top-slot-breakout.dir/tree/downloaded_tools/pico/pico-sdk/src/rp2_common/pico_stdio_usb/reset_interface.c.obj
 .text.usbd_app_driver_get_cb
                0x000000001000696c        0xc CMakeFiles/org2-top-slot-breakout.dir/tree/downloaded_tools/pico/pico-sdk/src/rp2_common/pico_stdio_usb/reset_interface.c.obj
                0x000000001000696c                usbd_app_driver_get_cb
 .text.tud_cdc_line_coding_cb
                0x0000000010006978       0x34 CMakeFiles/org2-top-slot-breakout.dir/tree/downloaded_tools/pico/pico-sdk/src/rp2_common/pico_stdio_usb/reset_interface.c.obj
                0x0000000010006978                tud_cdc_line_coding_cb
 .text.stdio_usb_in_chars
                0x00000000100069ac       0x70 CMakeFiles/org2-top-slot-breakout.dir/tree/downloaded_tools/pico/pico-sdk/src/rp2_common/pico_stdio_usb/stdio_usb.c.obj
                0x00000000100069ac                stdio_usb_in_chars
 .text.low_priority_worker_irq
                0x0000000010006a1c       0x20 CMakeFiles/org2-top-slot-breakout.dir/tree/downloaded_tools/pico/pico-sdk/src/rp2_common/pico_stdio_usb/stdio_usb.c.obj
 .text.stdio_usb_out_chars
                0x0000000010006a3c       0xd4 CMakeFiles/org2-top-slot-breakout.dir/tree/downloaded_tools/pico/pico-sdk/src/rp2_common/pico_stdio_usb/stdio_usb.c.obj
 .text.timer_task
                0x0000000010006b10       0x10 CMakeFiles/org2-top-slot-breakout.dir/tree/downloaded_tools/pico/pico-sdk/src/rp2_common/pico_stdio_usb/stdio_usb.c.obj
 .text.stdio_usb_init
                0x0000000010006b20       0xb8 CMakeFiles/org2-top-slot-breakout.dir/tree/downloaded_tools/pico/pico-sdk/src/rp2_common/pico_stdio_usb/stdio_usb.c.obj
                0x0000000010006b20                stdio_usb_init
 .text.tud_descriptor_device_cb
                0x0000000010006bd8        0x8 CMakeFiles/org2-top-slot-breakout.dir/tree/downloaded_tools/pico/pico-sdk/src/rp2_common/pico_stdio_usb/stdio_usb_descriptors.c.obj
                0x0000000010006bd8                tud_descriptor_device_cb
 .text.tud_descriptor_configuration_cb
                0x0000000010006be0        0x8 CMakeFiles/org2-top-slot-breakout.dir/tree/downloaded_tools/pico/pico-sdk/src/rp2_common/pico_stdio_usb/stdio_usb_descriptors.c.obj
                0x0000000010006be0                tud_descriptor_configuration_cb
 .text.tud_descriptor_string_cb
                0x0000000010006be8       0x68 CMakeFiles/org2-top-slot-breakout.dir/tree/downloaded_tools/pico/pico-sdk/src/rp2_common/pico_stdio_usb/stdio_usb_descriptors.c.obj
                0x0000000010006be8                tud_descriptor_string_cb
 .text.hw_endpoint_get_by_addr
                0x0000000010006c50       0x18 CMakeFiles/org2-top-slot-breakout.dir/tree/downloaded_tools/pico/pico-sdk/lib/tinyusb/src/portable/raspberrypi/rp2040/dcd_rp2040.c.obj
 .text.reset_ep0
                0x0000000010006c68       0x2c CMakeFiles/org2-top-slot-breakout.dir/tree/downloaded_tools/pico/pico-sdk/lib/tinyusb/src/portable/raspberrypi/rp2040/dcd_rp2040.c.obj
 .text._hw_endpoint_alloc
                0x0000000010006c94       0x80 CMakeFiles/org2-top-slot-breakout.dir/tree/downloaded_tools/pico/pico-sdk/lib/tinyusb/src/portable/raspberrypi/rp2040/dcd_rp2040.c.obj
 .text._hw_endpoint_init
                0x0000000010006d14       0xbc CMakeFiles/org2-top-slot-breakout.dir/tree/downloaded_tools/pico/pico-sdk/lib/tinyusb/src/portable/raspberrypi/rp2040/dcd_rp2040.c.obj
 .text.hw_endpoint_init
                0x0000000010006dd0       0x18 CMakeFiles/org2-top-slot-breakout.dir/tree/downloaded_tools/pico/pico-sdk/lib/tinyusb/src/portable/raspberrypi/rp2040/dcd_rp2040.c.obj
 .text.hw_handle_buff_status
                0x0000000010006de8       0xb4 CMakeFiles/org2-top-slot-breakout.dir/tree/downloaded_tools/pico/pico-sdk/lib/tinyusb/src/portable/raspberrypi/rp2040/dcd_rp2040.c.obj
 .text.dcd_rp2040_irq
                0x0000000010006e9c       0xa8 CMakeFiles/org2-top-slot-breakout.dir/tree/downloaded_tools/pico/pico-sdk/lib/tinyusb/src/portable/raspberrypi/rp2040/dcd_rp2040.c.obj
 .text.hw_endpoint_xfer
                0x0000000010006f44       0x18 CMakeFiles/org2-top-slot-breakout.dir/tree/downloaded_tools/pico/pico-sdk/lib/tinyusb/src/portable/raspberrypi/rp2040/dcd_rp2040.c.obj
 .text.ep0_0len_status
                0x0000000010006f5c       0x14 CMakeFiles/org2-top-slot-breakout.dir/tree/downloaded_tools/pico/pico-sdk/lib/tinyusb/src/portable/raspberrypi/rp2040/dcd_rp2040.c.obj
 .text._hw_endpoint_stall
                0x0000000010006f70       0x54 CMakeFiles/org2-top-slot-breakout.dir/tree/downloaded_tools/pico/pico-sdk/lib/tinyusb/src/portable/raspberrypi/rp2040/dcd_rp2040.c.obj
 .text.hw_endpoint_stall
                0x0000000010006fc4        0xc CMakeFiles/org2-top-slot-breakout.dir/tree/downloaded_tools/pico/pico-sdk/lib/tinyusb/src/portable/raspberrypi/rp2040/dcd_rp2040.c.obj
 .text._hw_endpoint_clear_stall
                0x0000000010006fd0       0x34 CMakeFiles/org2-top-slot-breakout.dir/tree/downloaded_tools/pico/pico-sdk/lib/tinyusb/src/portable/raspberrypi/rp2040/dcd_rp2040.c.obj
 .text.hw_endpoint_clear_stall
                0x0000000010007004        0xc CMakeFiles/org2-top-slot-breakout.dir/tree/downloaded_tools/pico/pico-sdk/lib/tinyusb/src/portable/raspberrypi/rp2040/dcd_rp2040.c.obj
 .text.dcd_int_enable
                0x0000000010007010       0x2c CMakeFiles/org2-top-slot-breakout.dir/tree/downloaded_tools/pico/pico-sdk/lib/tinyusb/src/portable/raspberrypi/rp2040/dcd_rp2040.c.obj
                0x0000000010007010                dcd_int_enable
 .text.dcd_set_address
                0x000000001000703c       0x28 CMakeFiles/org2-top-slot-breakout.dir/tree/downloaded_tools/pico/pico-sdk/lib/tinyusb/src/portable/raspberrypi/rp2040/dcd_rp2040.c.obj
                0x000000001000703c                dcd_set_address
 .text.dcd_connect
                0x0000000010007064       0x30 CMakeFiles/org2-top-slot-breakout.dir/tree/downloaded_tools/pico/pico-sdk/lib/tinyusb/src/portable/raspberrypi/rp2040/dcd_rp2040.c.obj
                0x0000000010007064                dcd_connect
 .text.dcd_init
                0x0000000010007094       0x84 CMakeFiles/org2-top-slot-breakout.dir/tree/downloaded_tools/pico/pico-sdk/lib/tinyusb/src/portable/raspberrypi/rp2040/dcd_rp2040.c.obj
                0x0000000010007094                dcd_init
 .text.dcd_edpt0_status_complete
                0x0000000010007118       0x40 CMakeFiles/org2-top-slot-breakout.dir/tree/downloaded_tools/pico/pico-sdk/lib/tinyusb/src/portable/raspberrypi/rp2040/dcd_rp2040.c.obj
                0x0000000010007118                dcd_edpt0_status_complete
 .text.dcd_edpt_open
                0x0000000010007158       0x40 CMakeFiles/org2-top-slot-breakout.dir/tree/downloaded_tools/pico/pico-sdk/lib/tinyusb/src/portable/raspberrypi/rp2040/dcd_rp2040.c.obj
                0x0000000010007158                dcd_edpt_open
 .text.dcd_edpt_xfer
                0x0000000010007198       0x34 CMakeFiles/org2-top-slot-breakout.dir/tree/downloaded_tools/pico/pico-sdk/lib/tinyusb/src/portable/raspberrypi/rp2040/dcd_rp2040.c.obj
                0x0000000010007198                dcd_edpt_xfer
 .text.dcd_edpt_stall
                0x00000000100071cc       0x28 CMakeFiles/org2-top-slot-breakout.dir/tree/downloaded_tools/pico/pico-sdk/lib/tinyusb/src/portable/raspberrypi/rp2040/dcd_rp2040.c.obj
                0x00000000100071cc                dcd_edpt_stall
 .text.dcd_edpt_clear_stall
                0x00000000100071f4       0x2c CMakeFiles/org2-top-slot-breakout.dir/tree/downloaded_tools/pico/pico-sdk/lib/tinyusb/src/portable/raspberrypi/rp2040/dcd_rp2040.c.obj
                0x00000000100071f4                dcd_edpt_clear_stall
 .text.rp2040_usb_init
                0x0000000010007220       0x50 CMakeFiles/org2-top-slot-breakout.dir/tree/downloaded_tools/pico/pico-sdk/lib/tinyusb/src/portable/raspberrypi/rp2040/rp2040_usb.c.obj
                0x0000000010007220                rp2040_usb_init
 .text.hw_endpoint_reset_transfer
                0x0000000010007270       0x10 CMakeFiles/org2-top-slot-breakout.dir/tree/downloaded_tools/pico/pico-sdk/lib/tinyusb/src/portable/raspberrypi/rp2040/rp2040_usb.c.obj
                0x0000000010007270                hw_endpoint_reset_transfer
 .text._hw_endpoint_buffer_control_update32
                0x0000000010007280       0x58 CMakeFiles/org2-top-slot-breakout.dir/tree/downloaded_tools/pico/pico-sdk/lib/tinyusb/src/portable/raspberrypi/rp2040/rp2040_usb.c.obj
                0x0000000010007280                _hw_endpoint_buffer_control_update32
 .text._hw_endpoint_start_next_buffer
                0x00000000100072d8       0x50 CMakeFiles/org2-top-slot-breakout.dir/tree/downloaded_tools/pico/pico-sdk/lib/tinyusb/src/portable/raspberrypi/rp2040/rp2040_usb.c.obj
                0x00000000100072d8                _hw_endpoint_start_next_buffer
 .text._hw_endpoint_xfer_start
                0x0000000010007328       0x3e CMakeFiles/org2-top-slot-breakout.dir/tree/downloaded_tools/pico/pico-sdk/lib/tinyusb/src/portable/raspberrypi/rp2040/rp2040_usb.c.obj
                0x0000000010007328                _hw_endpoint_xfer_start
 *fill*         0x0000000010007366        0x2 
 .text._hw_endpoint_xfer_sync
                0x0000000010007368       0x74 CMakeFiles/org2-top-slot-breakout.dir/tree/downloaded_tools/pico/pico-sdk/lib/tinyusb/src/portable/raspberrypi/rp2040/rp2040_usb.c.obj
                0x0000000010007368                _hw_endpoint_xfer_sync
 .text._hw_endpoint_xfer_continue
                0x00000000100073dc       0x60 CMakeFiles/org2-top-slot-breakout.dir/tree/downloaded_tools/pico/pico-sdk/lib/tinyusb/src/portable/raspberrypi/rp2040/rp2040_usb.c.obj
                0x00000000100073dc                _hw_endpoint_xfer_continue
 .text._hw_endpoint_xfer
                0x000000001000743c       0x34 CMakeFiles/org2-top-slot-breakout.dir/tree/downloaded_tools/pico/pico-sdk/lib/tinyusb/src/portable/raspberrypi/rp2040/rp2040_usb.c.obj
                0x000000001000743c                _hw_endpoint_xfer
 .text.mark_interface_endpoint
                0x0000000010007470       0x2a CMakeFiles/org2-top-slot-breakout.dir/tree/downloaded_tools/pico/pico-sdk/lib/tinyusb/src/device/usbd.c.obj
 *fill*         0x000000001000749a        0x2 
 .text.usbd_reset
                0x000000001000749c       0x88 CMakeFiles/org2-top-slot-breakout.dir/tree/downloaded_tools/pico/pico-sdk/lib/tinyusb/src/device/usbd.c.obj
 .text.invoke_class_control
                0x0000000010007524       0x1a CMakeFiles/org2-top-slot-breakout.dir/tree/downloaded_tools/pico/pico-sdk/lib/tinyusb/src/device/usbd.c.obj
 *fill*         0x000000001000753e        0x2 
 .text.process_set_config
                0x0000000010007540      0x1d0 CMakeFiles/org2-top-slot-breakout.dir/tree/downloaded_tools/pico/pico-sdk/lib/tinyusb/src/device/usbd.c.obj
 .text.process_get_descriptor
                0x0000000010007710       0xf8 CMakeFiles/org2-top-slot-breakout.dir/tree/downloaded_tools/pico/pico-sdk/lib/tinyusb/src/device/usbd.c.obj
 .text.tud_mounted
                0x0000000010007808       0x10 CMakeFiles/org2-top-slot-breakout.dir/tree/downloaded_tools/pico/pico-sdk/lib/tinyusb/src/device/usbd.c.obj
                0x0000000010007808                tud_mounted
 .text.tud_suspended
                0x0000000010007818       0x10 CMakeFiles/org2-top-slot-breakout.dir/tree/downloaded_tools/pico/pico-sdk/lib/tinyusb/src/device/usbd.c.obj
                0x0000000010007818                tud_suspended
 .text.tud_inited
                0x0000000010007828        0xc CMakeFiles/org2-top-slot-breakout.dir/tree/downloaded_tools/pico/pico-sdk/lib/tinyusb/src/device/usbd.c.obj
                0x0000000010007828                tud_inited
 .text.tud_init
                0x0000000010007834       0xcc CMakeFiles/org2-top-slot-breakout.dir/tree/downloaded_tools/pico/pico-sdk/lib/tinyusb/src/device/usbd.c.obj
                0x0000000010007834                tud_init
 .text.dcd_event_handler
                0x0000000010007900      0x174 CMakeFiles/org2-top-slot-breakout.dir/tree/downloaded_tools/pico/pico-sdk/lib/tinyusb/src/device/usbd.c.obj
                0x0000000010007900                dcd_event_handler
 .text.dcd_event_bus_signal
                0x0000000010007a74       0x26 CMakeFiles/org2-top-slot-breakout.dir/tree/downloaded_tools/pico/pico-sdk/lib/tinyusb/src/device/usbd.c.obj
                0x0000000010007a74                dcd_event_bus_signal
 .text.dcd_event_bus_reset
                0x0000000010007a9a       0x2a CMakeFiles/org2-top-slot-breakout.dir/tree/downloaded_tools/pico/pico-sdk/lib/tinyusb/src/device/usbd.c.obj
                0x0000000010007a9a                dcd_event_bus_reset
 .text.dcd_event_setup_received
                0x0000000010007ac4       0x34 CMakeFiles/org2-top-slot-breakout.dir/tree/downloaded_tools/pico/pico-sdk/lib/tinyusb/src/device/usbd.c.obj
                0x0000000010007ac4                dcd_event_setup_received
 .text.dcd_event_xfer_complete
                0x0000000010007af8       0x44 CMakeFiles/org2-top-slot-breakout.dir/tree/downloaded_tools/pico/pico-sdk/lib/tinyusb/src/device/usbd.c.obj
                0x0000000010007af8                dcd_event_xfer_complete
 .text.usbd_edpt_open
                0x0000000010007b3c       0xe0 CMakeFiles/org2-top-slot-breakout.dir/tree/downloaded_tools/pico/pico-sdk/lib/tinyusb/src/device/usbd.c.obj
                0x0000000010007b3c                usbd_edpt_open
 .text.usbd_open_edpt_pair
                0x0000000010007c1c       0x8c CMakeFiles/org2-top-slot-breakout.dir/tree/downloaded_tools/pico/pico-sdk/lib/tinyusb/src/device/usbd.c.obj
                0x0000000010007c1c                usbd_open_edpt_pair
 .text.usbd_edpt_claim
                0x0000000010007ca8       0x8c CMakeFiles/org2-top-slot-breakout.dir/tree/downloaded_tools/pico/pico-sdk/lib/tinyusb/src/device/usbd.c.obj
                0x0000000010007ca8                usbd_edpt_claim
 .text.usbd_edpt_release
                0x0000000010007d34       0x68 CMakeFiles/org2-top-slot-breakout.dir/tree/downloaded_tools/pico/pico-sdk/lib/tinyusb/src/device/usbd.c.obj
                0x0000000010007d34                usbd_edpt_release
 .text.usbd_edpt_xfer
                0x0000000010007d9c       0x80 CMakeFiles/org2-top-slot-breakout.dir/tree/downloaded_tools/pico/pico-sdk/lib/tinyusb/src/device/usbd.c.obj
                0x0000000010007d9c                usbd_edpt_xfer
 .text.usbd_edpt_stall
                0x0000000010007e1c       0x2c CMakeFiles/org2-top-slot-breakout.dir/tree/downloaded_tools/pico/pico-sdk/lib/tinyusb/src/device/usbd.c.obj
                0x0000000010007e1c                usbd_edpt_stall
 .text.usbd_edpt_clear_stall
                0x0000000010007e48       0x2c CMakeFiles/org2-top-slot-breakout.dir/tree/downloaded_tools/pico/pico-sdk/lib/tinyusb/src/device/usbd.c.obj
                0x0000000010007e48                usbd_edpt_clear_stall
 .text.usbd_edpt_stalled
                0x0000000010007e74       0x1c CMakeFiles/org2-top-slot-breakout.dir/tree/downloaded_tools/pico/pico-sdk/lib/tinyusb/src/device/usbd.c.obj
                0x0000000010007e74                usbd_edpt_stalled
 .text.process_control_request
                0x0000000010007e90      0x380 CMakeFiles/org2-top-slot-breakout.dir/tree/downloaded_tools/pico/pico-sdk/lib/tinyusb/src/device/usbd.c.obj
 .text.tud_task
                0x0000000010008210      0x204 CMakeFiles/org2-top-slot-breakout.dir/tree/downloaded_tools/pico/pico-sdk/lib/tinyusb/src/device/usbd.c.obj
                0x0000000010008210                tud_task
 .text._data_stage_xact
                0x0000000010008414       0x58 CMakeFiles/org2-top-slot-breakout.dir/tree/downloaded_tools/pico/pico-sdk/lib/tinyusb/src/device/usbd_control.c.obj
 .text.tud_control_status
                0x000000001000846c       0x38 CMakeFiles/org2-top-slot-breakout.dir/tree/downloaded_tools/pico/pico-sdk/lib/tinyusb/src/device/usbd_control.c.obj
                0x000000001000846c                tud_control_status
 .text.tud_control_xfer
                0x00000000100084a4       0xa8 CMakeFiles/org2-top-slot-breakout.dir/tree/downloaded_tools/pico/pico-sdk/lib/tinyusb/src/device/usbd_control.c.obj
                0x00000000100084a4                tud_control_xfer
 .text.usbd_control_reset
                0x000000001000854c       0x14 CMakeFiles/org2-top-slot-breakout.dir/tree/downloaded_tools/pico/pico-sdk/lib/tinyusb/src/device/usbd_control.c.obj
                0x000000001000854c                usbd_control_reset
 .text.usbd_control_set_complete_callback
                0x0000000010008560        0xc CMakeFiles/org2-top-slot-breakout.dir/tree/downloaded_tools/pico/pico-sdk/lib/tinyusb/src/device/usbd_control.c.obj
                0x0000000010008560                usbd_control_set_complete_callback
 .text.usbd_control_set_request
                0x000000001000856c       0x1c CMakeFiles/org2-top-slot-breakout.dir/tree/downloaded_tools/pico/pico-sdk/lib/tinyusb/src/device/usbd_control.c.obj
                0x000000001000856c                usbd_control_set_request
 .text.usbd_control_xfer_cb
                0x0000000010008588       0xfc CMakeFiles/org2-top-slot-breakout.dir/tree/downloaded_tools/pico/pico-sdk/lib/tinyusb/src/device/usbd_control.c.obj
                0x0000000010008588                usbd_control_xfer_cb
 .text._prep_out_transaction
                0x0000000010008684       0x46 CMakeFiles/org2-top-slot-breakout.dir/tree/downloaded_tools/pico/pico-sdk/lib/tinyusb/src/class/cdc/cdc_device.c.obj
 *fill*         0x00000000100086ca        0x2 
 .text.tud_cdc_n_connected
                0x00000000100086cc       0x44 CMakeFiles/org2-top-slot-breakout.dir/tree/downloaded_tools/pico/pico-sdk/lib/tinyusb/src/class/cdc/cdc_device.c.obj
                0x00000000100086cc                tud_cdc_n_connected
 .text.tud_cdc_n_available
                0x0000000010008710       0x18 CMakeFiles/org2-top-slot-breakout.dir/tree/downloaded_tools/pico/pico-sdk/lib/tinyusb/src/class/cdc/cdc_device.c.obj
                0x0000000010008710                tud_cdc_n_available
 .text.tud_cdc_n_read
                0x0000000010008728       0x28 CMakeFiles/org2-top-slot-breakout.dir/tree/downloaded_tools/pico/pico-sdk/lib/tinyusb/src/class/cdc/cdc_device.c.obj
                0x0000000010008728                tud_cdc_n_read
 .text.tud_cdc_n_write_flush
                0x0000000010008750       0xcc CMakeFiles/org2-top-slot-breakout.dir/tree/downloaded_tools/pico/pico-sdk/lib/tinyusb/src/class/cdc/cdc_device.c.obj
                0x0000000010008750                tud_cdc_n_write_flush
 .text.tud_cdc_n_write
                0x000000001000881c       0x38 CMakeFiles/org2-top-slot-breakout.dir/tree/downloaded_tools/pico/pico-sdk/lib/tinyusb/src/class/cdc/cdc_device.c.obj
                0x000000001000881c                tud_cdc_n_write
 .text.tud_cdc_n_write_available
                0x0000000010008854       0x1c CMakeFiles/org2-top-slot-breakout.dir/tree/downloaded_tools/pico/pico-sdk/lib/tinyusb/src/class/cdc/cdc_device.c.obj
                0x0000000010008854                tud_cdc_n_write_available
 .text.cdcd_init
                0x0000000010008870       0xbc CMakeFiles/org2-top-slot-breakout.dir/tree/downloaded_tools/pico/pico-sdk/lib/tinyusb/src/class/cdc/cdc_device.c.obj
                0x0000000010008870                cdcd_init
 .text.cdcd_reset
                0x000000001000892c       0x44 CMakeFiles/org2-top-slot-breakout.dir/tree/downloaded_tools/pico/pico-sdk/lib/tinyusb/src/class/cdc/cdc_device.c.obj
                0x000000001000892c                cdcd_reset
 .text.cdcd_open
                0x0000000010008970      0x10c CMakeFiles/org2-top-slot-breakout.dir/tree/downloaded_tools/pico/pico-sdk/lib/tinyusb/src/class/cdc/cdc_device.c.obj
                0x0000000010008970                cdcd_open
 .text.cdcd_control_xfer_cb
                0x0000000010008a7c      0x134 CMakeFiles/org2-top-slot-breakout.dir/tree/downloaded_tools/pico/pico-sdk/lib/tinyusb/src/class/cdc/cdc_device.c.obj
                0x0000000010008a7c                cdcd_control_xfer_cb
 .text.cdcd_xfer_cb
                0x0000000010008bb0      0x144 CMakeFiles/org2-top-slot-breakout.dir/tree/downloaded_tools/pico/pico-sdk/lib/tinyusb/src/class/cdc/cdc_device.c.obj
                0x0000000010008bb0                cdcd_xfer_cb
 .text.tusb_init
                0x0000000010008cf4       0x24 CMakeFiles/org2-top-slot-breakout.dir/tree/downloaded_tools/pico/pico-sdk/lib/tinyusb/src/tusb.c.obj
                0x0000000010008cf4                tusb_init
 .text.tusb_inited
                0x0000000010008d18        0xe CMakeFiles/org2-top-slot-breakout.dir/tree/downloaded_tools/pico/pico-sdk/lib/tinyusb/src/tusb.c.obj
                0x0000000010008d18                tusb_inited
 .text.advance_pointer
                0x0000000010008d26       0x1e CMakeFiles/org2-top-slot-breakout.dir/tree/downloaded_tools/pico/pico-sdk/lib/tinyusb/src/common/tusb_fifo.c.obj
 .text.backward_pointer
                0x0000000010008d44       0x1a CMakeFiles/org2-top-slot-breakout.dir/tree/downloaded_tools/pico/pico-sdk/lib/tinyusb/src/common/tusb_fifo.c.obj
 .text.get_relative_pointer
                0x0000000010008d5e       0x10 CMakeFiles/org2-top-slot-breakout.dir/tree/downloaded_tools/pico/pico-sdk/lib/tinyusb/src/common/tusb_fifo.c.obj
 .text._tu_fifo_peek
                0x0000000010008d6e       0x50 CMakeFiles/org2-top-slot-breakout.dir/tree/downloaded_tools/pico/pico-sdk/lib/tinyusb/src/common/tusb_fifo.c.obj
 .text._ff_pull_const_addr
                0x0000000010008dbe       0x4c CMakeFiles/org2-top-slot-breakout.dir/tree/downloaded_tools/pico/pico-sdk/lib/tinyusb/src/common/tusb_fifo.c.obj
 .text._ff_pull_n
                0x0000000010008e0a      0x10c CMakeFiles/org2-top-slot-breakout.dir/tree/downloaded_tools/pico/pico-sdk/lib/tinyusb/src/common/tusb_fifo.c.obj
 .text._tu_fifo_peek_n
                0x0000000010008f16       0x5e CMakeFiles/org2-top-slot-breakout.dir/tree/downloaded_tools/pico/pico-sdk/lib/tinyusb/src/common/tusb_fifo.c.obj
 .text._tu_fifo_read_n
                0x0000000010008f74       0x4e CMakeFiles/org2-top-slot-breakout.dir/tree/downloaded_tools/pico/pico-sdk/lib/tinyusb/src/common/tusb_fifo.c.obj
 .text._ff_push_const_addr
                0x0000000010008fc2       0x40 CMakeFiles/org2-top-slot-breakout.dir/tree/downloaded_tools/pico/pico-sdk/lib/tinyusb/src/common/tusb_fifo.c.obj
 .text._ff_push_n
                0x0000000010009002      0x106 CMakeFiles/org2-top-slot-breakout.dir/tree/downloaded_tools/pico/pico-sdk/lib/tinyusb/src/common/tusb_fifo.c.obj
 .text._tu_fifo_write_n
                0x0000000010009108       0x9e CMakeFiles/org2-top-slot-breakout.dir/tree/downloaded_tools/pico/pico-sdk/lib/tinyusb/src/common/tusb_fifo.c.obj
 .text.tu_fifo_config
                0x00000000100091a6       0x72 CMakeFiles/org2-top-slot-breakout.dir/tree/downloaded_tools/pico/pico-sdk/lib/tinyusb/src/common/tusb_fifo.c.obj
                0x00000000100091a6                tu_fifo_config
 .text.tu_fifo_count
                0x0000000010009218       0x26 CMakeFiles/org2-top-slot-breakout.dir/tree/downloaded_tools/pico/pico-sdk/lib/tinyusb/src/common/tusb_fifo.c.obj
                0x0000000010009218                tu_fifo_count
 .text.tu_fifo_empty
                0x000000001000923e        0xe CMakeFiles/org2-top-slot-breakout.dir/tree/downloaded_tools/pico/pico-sdk/lib/tinyusb/src/common/tusb_fifo.c.obj
                0x000000001000923e                tu_fifo_empty
 .text.tu_fifo_remaining
                0x000000001000924c       0x20 CMakeFiles/org2-top-slot-breakout.dir/tree/downloaded_tools/pico/pico-sdk/lib/tinyusb/src/common/tusb_fifo.c.obj
                0x000000001000924c                tu_fifo_remaining
 .text.tu_fifo_read
                0x000000001000926c       0x42 CMakeFiles/org2-top-slot-breakout.dir/tree/downloaded_tools/pico/pico-sdk/lib/tinyusb/src/common/tusb_fifo.c.obj
                0x000000001000926c                tu_fifo_read
 .text.tu_fifo_read_n
                0x00000000100092ae        0xa CMakeFiles/org2-top-slot-breakout.dir/tree/downloaded_tools/pico/pico-sdk/lib/tinyusb/src/common/tusb_fifo.c.obj
                0x00000000100092ae                tu_fifo_read_n
 .text.tu_fifo_write
                0x00000000100092b8       0x6c CMakeFiles/org2-top-slot-breakout.dir/tree/downloaded_tools/pico/pico-sdk/lib/tinyusb/src/common/tusb_fifo.c.obj
                0x00000000100092b8                tu_fifo_write
 .text.tu_fifo_write_n
                0x0000000010009324        0xa CMakeFiles/org2-top-slot-breakout.dir/tree/downloaded_tools/pico/pico-sdk/lib/tinyusb/src/common/tusb_fifo.c.obj
                0x0000000010009324                tu_fifo_write_n
 .text.tu_fifo_clear
                0x000000001000932e       0x4c CMakeFiles/org2-top-slot-breakout.dir/tree/downloaded_tools/pico/pico-sdk/lib/tinyusb/src/common/tusb_fifo.c.obj
                0x000000001000932e                tu_fifo_clear
 .text.tu_fifo_set_overwritable
                0x000000001000937a       0x3c CMakeFiles/org2-top-slot-breakout.dir/tree/downloaded_tools/pico/pico-sdk/lib/tinyusb/src/common/tusb_fifo.c.obj
                0x000000001000937a                tu_fifo_set_overwritable
 *fill*         0x00000000100093b6        0x2 
 .text._retrieve_unique_id_on_boot
                0x00000000100093b8       0x10 CMakeFiles/org2-top-slot-breakout.dir/tree/downloaded_tools/pico/pico-sdk/src/rp2_common/pico_unique_id/unique_id.c.obj
 .text.pico_get_unique_board_id_string
                0x00000000100093c8       0x60 CMakeFiles/org2-top-slot-breakout.dir/tree/downloaded_tools/pico/pico-sdk/src/rp2_common/pico_unique_id/unique_id.c.obj
                0x00000000100093c8                pico_get_unique_board_id_string
 .text.flash_get_unique_id
                0x0000000010009428       0x46 CMakeFiles/org2-top-slot-breakout.dir/tree/downloaded_tools/pico/pico-sdk/src/rp2_common/hardware_flash/flash.c.obj
                0x0000000010009428                flash_get_unique_id
 *fill*         0x000000001000946e        0x2 
 .text.dma_claim_unused_channel
                0x0000000010009470       0x20 CMakeFiles/org2-top-slot-breakout.dir/tree/downloaded_tools/pico/pico-sdk/src/rp2_common/hardware_dma/dma.c.obj
                0x0000000010009470                dma_claim_unused_channel
 .text.core1_trampoline
                0x0000000010009490        0x2 CMakeFiles/org2-top-slot-breakout.dir/tree/downloaded_tools/pico/pico-sdk/src/rp2_common/pico_multicore/multicore.c.obj
 .text.core1_wrapper
                0x0000000010009492        0xc CMakeFiles/org2-top-slot-breakout.dir/tree/downloaded_tools/pico/pico-sdk/src/rp2_common/pico_multicore/multicore.c.obj
                0x0000000010009492                core1_wrapper
 .text.multicore_fifo_push_blocking
                0x000000001000949e       0x14 CMakeFiles/org2-top-slot-breakout.dir/tree/downloaded_tools/pico/pico-sdk/src/rp2_common/pico_multicore/multicore.c.obj
                0x000000001000949e                multicore_fifo_push_blocking
 .text.multicore_fifo_pop_blocking
                0x00000000100094b2       0x16 CMakeFiles/org2-top-slot-breakout.dir/tree/downloaded_tools/pico/pico-sdk/src/rp2_common/pico_multicore/multicore.c.obj
                0x00000000100094b2                multicore_fifo_pop_blocking
 .text.multicore_launch_core1_raw
                0x00000000100094c8       0x6a CMakeFiles/org2-top-slot-breakout.dir/tree/downloaded_tools/pico/pico-sdk/src/rp2_common/pico_multicore/multicore.c.obj
                0x00000000100094c8                multicore_launch_core1_raw
 *fill*         0x0000000010009532        0x2 
 .text.multicore_launch_core1_with_stack
                0x0000000010009534       0x50 CMakeFiles/org2-top-slot-breakout.dir/tree/downloaded_tools/pico/pico-sdk/src/rp2_common/pico_multicore/multicore.c.obj
                0x0000000010009534                multicore_launch_core1_with_stack
 .text.multicore_launch_core1
                0x0000000010009584       0x24 CMakeFiles/org2-top-slot-breakout.dir/tree/downloaded_tools/pico/pico-sdk/src/rp2_common/pico_multicore/multicore.c.obj
                0x0000000010009584                multicore_launch_core1
 .text.ff_memalloc
                0x00000000100095a8        0x8 CMakeFiles/org2-top-slot-breakout.dir/tree/downloaded_tools/pico/no-OS-FatFS-SD-SPI-RPi-Pico/FatFs_SPI/ff14a/source/ffsystem.c.obj
                0x00000000100095a8                ff_memalloc
 .text.ff_memfree
                0x00000000100095b0        0x8 CMakeFiles/org2-top-slot-breakout.dir/tree/downloaded_tools/pico/no-OS-FatFS-SD-SPI-RPi-Pico/FatFs_SPI/ff14a/source/ffsystem.c.obj
                0x00000000100095b0                ff_memfree
 .text.ff_uni2oem
                0x00000000100095b8       0x44 CMakeFiles/org2-top-slot-breakout.dir/tree/downloaded_tools/pico/no-OS-FatFS-SD-SPI-RPi-Pico/FatFs_SPI/ff14a/source/ffunicode.c.obj
                0x00000000100095b8                ff_uni2oem
 .text.ff_oem2uni
                0x00000000100095fc       0x30 CMakeFiles/org2-top-slot-breakout.dir/tree/downloaded_tools/pico/no-OS-FatFS-SD-SPI-RPi-Pico/FatFs_SPI/ff14a/source/ffunicode.c.obj
                0x00000000100095fc                ff_oem2uni
 .text.ff_wtoupper
                0x000000001000962c       0xb0 CMakeFiles/org2-top-slot-breakout.dir/tree/downloaded_tools/pico/no-OS-FatFS-SD-SPI-RPi-Pico/FatFs_SPI/ff14a/source/ffunicode.c.obj
                0x000000001000962c                ff_wtoupper
 .text.ld_word  0x00000000100096dc        0xa CMakeFiles/org2-top-slot-breakout.dir/tree/downloaded_tools/pico/no-OS-FatFS-SD-SPI-RPi-Pico/FatFs_SPI/ff14a/source/ff.c.obj
 .text.ld_dword
                0x00000000100096e6       0x18 CMakeFiles/org2-top-slot-breakout.dir/tree/downloaded_tools/pico/no-OS-FatFS-SD-SPI-RPi-Pico/FatFs_SPI/ff14a/source/ff.c.obj
 .text.ld_qword
                0x00000000100096fe       0x42 CMakeFiles/org2-top-slot-breakout.dir/tree/downloaded_tools/pico/no-OS-FatFS-SD-SPI-RPi-Pico/FatFs_SPI/ff14a/source/ff.c.obj
 .text.st_word  0x0000000010009740        0x8 CMakeFiles/org2-top-slot-breakout.dir/tree/downloaded_tools/pico/no-OS-FatFS-SD-SPI-RPi-Pico/FatFs_SPI/ff14a/source/ff.c.obj
 .text.st_dword
                0x0000000010009748       0x10 CMakeFiles/org2-top-slot-breakout.dir/tree/downloaded_tools/pico/no-OS-FatFS-SD-SPI-RPi-Pico/FatFs_SPI/ff14a/source/ff.c.obj
 .text.st_qword
                0x0000000010009758       0x1e CMakeFiles/org2-top-slot-breakout.dir/tree/downloaded_tools/pico/no-OS-FatFS-SD-SPI-RPi-Pico/FatFs_SPI/ff14a/source/ff.c.obj
 .text.mem_cpy  0x0000000010009776       0x16 CMakeFiles/org2-top-slot-breakout.dir/tree/downloaded_tools/pico/no-OS-FatFS-SD-SPI-RPi-Pico/FatFs_SPI/ff14a/source/ff.c.obj
 .text.mem_set  0x000000001000978c        0xc CMakeFiles/org2-top-slot-breakout.dir/tree/downloaded_tools/pico/no-OS-FatFS-SD-SPI-RPi-Pico/FatFs_SPI/ff14a/source/ff.c.obj
 .text.mem_cmp  0x0000000010009798       0x1a CMakeFiles/org2-top-slot-breakout.dir/tree/downloaded_tools/pico/no-OS-FatFS-SD-SPI-RPi-Pico/FatFs_SPI/ff14a/source/ff.c.obj
 .text.chk_chr  0x00000000100097b2       0x12 CMakeFiles/org2-top-slot-breakout.dir/tree/downloaded_tools/pico/no-OS-FatFS-SD-SPI-RPi-Pico/FatFs_SPI/ff14a/source/ff.c.obj
 .text.dbc_1st  0x00000000100097c4        0x4 CMakeFiles/org2-top-slot-breakout.dir/tree/downloaded_tools/pico/no-OS-FatFS-SD-SPI-RPi-Pico/FatFs_SPI/ff14a/source/ff.c.obj
 .text.dbc_2nd  0x00000000100097c8        0x4 CMakeFiles/org2-top-slot-breakout.dir/tree/downloaded_tools/pico/no-OS-FatFS-SD-SPI-RPi-Pico/FatFs_SPI/ff14a/source/ff.c.obj
 .text.tchar2uni
                0x00000000100097cc       0xcc CMakeFiles/org2-top-slot-breakout.dir/tree/downloaded_tools/pico/no-OS-FatFS-SD-SPI-RPi-Pico/FatFs_SPI/ff14a/source/ff.c.obj
 .text.put_utf  0x0000000010009898       0xfc CMakeFiles/org2-top-slot-breakout.dir/tree/downloaded_tools/pico/no-OS-FatFS-SD-SPI-RPi-Pico/FatFs_SPI/ff14a/source/ff.c.obj
 .text.chk_lock
                0x0000000010009994       0x78 CMakeFiles/org2-top-slot-breakout.dir/tree/downloaded_tools/pico/no-OS-FatFS-SD-SPI-RPi-Pico/FatFs_SPI/ff14a/source/ff.c.obj
 .text.enq_lock
                0x0000000010009a0c       0x20 CMakeFiles/org2-top-slot-breakout.dir/tree/downloaded_tools/pico/no-OS-FatFS-SD-SPI-RPi-Pico/FatFs_SPI/ff14a/source/ff.c.obj
 .text.inc_lock
                0x0000000010009a2c       0xa8 CMakeFiles/org2-top-slot-breakout.dir/tree/downloaded_tools/pico/no-OS-FatFS-SD-SPI-RPi-Pico/FatFs_SPI/ff14a/source/ff.c.obj
 .text.dec_lock
                0x0000000010009ad4       0x44 CMakeFiles/org2-top-slot-breakout.dir/tree/downloaded_tools/pico/no-OS-FatFS-SD-SPI-RPi-Pico/FatFs_SPI/ff14a/source/ff.c.obj
 .text.clear_lock
                0x0000000010009b18       0x24 CMakeFiles/org2-top-slot-breakout.dir/tree/downloaded_tools/pico/no-OS-FatFS-SD-SPI-RPi-Pico/FatFs_SPI/ff14a/source/ff.c.obj
 .text.clst2sect
                0x0000000010009b3c       0x28 CMakeFiles/org2-top-slot-breakout.dir/tree/downloaded_tools/pico/no-OS-FatFS-SD-SPI-RPi-Pico/FatFs_SPI/ff14a/source/ff.c.obj
 .text.clmt_clust
                0x0000000010009b64       0x30 CMakeFiles/org2-top-slot-breakout.dir/tree/downloaded_tools/pico/no-OS-FatFS-SD-SPI-RPi-Pico/FatFs_SPI/ff14a/source/ff.c.obj
 .text.ld_clust
                0x0000000010009b94       0x26 CMakeFiles/org2-top-slot-breakout.dir/tree/downloaded_tools/pico/no-OS-FatFS-SD-SPI-RPi-Pico/FatFs_SPI/ff14a/source/ff.c.obj
 .text.st_clust
                0x0000000010009bba       0x26 CMakeFiles/org2-top-slot-breakout.dir/tree/downloaded_tools/pico/no-OS-FatFS-SD-SPI-RPi-Pico/FatFs_SPI/ff14a/source/ff.c.obj
 .text.pick_lfn
                0x0000000010009be0       0x94 CMakeFiles/org2-top-slot-breakout.dir/tree/downloaded_tools/pico/no-OS-FatFS-SD-SPI-RPi-Pico/FatFs_SPI/ff14a/source/ff.c.obj
 .text.put_lfn  0x0000000010009c74       0x8c CMakeFiles/org2-top-slot-breakout.dir/tree/downloaded_tools/pico/no-OS-FatFS-SD-SPI-RPi-Pico/FatFs_SPI/ff14a/source/ff.c.obj
 .text.gen_numname
                0x0000000010009d00       0xa8 CMakeFiles/org2-top-slot-breakout.dir/tree/downloaded_tools/pico/no-OS-FatFS-SD-SPI-RPi-Pico/FatFs_SPI/ff14a/source/ff.c.obj
 .text.sum_sfn  0x0000000010009da8       0x20 CMakeFiles/org2-top-slot-breakout.dir/tree/downloaded_tools/pico/no-OS-FatFS-SD-SPI-RPi-Pico/FatFs_SPI/ff14a/source/ff.c.obj
 .text.xdir_sum
                0x0000000010009dc8       0x2e CMakeFiles/org2-top-slot-breakout.dir/tree/downloaded_tools/pico/no-OS-FatFS-SD-SPI-RPi-Pico/FatFs_SPI/ff14a/source/ff.c.obj
 .text.get_xfileinfo
                0x0000000010009df6       0xda CMakeFiles/org2-top-slot-breakout.dir/tree/downloaded_tools/pico/no-OS-FatFS-SD-SPI-RPi-Pico/FatFs_SPI/ff14a/source/ff.c.obj
 .text.init_alloc_info
                0x0000000010009ed0       0x2e CMakeFiles/org2-top-slot-breakout.dir/tree/downloaded_tools/pico/no-OS-FatFS-SD-SPI-RPi-Pico/FatFs_SPI/ff14a/source/ff.c.obj
 *fill*         0x0000000010009efe        0x2 
 .text.get_ldnumber
                0x0000000010009f00       0x5c CMakeFiles/org2-top-slot-breakout.dir/tree/downloaded_tools/pico/no-OS-FatFS-SD-SPI-RPi-Pico/FatFs_SPI/ff14a/source/ff.c.obj
 .text.crc32    0x0000000010009f5c       0x2c CMakeFiles/org2-top-slot-breakout.dir/tree/downloaded_tools/pico/no-OS-FatFS-SD-SPI-RPi-Pico/FatFs_SPI/ff14a/source/ff.c.obj
 .text.test_gpt_header
                0x0000000010009f88       0x64 CMakeFiles/org2-top-slot-breakout.dir/tree/downloaded_tools/pico/no-OS-FatFS-SD-SPI-RPi-Pico/FatFs_SPI/ff14a/source/ff.c.obj
 .text.validate
                0x0000000010009fec       0x52 CMakeFiles/org2-top-slot-breakout.dir/tree/downloaded_tools/pico/no-OS-FatFS-SD-SPI-RPi-Pico/FatFs_SPI/ff14a/source/ff.c.obj
 .text.sync_window
                0x000000001000a03e       0x70 CMakeFiles/org2-top-slot-breakout.dir/tree/downloaded_tools/pico/no-OS-FatFS-SD-SPI-RPi-Pico/FatFs_SPI/ff14a/source/ff.c.obj
 .text.move_window
                0x000000001000a0ae       0x4c CMakeFiles/org2-top-slot-breakout.dir/tree/downloaded_tools/pico/no-OS-FatFS-SD-SPI-RPi-Pico/FatFs_SPI/ff14a/source/ff.c.obj
 *fill*         0x000000001000a0fa        0x2 
 .text.check_fs
                0x000000001000a0fc       0xdc CMakeFiles/org2-top-slot-breakout.dir/tree/downloaded_tools/pico/no-OS-FatFS-SD-SPI-RPi-Pico/FatFs_SPI/ff14a/source/ff.c.obj
 .text.find_volume
                0x000000001000a1d8      0x14c CMakeFiles/org2-top-slot-breakout.dir/tree/downloaded_tools/pico/no-OS-FatFS-SD-SPI-RPi-Pico/FatFs_SPI/ff14a/source/ff.c.obj
 .text.mount_volume
                0x000000001000a324      0x544 CMakeFiles/org2-top-slot-breakout.dir/tree/downloaded_tools/pico/no-OS-FatFS-SD-SPI-RPi-Pico/FatFs_SPI/ff14a/source/ff.c.obj
 .text.find_bitmap
                0x000000001000a868       0xa6 CMakeFiles/org2-top-slot-breakout.dir/tree/downloaded_tools/pico/no-OS-FatFS-SD-SPI-RPi-Pico/FatFs_SPI/ff14a/source/ff.c.obj
 .text.change_bitmap
                0x000000001000a90e       0x96 CMakeFiles/org2-top-slot-breakout.dir/tree/downloaded_tools/pico/no-OS-FatFS-SD-SPI-RPi-Pico/FatFs_SPI/ff14a/source/ff.c.obj
 .text.put_fat  0x000000001000a9a4      0x176 CMakeFiles/org2-top-slot-breakout.dir/tree/downloaded_tools/pico/no-OS-FatFS-SD-SPI-RPi-Pico/FatFs_SPI/ff14a/source/ff.c.obj
 .text.fill_last_frag
                0x000000001000ab1a       0x32 CMakeFiles/org2-top-slot-breakout.dir/tree/downloaded_tools/pico/no-OS-FatFS-SD-SPI-RPi-Pico/FatFs_SPI/ff14a/source/ff.c.obj
 .text.fill_first_frag
                0x000000001000ab4c       0x32 CMakeFiles/org2-top-slot-breakout.dir/tree/downloaded_tools/pico/no-OS-FatFS-SD-SPI-RPi-Pico/FatFs_SPI/ff14a/source/ff.c.obj
 *fill*         0x000000001000ab7e        0x2 
 .text.get_fat  0x000000001000ab80      0x1a8 CMakeFiles/org2-top-slot-breakout.dir/tree/downloaded_tools/pico/no-OS-FatFS-SD-SPI-RPi-Pico/FatFs_SPI/ff14a/source/ff.c.obj
 .text.create_chain